Archive member included because of file (symbol)

/homes/markli/u-boot-siege-git/u-boot/gcc_depends/n32/libgcc.a(_ffssi2.o)
                              arch/mips/cpu/octeon/cvmx/libcvmx.o (__ffsdi2)
/homes/markli/u-boot-siege-git/u-boot/gcc_depends/n32/libgcc.a(_clz.o)
                              /homes/markli/u-boot-siege-git/u-boot/gcc_depends/n32/libgcc.a(_ffssi2.o) (__clz_tab)
/homes/markli/u-boot-siege-git/u-boot/gcc_depends/n32/libgcc.a(_ctzsi2.o)
                              arch/mips/cpu/octeon/cvmx/libcvmx.o (__ctzdi2)
/homes/markli/u-boot-siege-git/u-boot/gcc_depends/n32/libgcc.a(_sf_to_df.o)
                              arch/mips/cpu/octeon/cvmx/libcvmx.o (__extendsfdf2)
/homes/markli/u-boot-siege-git/u-boot/gcc_depends/n32/libgcc.a(_make_df.o)
                              /homes/markli/u-boot-siege-git/u-boot/gcc_depends/n32/libgcc.a(_sf_to_df.o) (__make_dp)
/homes/markli/u-boot-siege-git/u-boot/gcc_depends/n32/libgcc.a(_unpack_sf.o)
                              /homes/markli/u-boot-siege-git/u-boot/gcc_depends/n32/libgcc.a(_sf_to_df.o) (__unpack_f)
/homes/markli/u-boot-siege-git/u-boot/gcc_depends/n32/libgcc.a(_pack_df.o)
                              /homes/markli/u-boot-siege-git/u-boot/gcc_depends/n32/libgcc.a(_make_df.o) (__pack_d)

Allocating common symbols
Common symbol       size              file

console_buffer      0x401             common/libcommon.o
NetDNSenvvar        0x4               net/libnet.o
cvmx_bootinfo_array
                    0x48000           arch/mips/cpu/octeon/libocteon.o
CDPApplianceVLAN    0x2               net/libnet.o
NetArpWaitTry       0x4               net/libnet.o
NetArpWaitPacketMAC
                    0x4               net/libnet.o
pki_dflt_qpg        0x70              arch/mips/cpu/octeon/cvmx/libcvmx.o
NetOurEther         0x6               net/libnet.o
sata_device_desc    0x8               drivers/block/libblock.o
__cvmx_pko3_dq_table
                    0x4               arch/mips/cpu/octeon/cvmx/libcvmx.o
NetOurIP            0x4               net/libnet.o
__cvmx_qlm_jtag_xor_ref
                    0x4               arch/mips/cpu/octeon/cvmx/libcvmx.o
NetPingIP           0x4               net/libnet.o
cvmx_l2c_vrt_spinlock
                    0x4               arch/mips/cpu/octeon/cvmx/libcvmx.o
NetServerIP         0x4               net/libnet.o
packets_sent        0x4               drivers/net/libnet.o
lock                0x4               arch/mips/cpu/octeon/cvmx/libcvmx.o
cvmx_fau_register_type
                    0x800             arch/mips/cpu/octeon/cvmx/libcvmx.o
usb_started         0x1               common/libcommon.o
monitor_flash_len   0x4               arch/mips/lib/libmips.o
pki_dflt_sso_grp    0x80              arch/mips/cpu/octeon/cvmx/libcvmx.o
save_addr           0x4               common/libcommon.o
cvmx_l2c_spinlock   0x4               arch/mips/cpu/octeon/cvmx/libcvmx.o
iface_node_ops      0xb0              arch/mips/cpu/octeon/cvmx/libcvmx.o
qos_watcher         0xa0              arch/mips/cpu/octeon/cvmx/libcvmx.o
___strtok           0x4               lib/libgeneric.o
NetArpWaitTxPacketSize
                    0x4               net/libnet.o
NetRxPackets        0x10              net/libnet.o
boot_desc           0x64000           arch/mips/cpu/octeon/libocteon.o
NetArpWaitPacketIP  0x4               net/libnet.o
cd_count            0xc               common/libcommon.o
cvmx_app_id         0x8               arch/mips/cpu/octeon/cvmx/libcvmx.o
boot_cycle_adjustment
                    0x8               arch/mips/cpu/octeon/libocteon.o
BootpTry            0x4               net/libnet.o
cvmx_export_app_config
                    0x4               arch/mips/cpu/octeon/cvmx/libcvmx.o
BootFile            0x80              net/libnet.o
eth_current         0x4               net/libnet.o
NetDNSResolve       0x4               net/libnet.o
hose0               0x170             arch/mips/cpu/octeon/libocteon.o
NetServerEther      0x6               net/libnet.o
NetOurSubnetMask    0x4               net/libnet.o
NetBootFileSize     0x2               net/libnet.o
octeon_feature_map  0x80              arch/mips/cpu/octeon/cvmx/libcvmx.o
net_busy_flag       0x4               net/libnet.o
NetIPID             0x4               net/libnet.o
NetRxPacket         0x4               net/libnet.o
net_state           0x4               net/libnet.o
boot_info_block_array
                    0xe000            arch/mips/cpu/octeon/libocteon.o
images              0x1f8             common/libcommon.o
pcpu_cfg_blk        0x4               arch/mips/cpu/octeon/cvmx/libcvmx.o
uboot_prompt        0x40              common/libcommon.o
BootpID             0x4               net/libnet.o
CDPNativeVLAN       0x2               net/libnet.o
NetOurDNS2IP        0x4               net/libnet.o
NetOurGatewayIP     0x4               net/libnet.o
cvmx_cfg_port       0x79000           arch/mips/cpu/octeon/cvmx/libcvmx.o
[...]
Memory Configuration

Name             Origin             Length             Attributes
*default*        0x0000000000000000 0xffffffffffffffff

Linker script and memory map

                0x00000000c0000000                PROVIDE (__executable_start, 0xc0000000)
                0x00000000c0000074                . = (0xc0000000 + SIZEOF_HEADERS)
                0x00000000c0000074                . = ALIGN (0x4)

.text           0x00000000c0000000   0x14cdd4
 *(.text)
 .text          0x00000000c0000000     0x61e0 arch/mips/cpu/octeon/start.o
                0x00000000c0006070                nmi_exception_handler
                0x00000000c000565c                asm_launch_linux_entry_point
                0x00000000c0004940                InitTLBStart
                0x00000000c00051d4                relocate_code_octeon
                0x00000000c0005478                debugHandler_entrypoint
                0x00000000c0005180                relocate_code
                0x00000000c0005648                tlbwi_and_eret
                0x00000000c000569c                octeon_uart_write_char
                0x00000000c0005190                relocate_code_octeon_o32
                0x00000000c00056c0                octeon_uart_write_lf
                0x00000000c0005804                exception_handler_stage2
                0x00000000c0006180                bist_read_memctl_cacheerr
                0x00000000c00061d8                bist_read_memctl_cacheerr_end
                0x00000000c0005550                simple_tlb_setup
                0x00000000c00055b8                single_tlb_setup
                0x00000000c0000000                _start
                0x00000000c0000505                bootver_env_string
                0x00000000c00054c4                OcteonBreak
                0x00000000c0000500                uboot_api_ver_string
                0x00000000c0006110                revid_check_patch
                0x00000000c0005890                exception_handler_stage3
                0x00000000c0004608                asm_reset
                0x00000000c0006108                juniper_dmult
                0x00000000c00054d0                SecondaryCoreInit
                0x00000000c0005704                uart_write_string
                0x00000000c0006100                exception_handler_stage1
                0x00000000c0005358                romExcHandle
 .text          0x00000000c00061e0       0x80 /homes/markli/u-boot-siege-git/u-boot/gcc_depends/n32/libgcc.a(_ffssi2.o)
                0x00000000c00061e0                __ffsdi2
 .text          0x00000000c0006260       0x80 /homes/markli/u-boot-siege-git/u-boot/gcc_depends/n32/libgcc.a(_ctzsi2.o)
                0x00000000c0006260                __ctzdi2
 *(.text.*)
 .text.platform_set_mr
                0x00000000c00062e0       0x5c api/libapi.o
                0x00000000c00062e0                platform_set_mr
 .text.api_init
                0x00000000c000633c      0x1b0 api/libapi.o
                0x00000000c000633c                api_init
 .text.API_display_clear
                0x00000000c00064ec       0x38 api/libapi.o
 .text.API_display_draw_bitmap
                0x00000000c0006524       0x24 api/libapi.o
 .text.API_display_get_info
                0x00000000c0006548       0x1c api/libapi.o
 .text.API_env_enum
                0x00000000c0006564      0x120 api/libapi.o
 .text.API_env_set
                0x00000000c0006684       0x50 api/libapi.o
 .text.API_env_get
                0x00000000c00066d4       0x60 api/libapi.o
 .text.API_dev_write
                0x00000000c0006734       0x88 api/libapi.o
 .text.API_dev_read
                0x00000000c00067bc      0x1a4 api/libapi.o
 .text.API_dev_close
                0x00000000c0006960       0x90 api/libapi.o
 .text.API_dev_open
                0x00000000c00069f0       0x88 api/libapi.o
 .text.API_dev_enum
                0x00000000c0006a78       0xec api/libapi.o
 .text.API_get_timer
                0x00000000c0006b64       0x60 api/libapi.o
 .text.API_udelay
                0x00000000c0006bc4       0x44 api/libapi.o
 .text.API_get_sys_info
                0x00000000c0006c08       0x4c api/libapi.o
 .text.API_reset
                0x00000000c0006c54       0x50 api/libapi.o
 .text.API_puts
                0x00000000c0006ca4       0x44 api/libapi.o
 .text.API_tstc
                0x00000000c0006ce8       0x50 api/libapi.o
 .text.API_putc
                0x00000000c0006d38       0x44 api/libapi.o
 .text.API_getc
                0x00000000c0006d7c       0x50 api/libapi.o
 .text.syscall  0x00000000c0006dcc       0xd0 api/libapi.o
                0x00000000c0006dcc                syscall
 .text.display_get_info
                0x00000000c0006e9c       0x10 api/libapi.o
                0x00000000c0006e9c                display_get_info
 .text.display_draw_bitmap
                0x00000000c0006eac       0x10 api/libapi.o
                0x00000000c0006eac                display_draw_bitmap
 .text.display_clear
                0x00000000c0006ebc        0x8 api/libapi.o
                0x00000000c0006ebc                display_clear
 .text.dev_read_net
                0x00000000c0006ec4       0x1c api/libapi.o
                0x00000000c0006ec4                dev_read_net
 .text.dev_write_net
                0x00000000c0006ee0       0x1c api/libapi.o
                0x00000000c0006ee0                dev_write_net
 .text.dev_enum_net
                0x00000000c0006efc       0x5c api/libapi.o
                0x00000000c0006efc                dev_enum_net
 .text.dev_close_net
                0x00000000c0006f58       0x4c api/libapi.o
                0x00000000c0006f58                dev_close_net
 .text.dev_open_net
                0x00000000c0006fa4       0x58 api/libapi.o
                0x00000000c0006fa4                dev_open_net
 .text.dev_stor_init
                0x00000000c0006ffc       0x80 api/libapi.o
                0x00000000c0006ffc                dev_stor_init
 .text.dev_enum_reset
                0x00000000c000707c       0x38 api/libapi.o
                0x00000000c000707c                dev_enum_reset
 .text.dev_close_stor
                0x00000000c00070b4        0x8 api/libapi.o
                0x00000000c00070b4                dev_close_stor
 .text.dev_stor_is_valid
                0x00000000c00070bc       0xa8 api/libapi.o
 .text.dev_stor_type
                0x00000000c0007164       0xc0 api/libapi.o
 .text.dev_read_stor
                0x00000000c0007224      0x1a8 api/libapi.o
                0x00000000c0007224                dev_read_stor
 .text.dev_open_stor
                0x00000000c00073cc       0x6c api/libapi.o
                0x00000000c00073cc                dev_open_stor
 .text.dev_stor_get
                0x00000000c0007438      0x1c8 api/libapi.o
 .text.dev_enum_storage
                0x00000000c0007600      0x1b0 api/libapi.o
                0x00000000c0007600                dev_enum_storage
 .text.platform_sys_info
                0x00000000c00077b0       0x54 api/libapi.o
                0x00000000c00077b0                platform_sys_info
 .text.CVMX_BOOTMEM_NAMED_GET_NAME
                0x00000000c0007804       0x5c arch/mips/cpu/octeon/cvmx/libcvmx.o
 .text.CVMX_BOOTMEM_NAMED_SET_NAME
                0x00000000c0007860       0x64 arch/mips/cpu/octeon/cvmx/libcvmx.o
                0x00000000c0007860                CVMX_BOOTMEM_NAMED_SET_NAME
 .text.__cvmx_validate_mem_range
                0x00000000c00078c4       0x44 arch/mips/cpu/octeon/cvmx/libcvmx.o
 .text.cvmx_bootmem_lock
                0x00000000c0007908       0x40 arch/mips/cpu/octeon/cvmx/libcvmx.o
                0x00000000c0007908                cvmx_bootmem_lock
 .text.cvmx_bootmem_unlock
                0x00000000c0007948       0x34 arch/mips/cpu/octeon/cvmx/libcvmx.o
                0x00000000c0007948                cvmx_bootmem_unlock
 .text.__cvmx_phys_addr_to_ptr
                0x00000000c000797c       0x1c arch/mips/cpu/octeon/cvmx/libcvmx.o
                0x00000000c000797c                __cvmx_phys_addr_to_ptr
 .text.__cvmx_bootmem_internal_get_desc_ptr
                0x00000000c0007998       0x1c arch/mips/cpu/octeon/cvmx/libcvmx.o
                0x00000000c0007998                __cvmx_bootmem_internal_get_desc_ptr
 .text.__cvmx_bootmem_check_version
                0x00000000c00079b4       0x94 arch/mips/cpu/octeon/cvmx/libcvmx.o
 .text.__cvmx_bootmem_phy_free
                0x00000000c0007a48      0x2ec arch/mips/cpu/octeon/cvmx/libcvmx.o
                0x00000000c0007a48                __cvmx_bootmem_phy_free
 .text.cvmx_bootmem_phy_alloc
                0x00000000c0007d34      0x3b8 arch/mips/cpu/octeon/cvmx/libcvmx.o
                0x00000000c0007d34                cvmx_bootmem_phy_alloc
 .text.cvmx_bootmem_alloc_range
                0x00000000c00080ec       0x94 arch/mips/cpu/octeon/cvmx/libcvmx.o
                0x00000000c00080ec                cvmx_bootmem_alloc_range
 .text.cvmx_bootmem_alloc
                0x00000000c0008180       0x1c arch/mips/cpu/octeon/cvmx/libcvmx.o
                0x00000000c0008180                cvmx_bootmem_alloc
 .text.cvmx_bootmem_phy_alloc_range
                0x00000000c000819c       0x80 arch/mips/cpu/octeon/cvmx/libcvmx.o
                0x00000000c000819c                cvmx_bootmem_phy_alloc_range
 .text.cvmx_bootmem_phy_named_block_print
                0x00000000c000821c      0x1a4 arch/mips/cpu/octeon/cvmx/libcvmx.o
                0x00000000c000821c                cvmx_bootmem_phy_named_block_print
 .text.cvmx_bootmem_phy_named_block_find
                0x00000000c00083c0      0x1fc arch/mips/cpu/octeon/cvmx/libcvmx.o
                0x00000000c00083c0                cvmx_bootmem_phy_named_block_find
 .text.cvmx_bootmem_phy_named_block_alloc
                0x00000000c00085bc      0x1f0 arch/mips/cpu/octeon/cvmx/libcvmx.o
                0x00000000c00085bc                cvmx_bootmem_phy_named_block_alloc
 .text.cvmx_bootmem_phy_named_block_free
                0x00000000c00087ac      0x114 arch/mips/cpu/octeon/cvmx/libcvmx.o
                0x00000000c00087ac                cvmx_bootmem_phy_named_block_free
 .text.cvmx_bootmem_free_named
                0x00000000c00088c0       0x18 arch/mips/cpu/octeon/cvmx/libcvmx.o
                0x00000000c00088c0                cvmx_bootmem_free_named
 .text.__cvmx_bootmem_find_named_block_flags
                0x00000000c00088d8       0x98 arch/mips/cpu/octeon/cvmx/libcvmx.o
                0x00000000c00088d8                __cvmx_bootmem_find_named_block_flags
 .text.cvmx_bootmem_find_named_block
                0x00000000c0008970       0x18 arch/mips/cpu/octeon/cvmx/libcvmx.o
                0x00000000c0008970                cvmx_bootmem_find_named_block
 .text.cvmx_bootmem_alloc_named_range_once
                0x00000000c0008988      0x194 arch/mips/cpu/octeon/cvmx/libcvmx.o
                0x00000000c0008988                cvmx_bootmem_alloc_named_range_once
 .text.cvmx_bootmem_phy_list_print
                0x00000000c0008b1c      0x148 arch/mips/cpu/octeon/cvmx/libcvmx.o
                0x00000000c0008b1c                cvmx_bootmem_phy_list_print
 .text.cvmx_bootmem_reserve_memory
                0x00000000c0008c64      0x1e0 arch/mips/cpu/octeon/cvmx/libcvmx.o
                0x00000000c0008c64                cvmx_bootmem_reserve_memory
 .text.cvmx_bootmem_phy_mem_list_init
                0x00000000c0008e44      0x480 arch/mips/cpu/octeon/cvmx/libcvmx.o
                0x00000000c0008e44                cvmx_bootmem_phy_mem_list_init
 .text.cvmx_boot_vector_get
                0x00000000c00092c4      0x1c8 arch/mips/cpu/octeon/cvmx/libcvmx.o
                0x00000000c00092c4                cvmx_boot_vector_get
 .text.cvmx_clock_get_rate_node
                0x00000000c000948c       0xb8 arch/mips/cpu/octeon/cvmx/libcvmx.o
                0x00000000c000948c                cvmx_clock_get_rate_node
 .text.cvmx_clock_get_rate
                0x00000000c0009544       0x20 arch/mips/cpu/octeon/cvmx/libcvmx.o
                0x00000000c0009544                cvmx_clock_get_rate
 .text.cvmx_cmd_queue_length
                0x00000000c0009564      0x1e4 arch/mips/cpu/octeon/cvmx/libcvmx.o
                0x00000000c0009564                cvmx_cmd_queue_length
 .text.__cvmx_cmd_queue_write_raw
                0x00000000c0009748      0x354 arch/mips/cpu/octeon/cvmx/libcvmx.o
                0x00000000c0009748                __cvmx_cmd_queue_write_raw
 .text.__cvmx_cmd_queue_init_state_ptr
                0x00000000c0009a9c      0x10c arch/mips/cpu/octeon/cvmx/libcvmx.o
                0x00000000c0009a9c                __cvmx_cmd_queue_init_state_ptr
 .text.cvmx_cmd_queue_buffer
                0x00000000c0009ba8       0xd0 arch/mips/cpu/octeon/cvmx/libcvmx.o
                0x00000000c0009ba8                cvmx_cmd_queue_buffer
 .text.cvmx_cmd_queue_initialize
                0x00000000c0009c78      0x5d4 arch/mips/cpu/octeon/cvmx/libcvmx.o
                0x00000000c0009c78                cvmx_cmd_queue_initialize
 .text.cvmx_cmd_queue_shutdown
                0x00000000c000a24c      0x2c8 arch/mips/cpu/octeon/cvmx/libcvmx.o
                0x00000000c000a24c                cvmx_cmd_queue_shutdown
 .text.cvmx_pko_queue_static_config_pknd
                0x00000000c000a514       0x74 arch/mips/cpu/octeon/cvmx/libcvmx.o
                0x00000000c000a514                cvmx_pko_queue_static_config_pknd
 .text.cvmx_rgmii_config_init_from_cvmx_config
                0x00000000c000a588       0x38 arch/mips/cpu/octeon/cvmx/libcvmx.o
                0x00000000c000a588                cvmx_rgmii_config_init_from_cvmx_config
 .text.cvmx_ipd_config_init_from_cvmx_config
                0x00000000c000a5c0      0x144 arch/mips/cpu/octeon/cvmx/libcvmx.o
                0x00000000c000a5c0                cvmx_ipd_config_init_from_cvmx_config
 .text.cvmx_pko_queue_static_config_non_pknd
                0x00000000c000a704       0xa8 arch/mips/cpu/octeon/cvmx/libcvmx.o
                0x00000000c000a704                cvmx_pko_queue_static_config_non_pknd
 .text.cvmx_pko_queue_static_config
                0x00000000c000a7ac       0x88 arch/mips/cpu/octeon/cvmx/libcvmx.o
                0x00000000c000a7ac                cvmx_pko_queue_static_config
 .text.cvmx_user_static_config
                0x00000000c000a834      0x110 arch/mips/cpu/octeon/cvmx/libcvmx.o
                0x00000000c000a834                cvmx_user_static_config
 .text.cvmx_coremask_print
                0x00000000c000a944      0x228 arch/mips/cpu/octeon/cvmx/libcvmx.o
                0x00000000c000a944                cvmx_coremask_print
 .text.cvmx_coremask_str2bmp
                0x00000000c000ab6c      0x2a4 arch/mips/cpu/octeon/cvmx/libcvmx.o
                0x00000000c000ab6c                cvmx_coremask_str2bmp
 .text.cvmx_coremask_barrier_sync
                0x00000000c000ae10      0x2ac arch/mips/cpu/octeon/cvmx/libcvmx.o
                0x00000000c000ae10                cvmx_coremask_barrier_sync
 .text.cvmx_fpa3_get_pool_buf_size
                0x00000000c000b0bc       0xa8 arch/mips/cpu/octeon/cvmx/libcvmx.o
                0x00000000c000b0bc                cvmx_fpa3_get_pool_buf_size
 .text.cvmx_fpa3_aura_cfg
                0x00000000c000b164      0x5d0 arch/mips/cpu/octeon/cvmx/libcvmx.o
 .text.cvmx_fpa3_set_pool_name
                0x00000000c000b734       0xac arch/mips/cpu/octeon/cvmx/libcvmx.o
 .text.cvmx_fpa3_set_aura_name
                0x00000000c000b7e0       0xb4 arch/mips/cpu/octeon/cvmx/libcvmx.o
 .text.cvmx_fpa3_shutdown_aura
                0x00000000c000b894      0x21c arch/mips/cpu/octeon/cvmx/libcvmx.o
                0x00000000c000b894                cvmx_fpa3_shutdown_aura
 .text.cvmx_fpa3_shutdown_pool
                0x00000000c000bab0      0xa10 arch/mips/cpu/octeon/cvmx/libcvmx.o
                0x00000000c000bab0                cvmx_fpa3_shutdown_pool
 .text.cvmx_fpa3_shutdown_aura_and_pool
                0x00000000c000c4c0       0xf0 arch/mips/cpu/octeon/cvmx/libcvmx.o
                0x00000000c000c4c0                cvmx_fpa3_shutdown_aura_and_pool
 .text.cvmx_fpa3_pool_stack_init
                0x00000000c000c5b0      0x438 arch/mips/cpu/octeon/cvmx/libcvmx.o
 .text.cvmx_fpa3_pool_populate
                0x00000000c000c9e8      0x94c arch/mips/cpu/octeon/cvmx/libcvmx.o
 .text.cvmx_fpa3_setup_aura_and_pool
                0x00000000c000d334      0x2c4 arch/mips/cpu/octeon/cvmx/libcvmx.o
                0x00000000c000d334                cvmx_fpa3_setup_aura_and_pool
 .text.cvmx_fpa_global_init_node
                0x00000000c000d5f8      0x390 arch/mips/cpu/octeon/cvmx/libcvmx.o
                0x00000000c000d5f8                cvmx_fpa_global_init_node
 .text.cvmx_fpa_set_name
                0x00000000c000d988      0x208 arch/mips/cpu/octeon/cvmx/libcvmx.o
 .text.cvmx_fpa1_shutdown_pool
                0x00000000c000db90      0x1dc arch/mips/cpu/octeon/cvmx/libcvmx.o
                0x00000000c000db90                cvmx_fpa1_shutdown_pool
 .text.cvmx_fpa_shutdown_pool
                0x00000000c000dd6c      0x174 arch/mips/cpu/octeon/cvmx/libcvmx.o
                0x00000000c000dd6c                cvmx_fpa_shutdown_pool
 .text.cvmx_fpa_get_block_size
                0x00000000c000dee0      0x22c arch/mips/cpu/octeon/cvmx/libcvmx.o
                0x00000000c000dee0                cvmx_fpa_get_block_size
 .text.cvmx_fpa1_setup_pool
                0x00000000c000e10c      0x4f4 arch/mips/cpu/octeon/cvmx/libcvmx.o
                0x00000000c000e10c                cvmx_fpa1_setup_pool
 .text.cvmx_fpa3_set_aura_for_pool
                0x00000000c000e600      0x284 arch/mips/cpu/octeon/cvmx/libcvmx.o
                0x00000000c000e600                cvmx_fpa3_set_aura_for_pool
 .text.cvmx_fpa3_setup_fill_pool
                0x00000000c000e884      0x23c arch/mips/cpu/octeon/cvmx/libcvmx.o
                0x00000000c000e884                cvmx_fpa3_setup_fill_pool
 .text.cvmx_fpa_setup_pool
                0x00000000c000eac0      0x190 arch/mips/cpu/octeon/cvmx/libcvmx.o
                0x00000000c000eac0                cvmx_fpa_setup_pool
 .text.get_fpa1_resource_tag
                0x00000000c000ec50       0x44 arch/mips/cpu/octeon/cvmx/libcvmx.o
 .text.get_fpa3_aura_resource_tag
                0x00000000c000ec94       0x58 arch/mips/cpu/octeon/cvmx/libcvmx.o
 .text.get_fpa3_pool_resource_tag
                0x00000000c000ecec       0x58 arch/mips/cpu/octeon/cvmx/libcvmx.o
 .text.cvmx_fpa1_release_pool
                0x00000000c000ed44       0x60 arch/mips/cpu/octeon/cvmx/libcvmx.o
                0x00000000c000ed44                cvmx_fpa1_release_pool
 .text.cvmx_fpa3_release_aura
                0x00000000c000eda4       0xc4 arch/mips/cpu/octeon/cvmx/libcvmx.o
                0x00000000c000eda4                cvmx_fpa3_release_aura
 .text.cvmx_fpa3_release_pool
                0x00000000c000ee68      0x180 arch/mips/cpu/octeon/cvmx/libcvmx.o
                0x00000000c000ee68                cvmx_fpa3_release_pool
 .text.cvmx_fpa1_reserve_pool
                0x00000000c000efe8      0x100 arch/mips/cpu/octeon/cvmx/libcvmx.o
                0x00000000c000efe8                cvmx_fpa1_reserve_pool
 .text.cvmx_fpa3_reserve_pool
                0x00000000c000f0e8      0x1a8 arch/mips/cpu/octeon/cvmx/libcvmx.o
                0x00000000c000f0e8                cvmx_fpa3_reserve_pool
 .text.cvmx_fpa3_reserve_aura
                0x00000000c000f290      0x234 arch/mips/cpu/octeon/cvmx/libcvmx.o
                0x00000000c000f290                cvmx_fpa3_reserve_aura
 .text.cvmx_fpa_get_max_pools
                0x00000000c000f4c4       0xd8 arch/mips/cpu/octeon/cvmx/libcvmx.o
                0x00000000c000f4c4                cvmx_fpa_get_max_pools
 .text.cvmx_app_id_init
                0x00000000c000f59c        0x8 arch/mips/cpu/octeon/cvmx/libcvmx.o
                0x00000000c000f59c                cvmx_app_id_init
 .text.cvmx_allocate_app_id
                0x00000000c000f5a4       0x5c arch/mips/cpu/octeon/cvmx/libcvmx.o
                0x00000000c000f5a4                cvmx_allocate_app_id
 .text.cvmx_get_app_id
                0x00000000c000f600       0x50 arch/mips/cpu/octeon/cvmx/libcvmx.o
                0x00000000c000f600                cvmx_get_app_id
 .text.__cvmx_global_resources_init
                0x00000000c000f650       0xf8 arch/mips/cpu/octeon/cvmx/libcvmx.o
 .text.cvmx_get_global_resource
                0x00000000c000f748      0x16c arch/mips/cpu/octeon/cvmx/libcvmx.o
                0x00000000c000f748                cvmx_get_global_resource
 .text.cvmx_create_global_resource
                0x00000000c000f8b4      0x294 arch/mips/cpu/octeon/cvmx/libcvmx.o
                0x00000000c000f8b4                cvmx_create_global_resource
 .text.cvmx_create_global_resource_range
                0x00000000c000fb48      0x138 arch/mips/cpu/octeon/cvmx/libcvmx.o
                0x00000000c000fb48                cvmx_create_global_resource_range
 .text.cvmx_reserve_global_resource_range
                0x00000000c000fc80       0xd0 arch/mips/cpu/octeon/cvmx/libcvmx.o
                0x00000000c000fc80                cvmx_reserve_global_resource_range
 .text.cvmx_free_global_resource_range_with_base
                0x00000000c000fd50       0xd0 arch/mips/cpu/octeon/cvmx/libcvmx.o
                0x00000000c000fd50                cvmx_free_global_resource_range_with_base
 .text.cvmx_free_global_resource_range_multiple
                0x00000000c000fe20       0xd0 arch/mips/cpu/octeon/cvmx/libcvmx.o
                0x00000000c000fe20                cvmx_free_global_resource_range_multiple
 .text.cvmx_free_global_resource_range_with_owner
                0x00000000c000fef0       0xc0 arch/mips/cpu/octeon/cvmx/libcvmx.o
                0x00000000c000fef0                cvmx_free_global_resource_range_with_owner
 .text.free_global_resources
                0x00000000c000ffb0      0x184 arch/mips/cpu/octeon/cvmx/libcvmx.o
                0x00000000c000ffb0                free_global_resources
 .text.cvmx_allocate_global_resource_range
                0x00000000c0010134      0x130 arch/mips/cpu/octeon/cvmx/libcvmx.o
                0x00000000c0010134                cvmx_allocate_global_resource_range
 .text.cvmx_resource_alloc_reverse
                0x00000000c0010264      0x114 arch/mips/cpu/octeon/cvmx/libcvmx.o
                0x00000000c0010264                cvmx_resource_alloc_reverse
 .text.cvmx_rgmii_set_back_pressure
                0x00000000c0010378       0x18 arch/mips/cpu/octeon/cvmx/libcvmx.o
                0x00000000c0010378                cvmx_rgmii_set_back_pressure
 .text.cvmx_helper_shutdown_packet_io_local
                0x00000000c0010390        0x8 arch/mips/cpu/octeon/cvmx/libcvmx.o
                0x00000000c0010390                cvmx_helper_shutdown_packet_io_local
 .text.cvmx_helper_mem_free
                0x00000000c0010398       0x4c arch/mips/cpu/octeon/cvmx/libcvmx.o
                0x00000000c0010398                cvmx_helper_mem_free
 .text.cvmx_gmx_set_backpressure_override
                0x00000000c00103e4      0x1e4 arch/mips/cpu/octeon/cvmx/libcvmx.o
                0x00000000c00103e4                cvmx_gmx_set_backpressure_override
 .text.cvmx_helper_get_number_of_interfaces
                0x00000000c00105c8      0x130 arch/mips/cpu/octeon/cvmx/libcvmx.o
                0x00000000c00105c8                cvmx_helper_get_number_of_interfaces
 .text.__cvmx_helper_get_link_info
                0x00000000c00106f8       0xb4 arch/mips/cpu/octeon/cvmx/libcvmx.o
                0x00000000c00106f8                __cvmx_helper_get_link_info
 .text.__cvmx_helper_set_link_info
                0x00000000c00107ac       0xcc arch/mips/cpu/octeon/cvmx/libcvmx.o
                0x00000000c00107ac                __cvmx_helper_set_link_info
 .text.__cvmx_helper_shutdown_interfaces_node
                0x00000000c0010878       0x80 arch/mips/cpu/octeon/cvmx/libcvmx.o
                0x00000000c0010878                __cvmx_helper_shutdown_interfaces_node
 .text.__cvmx_helper_shutdown_interfaces
                0x00000000c00108f8       0x1c arch/mips/cpu/octeon/cvmx/libcvmx.o
                0x00000000c00108f8                __cvmx_helper_shutdown_interfaces
 .text.__cvmx_helper_get_num_ipd_ports
                0x00000000c0010914       0x98 arch/mips/cpu/octeon/cvmx/libcvmx.o
                0x00000000c0010914                __cvmx_helper_get_num_ipd_ports
 .text.cvmx_agl_set_backpressure_override
                0x00000000c00109ac      0x164 arch/mips/cpu/octeon/cvmx/libcvmx.o
                0x00000000c00109ac                cvmx_agl_set_backpressure_override
 .text.cvmx_helper_initialize_packet_io_local
                0x00000000c0010b10       0x7c arch/mips/cpu/octeon/cvmx/libcvmx.o
                0x00000000c0010b10                cvmx_helper_initialize_packet_io_local
 .text.__cvmx_helper_packet_hardware_enable
                0x00000000c0010b8c       0xa4 arch/mips/cpu/octeon/cvmx/libcvmx.o
                0x00000000c0010b8c                __cvmx_helper_packet_hardware_enable
 .text.cvmx_helper_interface_get_mode
                0x00000000c0010c30      0xd84 arch/mips/cpu/octeon/cvmx/libcvmx.o
                0x00000000c0010c30                cvmx_helper_interface_get_mode
 .text.__cvmx_helper_backpressure_is_misaligned
                0x00000000c00119b4      0x39c arch/mips/cpu/octeon/cvmx/libcvmx.o
                0x00000000c00119b4                __cvmx_helper_backpressure_is_misaligned
 .text.cvmx_helper_interface_enumerate
                0x00000000c0011d50       0xb8 arch/mips/cpu/octeon/cvmx/libcvmx.o
                0x00000000c0011d50                cvmx_helper_interface_enumerate
 .text.cvmx_helper_ports_on_interface
                0x00000000c0011e08       0xa0 arch/mips/cpu/octeon/cvmx/libcvmx.o
                0x00000000c0011e08                cvmx_helper_ports_on_interface
 .text.cvmx_helper_link_set
                0x00000000c0011ea8      0x124 arch/mips/cpu/octeon/cvmx/libcvmx.o
                0x00000000c0011ea8                cvmx_helper_link_set
 .text.cvmx_helper_link_get
                0x00000000c0011fcc      0x154 arch/mips/cpu/octeon/cvmx/libcvmx.o
                0x00000000c0011fcc                cvmx_helper_link_get
 .text.cvmx_helper_shutdown_packet_io_global_cn78xx
                0x00000000c0012120      0x8bc arch/mips/cpu/octeon/cvmx/libcvmx.o
                0x00000000c0012120                cvmx_helper_shutdown_packet_io_global_cn78xx
 .text.cvmx_helper_ipd_and_packet_input_enable_node
                0x00000000c00129dc      0x1c0 arch/mips/cpu/octeon/cvmx/libcvmx.o
                0x00000000c00129dc                cvmx_helper_ipd_and_packet_input_enable_node
 .text.__cvmx_helper_early_ports_on_interface
                0x00000000c0012b9c       0xc4 arch/mips/cpu/octeon/cvmx/libcvmx.o
                0x00000000c0012b9c                __cvmx_helper_early_ports_on_interface
 .text.__cvmx_helper_init_interface
                0x00000000c0012c60      0x168 arch/mips/cpu/octeon/cvmx/libcvmx.o
                0x00000000c0012c60                __cvmx_helper_init_interface
 .text.cvmx_helper_interface_probe
                0x00000000c0012dc8      0x1b4 arch/mips/cpu/octeon/cvmx/libcvmx.o
                0x00000000c0012dc8                cvmx_helper_interface_probe
 .text.cvmx_helper_initialize_packet_io_node
                0x00000000c0012f7c      0xa10 arch/mips/cpu/octeon/cvmx/libcvmx.o
                0x00000000c0012f7c                cvmx_helper_initialize_packet_io_node
 .text.cvmx_helper_ipd_and_packet_input_enable
                0x00000000c001398c       0x1c arch/mips/cpu/octeon/cvmx/libcvmx.o
                0x00000000c001398c                cvmx_helper_ipd_and_packet_input_enable
 .text.cvmx_helper_initialize_packet_io_global
                0x00000000c00139a8       0x1c arch/mips/cpu/octeon/cvmx/libcvmx.o
                0x00000000c00139a8                cvmx_helper_initialize_packet_io_global
 .text.cvmx_helper_mem_alloc
                0x00000000c00139c4       0x9c arch/mips/cpu/octeon/cvmx/libcvmx.o
                0x00000000c00139c4                cvmx_helper_mem_alloc
 .text.__cvmx_helper_get_pko_padding
                0x00000000c0013a60       0x98 arch/mips/cpu/octeon/cvmx/libcvmx.o
                0x00000000c0013a60                __cvmx_helper_get_pko_padding
 .text.__cvmx_helper_get_has_fcs
                0x00000000c0013af8       0x54 arch/mips/cpu/octeon/cvmx/libcvmx.o
                0x00000000c0013af8                __cvmx_helper_get_has_fcs
 .text.cvmx_helper_link_autoconf
                0x00000000c0013b4c       0xcc arch/mips/cpu/octeon/cvmx/libcvmx.o
                0x00000000c0013b4c                cvmx_helper_link_autoconf
 .text.cvmx_helper_shutdown_packet_io_global
                0x00000000c0013c18     0x2c0c arch/mips/cpu/octeon/cvmx/libcvmx.o
                0x00000000c0013c18                cvmx_helper_shutdown_packet_io_global
 .text.cvmx_fdt_i2c_get_root_bus
                0x00000000c0016824       0x18 arch/mips/cpu/octeon/cvmx/libcvmx.o
                0x00000000c0016824                cvmx_fdt_i2c_get_root_bus
 .text.cvmx_fdt_node_check_compatible_list
                0x00000000c001683c       0x98 arch/mips/cpu/octeon/cvmx/libcvmx.o
                0x00000000c001683c                cvmx_fdt_node_check_compatible_list
 .text.cvmx_fdt_get_cpu_node
                0x00000000c00168d4       0xf0 arch/mips/cpu/octeon/cvmx/libcvmx.o
                0x00000000c00168d4                cvmx_fdt_get_cpu_node
 .text.cvm_fdt_alloc
                0x00000000c00169c4       0x18 arch/mips/cpu/octeon/cvmx/libcvmx.o
 .text.cvmx_fdt_parse_cs4343_slice
                0x00000000c00169dc      0x3d0 arch/mips/cpu/octeon/cvmx/libcvmx.o
 .text.cvmx_fdt_parse_cs4343
                0x00000000c0016dac      0x27c arch/mips/cpu/octeon/cvmx/libcvmx.o
                0x00000000c0016dac                cvmx_fdt_parse_cs4343
 .text.cvmx_fdt_free_i2c_bus
                0x00000000c0017028       0x60 arch/mips/cpu/octeon/cvmx/libcvmx.o
                0x00000000c0017028                cvmx_fdt_free_i2c_bus
 .text.cvmx_fdt_i2c_reg_read
                0x00000000c0017088       0x68 arch/mips/cpu/octeon/cvmx/libcvmx.o
 .text.cvmx_fdt_i2c_write8
                0x00000000c00170f0       0x6c arch/mips/cpu/octeon/cvmx/libcvmx.o
 .text.cvmx_fdt_i2c_read8
                0x00000000c001715c       0x58 arch/mips/cpu/octeon/cvmx/libcvmx.o
 .text.cvmx_fdt_i2c_reg_write
                0x00000000c00171b4       0x5c arch/mips/cpu/octeon/cvmx/libcvmx.o
 .text.cvmx_fdt_enable_i2c_bus
                0x00000000c0017210      0x1c8 arch/mips/cpu/octeon/cvmx/libcvmx.o
                0x00000000c0017210                cvmx_fdt_enable_i2c_bus
 .text.cvmx_fdt_get_gpio_type
                0x00000000c00173d8      0x138 arch/mips/cpu/octeon/cvmx/libcvmx.o
                0x00000000c00173d8                cvmx_fdt_get_gpio_type
 .text.cvmx_fdt_get_fdt_size
                0x00000000c0017510       0x44 arch/mips/cpu/octeon/cvmx/libcvmx.o
                0x00000000c0017510                cvmx_fdt_get_fdt_size
 .text.cvmx_octeon_i2c_reg_to_bus
                0x00000000c0017554      0x1c8 arch/mips/cpu/octeon/cvmx/libcvmx.o
 .text.cvmx_fdt_get_i2c_bus
                0x00000000c001771c      0x2f0 arch/mips/cpu/octeon/cvmx/libcvmx.o
                0x00000000c001771c                cvmx_fdt_get_i2c_bus
 .text.__cvmx_fdt_parse_avsp5410
                0x00000000c0017a0c      0x3dc arch/mips/cpu/octeon/cvmx/libcvmx.o
                0x00000000c0017a0c                __cvmx_fdt_parse_avsp5410
 .text.cvmx_fdt_gpio_get_info_phandle
                0x00000000c0017de8      0x2cc arch/mips/cpu/octeon/cvmx/libcvmx.o
                0x00000000c0017de8                cvmx_fdt_gpio_get_info_phandle
 .text.cvmx_helper_fdt_parse_sfp_info
                0x00000000c00180b4      0x364 arch/mips/cpu/octeon/cvmx/libcvmx.o
                0x00000000c00180b4                cvmx_helper_fdt_parse_sfp_info
 .text.__cvmx_fdt_parse_vsc7224
                0x00000000c0018418      0x748 arch/mips/cpu/octeon/cvmx/libcvmx.o
                0x00000000c0018418                __cvmx_fdt_parse_vsc7224
 .text.cvmx_fdt_gpio_set
                0x00000000c0018b60      0x95c arch/mips/cpu/octeon/cvmx/libcvmx.o
                0x00000000c0018b60                cvmx_fdt_gpio_set
 .text.cvmx_fdt_gpio_get
                0x00000000c00194bc     0x12d0 arch/mips/cpu/octeon/cvmx/libcvmx.o
                0x00000000c00194bc                cvmx_fdt_gpio_get
 .text.__cvmx_helper_initialize_fpa_pool
                0x00000000c001a78c       0x28 arch/mips/cpu/octeon/cvmx/libcvmx.o
                0x00000000c001a78c                __cvmx_helper_initialize_fpa_pool
 .text.cvmx_helper_shutdown_fpa_pools
                0x00000000c001a7b4      0x394 arch/mips/cpu/octeon/cvmx/libcvmx.o
                0x00000000c001a7b4                cvmx_helper_shutdown_fpa_pools
 .text.cvmx_helper_qlm_jtag_shift
                0x00000000c001ab48      0x14c arch/mips/cpu/octeon/cvmx/libcvmx.o
                0x00000000c001ab48                cvmx_helper_qlm_jtag_shift
 .text.cvmx_helper_qlm_jtag_shift_zeros
                0x00000000c001ac94       0x84 arch/mips/cpu/octeon/cvmx/libcvmx.o
                0x00000000c001ac94                cvmx_helper_qlm_jtag_shift_zeros
 .text.cvmx_helper_qlm_jtag_init
                0x00000000c001ad18      0x134 arch/mips/cpu/octeon/cvmx/libcvmx.o
                0x00000000c001ad18                cvmx_helper_qlm_jtag_init
 .text.cvmx_helper_qlm_jtag_update
                0x00000000c001ae4c      0x11c arch/mips/cpu/octeon/cvmx/libcvmx.o
                0x00000000c001ae4c                cvmx_helper_qlm_jtag_update
 .text.cvmx_helper_qlm_jtag_capture
                0x00000000c001af68      0x11c arch/mips/cpu/octeon/cvmx/libcvmx.o
                0x00000000c001af68                cvmx_helper_qlm_jtag_capture
 .text.__read_l2_tag
                0x00000000c001b084       0x90 arch/mips/cpu/octeon/cvmx/libcvmx.o
 .text.cvmx_l2c_address_to_tad
                0x00000000c001b114      0x11c arch/mips/cpu/octeon/cvmx/libcvmx.o
                0x00000000c001b114                cvmx_l2c_address_to_tad
 .text.cvmx_l2c_set_big_size_node
                0x00000000c001b230      0x3b4 arch/mips/cpu/octeon/cvmx/libcvmx.o
                0x00000000c001b230                cvmx_l2c_set_big_size_node
 .text.cvmx_l2c_set_big_size
                0x00000000c001b5e4       0x20 arch/mips/cpu/octeon/cvmx/libcvmx.o
                0x00000000c001b5e4                cvmx_l2c_set_big_size
 .text.cvmx_l2c_get_num_assoc
                0x00000000c001b604      0x29c arch/mips/cpu/octeon/cvmx/libcvmx.o
                0x00000000c001b604                cvmx_l2c_get_num_assoc
 .text.cvmx_l2c_get_set_bits
                0x00000000c001b8a0      0x198 arch/mips/cpu/octeon/cvmx/libcvmx.o
                0x00000000c001b8a0                cvmx_l2c_get_set_bits
 .text.cvmx_l2c_get_num_sets
                0x00000000c001ba38       0x3c arch/mips/cpu/octeon/cvmx/libcvmx.o
                0x00000000c001ba38                cvmx_l2c_get_num_sets
 .text.cvmx_l2c_flush_line
                0x00000000c001ba74      0x228 arch/mips/cpu/octeon/cvmx/libcvmx.o
                0x00000000c001ba74                cvmx_l2c_flush_line
 .text.cvmx_l2c_address_to_index
                0x00000000c001bc9c      0x274 arch/mips/cpu/octeon/cvmx/libcvmx.o
                0x00000000c001bc9c                cvmx_l2c_address_to_index
 .text.cvmx_l2c_v2_address_to_tag
                0x00000000c001bf10      0x170 arch/mips/cpu/octeon/cvmx/libcvmx.o
                0x00000000c001bf10                cvmx_l2c_v2_address_to_tag
 .text.cvmx_l2c_flush
                0x00000000c001c080      0x13c arch/mips/cpu/octeon/cvmx/libcvmx.o
                0x00000000c001c080                cvmx_l2c_flush
 .text.cvmx_l2c_get_tag_v2
                0x00000000c001c1bc      0x460 arch/mips/cpu/octeon/cvmx/libcvmx.o
                0x00000000c001c1bc                cvmx_l2c_get_tag_v2
 .text.cvmx_l2c_unlock_line
                0x00000000c001c61c      0x254 arch/mips/cpu/octeon/cvmx/libcvmx.o
                0x00000000c001c61c                cvmx_l2c_unlock_line
 .text.cvmx_l2c_unlock_mem_region
                0x00000000c001c870       0x90 arch/mips/cpu/octeon/cvmx/libcvmx.o
                0x00000000c001c870                cvmx_l2c_unlock_mem_region
 .text.cvmx_l2c_lock_line
                0x00000000c001c900      0x4fc arch/mips/cpu/octeon/cvmx/libcvmx.o
                0x00000000c001c900                cvmx_l2c_lock_line
 .text.cvmx_l2c_lock_mem_region
                0x00000000c001cdfc       0x94 arch/mips/cpu/octeon/cvmx/libcvmx.o
                0x00000000c001cdfc                cvmx_l2c_lock_mem_region
 .text.cvmx_l2c_set_hw_way_partition
                0x00000000c001ce90      0x168 arch/mips/cpu/octeon/cvmx/libcvmx.o
                0x00000000c001ce90                cvmx_l2c_set_hw_way_partition
 .text.cvmx_l2c_get_core_way_partition
                0x00000000c001cff8      0x2bc arch/mips/cpu/octeon/cvmx/libcvmx.o
                0x00000000c001cff8                cvmx_l2c_get_core_way_partition
 .text.cvmx_l2c_set_core_way_partition
                0x00000000c001d2b4      0x36c arch/mips/cpu/octeon/cvmx/libcvmx.o
                0x00000000c001d2b4                cvmx_l2c_set_core_way_partition
 .text.cvmx_pcie_get_mem_base_address
                0x00000000c001d620       0x34 arch/mips/cpu/octeon/cvmx/libcvmx.o
                0x00000000c001d620                cvmx_pcie_get_mem_base_address
 .text.__cvmx_pcie_config_pemon
                0x00000000c001d654       0x88 arch/mips/cpu/octeon/cvmx/libcvmx.o
 .text.cvmx_pcie_mem_write32
                0x00000000c001d6dc       0x80 arch/mips/cpu/octeon/cvmx/libcvmx.o
                0x00000000c001d6dc                cvmx_pcie_mem_write32
 .text.cvmx_pcie_cfgx_write_node
                0x00000000c001d75c      0x16c arch/mips/cpu/octeon/cvmx/libcvmx.o
                0x00000000c001d75c                cvmx_pcie_cfgx_write_node
 .text.cvmx_pcie_cfgx_write
                0x00000000c001d8c8       0x28 arch/mips/cpu/octeon/cvmx/libcvmx.o
                0x00000000c001d8c8                cvmx_pcie_cfgx_write
 .text.cvmx_pcie_cfgx_read_node
                0x00000000c001d8f0      0x174 arch/mips/cpu/octeon/cvmx/libcvmx.o
                0x00000000c001d8f0                cvmx_pcie_cfgx_read_node
 .text.cvmx_pcie_cfgx_read
                0x00000000c001da64       0x20 arch/mips/cpu/octeon/cvmx/libcvmx.o
                0x00000000c001da64                cvmx_pcie_cfgx_read
 .text.__cvmx_pcie_build_config_addr
                0x00000000c001da84      0x1c4 arch/mips/cpu/octeon/cvmx/libcvmx.o
 .text.cvmx_pcie_config_write16
                0x00000000c001dc48       0x88 arch/mips/cpu/octeon/cvmx/libcvmx.o
                0x00000000c001dc48                cvmx_pcie_config_write16
 .text.cvmx_pcie_config_write8
                0x00000000c001dcd0       0x78 arch/mips/cpu/octeon/cvmx/libcvmx.o
                0x00000000c001dcd0                cvmx_pcie_config_write8
 .text.__cvmx_pcie_config_read32
                0x00000000c001dd48       0xc0 arch/mips/cpu/octeon/cvmx/libcvmx.o
 .text.cvmx_pcie_config_read32
                0x00000000c001de08       0x94 arch/mips/cpu/octeon/cvmx/libcvmx.o
                0x00000000c001de08                cvmx_pcie_config_read32
 .text.cvmx_pcie_config_read8
                0x00000000c001de9c       0x70 arch/mips/cpu/octeon/cvmx/libcvmx.o
                0x00000000c001de9c                cvmx_pcie_config_read8
 .text.__cvmx_pcie_rc_get_ltssm_state
                0x00000000c001df0c      0x254 arch/mips/cpu/octeon/cvmx/libcvmx.o
 .text.cfg_retries
                0x00000000c001e160       0x84 arch/mips/cpu/octeon/cvmx/libcvmx.o
 .text.__cvmx_pcie_check_pcie_port
                0x00000000c001e1e4       0xec arch/mips/cpu/octeon/cvmx/libcvmx.o
 .text.__cvmx_pcie_sli_config
                0x00000000c001e2d0      0xd9c arch/mips/cpu/octeon/cvmx/libcvmx.o
 .text.__cvmx_pcie_rc_initialize_link_gen2
                0x00000000c001f06c      0x598 arch/mips/cpu/octeon/cvmx/libcvmx.o
 .text.cvmx_pcie_config_read32_retry
                0x00000000c001f604      0x100 arch/mips/cpu/octeon/cvmx/libcvmx.o
 .text.__cvmx_pcie_get_qlm
                0x00000000c001f704      0x37c arch/mips/cpu/octeon/cvmx/libcvmx.o
 .text.__cvmx_pcie_rc_initialize_config_space
                0x00000000c001fa80     0x2a60 arch/mips/cpu/octeon/cvmx/libcvmx.o
 .text.__cvmx_pcie_rc_initialize_gen2_v3
                0x00000000c00224e0     0x251c arch/mips/cpu/octeon/cvmx/libcvmx.o
 .text.cvmx_pcie_rc_initialize
                0x00000000c00249fc      0xdc4 arch/mips/cpu/octeon/cvmx/libcvmx.o
                0x00000000c00249fc                cvmx_pcie_rc_initialize
 .text.__cvmx_pcie_rc_initialize_gen1
                0x00000000c00257c0     0x12dc arch/mips/cpu/octeon/cvmx/libcvmx.o
 .text.cvmx_pcie_config_write32
                0x00000000c0026a9c       0xe0 arch/mips/cpu/octeon/cvmx/libcvmx.o
                0x00000000c0026a9c                cvmx_pcie_config_write32
 .text.cvmx_pcie_config_read16
                0x00000000c0026b7c       0x80 arch/mips/cpu/octeon/cvmx/libcvmx.o
                0x00000000c0026b7c                cvmx_pcie_config_read16
 .text.cvmx_pcie_mem_read32
                0x00000000c0026bfc       0x74 arch/mips/cpu/octeon/cvmx/libcvmx.o
                0x00000000c0026bfc                cvmx_pcie_mem_read32
 .text.cvmx_range_memory_size
                0x00000000c0026c70        0xc arch/mips/cpu/octeon/cvmx/libcvmx.o
                0x00000000c0026c70                cvmx_range_memory_size
 .text.cvmx_range_alloc_ordered
                0x00000000c0026c7c      0x194 arch/mips/cpu/octeon/cvmx/libcvmx.o
                0x00000000c0026c7c                cvmx_range_alloc_ordered
 .text.cvmx_range_alloc
                0x00000000c0026e10       0x18 arch/mips/cpu/octeon/cvmx/libcvmx.o
                0x00000000c0026e10                cvmx_range_alloc
 .text.__cvmx_range_is_allocated
                0x00000000c0026e28       0xb0 arch/mips/cpu/octeon/cvmx/libcvmx.o
                0x00000000c0026e28                __cvmx_range_is_allocated
 .text.cvmx_range_init
                0x00000000c0026ed8       0x40 arch/mips/cpu/octeon/cvmx/libcvmx.o
                0x00000000c0026ed8                cvmx_range_init
 .text.cvmx_range_free_mutiple
                0x00000000c0026f18       0xa4 arch/mips/cpu/octeon/cvmx/libcvmx.o
                0x00000000c0026f18                cvmx_range_free_mutiple
 .text.cvmx_range_reserve
                0x00000000c0026fbc       0xec arch/mips/cpu/octeon/cvmx/libcvmx.o
                0x00000000c0026fbc                cvmx_range_reserve
 .text.cvmx_range_free_with_owner
                0x00000000c00270a8       0x4c arch/mips/cpu/octeon/cvmx/libcvmx.o
                0x00000000c00270a8                cvmx_range_free_with_owner
 .text.cvmx_range_free_with_base
                0x00000000c00270f4       0xa0 arch/mips/cpu/octeon/cvmx/libcvmx.o
                0x00000000c00270f4                cvmx_range_free_with_base
 .text.cvmx_sysinfo_get
                0x00000000c0027194       0x18 arch/mips/cpu/octeon/cvmx/libcvmx.o
                0x00000000c0027194                cvmx_sysinfo_get
 .text.cvmx_sysinfo_minimal_initialize
                0x00000000c00271ac       0xa0 arch/mips/cpu/octeon/cvmx/libcvmx.o
                0x00000000c00271ac                cvmx_sysinfo_minimal_initialize
 .text.__i2c_twsi_bus
                0x00000000c002724c       0x68 arch/mips/cpu/octeon/cvmx/libcvmx.o
 .text.i2c_bus_to_node
                0x00000000c00272b4       0x6c arch/mips/cpu/octeon/cvmx/libcvmx.o
 .text.cvmx_twsix_unblock
                0x00000000c0027320      0xb74 arch/mips/cpu/octeon/cvmx/libcvmx.o
 .text.cvmx_twsix_read
                0x00000000c0027e94      0x728 arch/mips/cpu/octeon/cvmx/libcvmx.o
                0x00000000c0027e94                cvmx_twsix_read
 .text.cvmx_twsix_read_ia
                0x00000000c00285bc      0x890 arch/mips/cpu/octeon/cvmx/libcvmx.o
                0x00000000c00285bc                cvmx_twsix_read_ia
 .text.cvmx_twsix_write_ia
                0x00000000c0028e4c      0x76c arch/mips/cpu/octeon/cvmx/libcvmx.o
                0x00000000c0028e4c                cvmx_twsix_write_ia
 .text.cvmx_warn
                0x00000000c00295b8       0x90 arch/mips/cpu/octeon/cvmx/libcvmx.o
                0x00000000c00295b8                cvmx_warn
 .text.__octeon_is_model_runtime__
                0x00000000c0029648      0x214 arch/mips/cpu/octeon/cvmx/libcvmx.o
                0x00000000c0029648                __octeon_is_model_runtime__
 .text.cvmx_phys_to_ptr
                0x00000000c002985c       0x80 arch/mips/cpu/octeon/cvmx/libcvmx.o
                0x00000000c002985c                cvmx_phys_to_ptr
 .text.cvmx_ptr_to_phys2
                0x00000000c00298dc       0xcc arch/mips/cpu/octeon/cvmx/libcvmx.o
                0x00000000c00298dc                cvmx_ptr_to_phys2
 .text.cvmx_ptr_to_phys
                0x00000000c00299a8       0x54 arch/mips/cpu/octeon/cvmx/libcvmx.o
                0x00000000c00299a8                cvmx_ptr_to_phys
 .text.cvmx_wait_usec
                0x00000000c00299fc       0x88 arch/mips/cpu/octeon/cvmx/libcvmx.o
                0x00000000c00299fc                cvmx_wait_usec
 .text.octeon_model_get_string_buffer
                0x00000000c0029a84     0x15a0 arch/mips/cpu/octeon/cvmx/libcvmx.o
                0x00000000c0029a84                octeon_model_get_string_buffer
 .text.cvmx_qlm_get_mode_cn78xx
                0x00000000c002b024      0x410 arch/mips/cpu/octeon/cvmx/libcvmx.o
                0x00000000c002b024                cvmx_qlm_get_mode_cn78xx
 .text.__cvmx_helper_errata_qlm_disable_2nd_order_cdr
                0x00000000c002b434      0x11c arch/mips/cpu/octeon/cvmx/libcvmx.o
                0x00000000c002b434                __cvmx_helper_errata_qlm_disable_2nd_order_cdr
 .text.cvmx_qlm_measure_clock_cn7xxx
                0x00000000c002b550      0x1a8 arch/mips/cpu/octeon/cvmx/libcvmx.o
                0x00000000c002b550                cvmx_qlm_measure_clock_cn7xxx
 .text.__cvmx_qlm_get_mode_cnf75xx
                0x00000000c002b6f8      0x308 arch/mips/cpu/octeon/cvmx/libcvmx.o
                0x00000000c002b6f8                __cvmx_qlm_get_mode_cnf75xx
 .text.cvmx_qlm_get_gbaud_mhz_node
                0x00000000c002ba00      0x298 arch/mips/cpu/octeon/cvmx/libcvmx.o
                0x00000000c002ba00                cvmx_qlm_get_gbaud_mhz_node
 .text.cvmx_qlm_jtag_get_field
                0x00000000c002bc98       0xc8 arch/mips/cpu/octeon/cvmx/libcvmx.o
                0x00000000c002bc98                cvmx_qlm_jtag_get_field
 .text.cvmx_qlm_jtag_get_length
                0x00000000c002bd60       0x68 arch/mips/cpu/octeon/cvmx/libcvmx.o
                0x00000000c002bd60                cvmx_qlm_jtag_get_length
 .text.cvmx_qlm_get_lanes
                0x00000000c002bdc8       0xbc arch/mips/cpu/octeon/cvmx/libcvmx.o
                0x00000000c002bdc8                cvmx_qlm_get_lanes
 .text.cvmx_qlm_mux_interface
                0x00000000c002be84      0x120 arch/mips/cpu/octeon/cvmx/libcvmx.o
                0x00000000c002be84                cvmx_qlm_mux_interface
 .text.__cvmx_qlm_get_mode_cn73xx
                0x00000000c002bfa4      0x72c arch/mips/cpu/octeon/cvmx/libcvmx.o
                0x00000000c002bfa4                __cvmx_qlm_get_mode_cn73xx
 .text.cvmx_qlm_get_num
                0x00000000c002c6d0       0xfc arch/mips/cpu/octeon/cvmx/libcvmx.o
                0x00000000c002c6d0                cvmx_qlm_get_num
 .text.cvmx_qlm_measure_clock
                0x00000000c002c7cc      0x278 arch/mips/cpu/octeon/cvmx/libcvmx.o
                0x00000000c002c7cc                cvmx_qlm_measure_clock
 .text.cvmx_qlm_get_gbaud_mhz
                0x00000000c002ca44      0x47c arch/mips/cpu/octeon/cvmx/libcvmx.o
                0x00000000c002ca44                cvmx_qlm_get_gbaud_mhz
 .text.__cvmx_qlm_get_mode_cn70xx
                0x00000000c002cec0      0x300 arch/mips/cpu/octeon/cvmx/libcvmx.o
 .text.cvmx_qlm_get_mode
                0x00000000c002d1c0      0x410 arch/mips/cpu/octeon/cvmx/libcvmx.o
                0x00000000c002d1c0                cvmx_qlm_get_mode
 .text.cvmx_qlm_get_dlm_mode
                0x00000000c002d5d0      0x1b0 arch/mips/cpu/octeon/cvmx/libcvmx.o
                0x00000000c002d5d0                cvmx_qlm_get_dlm_mode
 .text.__cvmx_qlm_lookup_field
                0x00000000c002d780       0xa0 arch/mips/cpu/octeon/cvmx/libcvmx.o
 .text.cvmx_qlm_jtag_set
                0x00000000c002d820      0x2ac arch/mips/cpu/octeon/cvmx/libcvmx.o
                0x00000000c002d820                cvmx_qlm_jtag_set
 .text.__cvmx_qlm_pcie_idle_dac_tweak
                0x00000000c002dacc       0xc8 arch/mips/cpu/octeon/cvmx/libcvmx.o
                0x00000000c002dacc                __cvmx_qlm_pcie_idle_dac_tweak
 .text.cvmx_qlm_jtag_get
                0x00000000c002db94      0x108 arch/mips/cpu/octeon/cvmx/libcvmx.o
                0x00000000c002db94                cvmx_qlm_jtag_get
 .text.__cvmx_qlm_speed_tweak
                0x00000000c002dc9c      0x60c arch/mips/cpu/octeon/cvmx/libcvmx.o
                0x00000000c002dc9c                __cvmx_qlm_speed_tweak
 .text.cvmx_qlm_init
                0x00000000c002e2a8      0x314 arch/mips/cpu/octeon/cvmx/libcvmx.o
                0x00000000c002e2a8                cvmx_qlm_init
 .text.cvmx_qlm_gser_errata_25992
                0x00000000c002e5bc      0x194 arch/mips/cpu/octeon/cvmx/libcvmx.o
                0x00000000c002e5bc                cvmx_qlm_gser_errata_25992
 .text.cvmx_qlm_lmac
                0x00000000c002e750      0x280 arch/mips/cpu/octeon/cvmx/libcvmx.o
                0x00000000c002e750                cvmx_qlm_lmac
 .text.__cvmx_qlm_set_mult
                0x00000000c002e9d0      0x24c arch/mips/cpu/octeon/cvmx/libcvmx.o
                0x00000000c002e9d0                __cvmx_qlm_set_mult
 .text.cvmx_qlm_interface
                0x00000000c002ec1c      0x120 arch/mips/cpu/octeon/cvmx/libcvmx.o
                0x00000000c002ec1c                cvmx_qlm_interface
 .text.__cvmx_qlm_rx_equalization
                0x00000000c002ed3c      0x774 arch/mips/cpu/octeon/cvmx/libcvmx.o
                0x00000000c002ed3c                __cvmx_qlm_rx_equalization
 .text.cvmx_qlm_gser_errata_27882
                0x00000000c002f4b0      0x310 arch/mips/cpu/octeon/cvmx/libcvmx.o
                0x00000000c002f4b0                cvmx_qlm_gser_errata_27882
 .text.cvmx_agl_link_get
                0x00000000c002f7c0       0xc8 arch/mips/cpu/octeon/cvmx/libcvmx.o
                0x00000000c002f7c0                cvmx_agl_link_get
 .text.cvmx_agl_enable
                0x00000000c002f888       0xfc arch/mips/cpu/octeon/cvmx/libcvmx.o
                0x00000000c002f888                cvmx_agl_enable
 .text.cvmx_agl_link_set
                0x00000000c002f984      0x540 arch/mips/cpu/octeon/cvmx/libcvmx.o
                0x00000000c002f984                cvmx_agl_link_set
 .text.cvmx_fau_init
                0x00000000c002fec4       0x78 arch/mips/cpu/octeon/cvmx/libcvmx.o
                0x00000000c002fec4                cvmx_fau_init
 .text.cvmx_fau_bootmem_init
                0x00000000c002ff3c       0x1c arch/mips/cpu/octeon/cvmx/libcvmx.o
                0x00000000c002ff3c                cvmx_fau_bootmem_init
 .text.__cvmx_helper_agl_link_get
                0x00000000c002ff58       0x34 arch/mips/cpu/octeon/cvmx/libcvmx.o
                0x00000000c002ff58                __cvmx_helper_agl_link_get
 .text.cvmx_helper_agl_get_port
                0x00000000c002ff8c       0x54 arch/mips/cpu/octeon/cvmx/libcvmx.o
                0x00000000c002ff8c                cvmx_helper_agl_get_port
 .text.__cvmx_helper_agl_link_set
                0x00000000c002ffe0       0x54 arch/mips/cpu/octeon/cvmx/libcvmx.o
                0x00000000c002ffe0                __cvmx_helper_agl_link_set
 .text.__cvmx_helper_agl_enumerate
                0x00000000c0030034       0x68 arch/mips/cpu/octeon/cvmx/libcvmx.o
                0x00000000c0030034                __cvmx_helper_agl_enumerate
 .text.__cvmx_helper_agl_enable
                0x00000000c003009c      0x12c arch/mips/cpu/octeon/cvmx/libcvmx.o
                0x00000000c003009c                __cvmx_helper_agl_enable
 .text.__cvmx_helper_agl_probe
                0x00000000c00301c8      0x300 arch/mips/cpu/octeon/cvmx/libcvmx.o
                0x00000000c00301c8                __cvmx_helper_agl_probe
 .text.__cvmx_helper_bgx_enumerate
                0x00000000c00304c8       0x68 arch/mips/cpu/octeon/cvmx/libcvmx.o
                0x00000000c00304c8                __cvmx_helper_bgx_enumerate
 .text.__cvmx_helper_bgx_probe
                0x00000000c0030530       0x18 arch/mips/cpu/octeon/cvmx/libcvmx.o
                0x00000000c0030530                __cvmx_helper_bgx_probe
 .text.__cvmx_helper_bgx_fifo_size
                0x00000000c0030548       0xe0 arch/mips/cpu/octeon/cvmx/libcvmx.o
                0x00000000c0030548                __cvmx_helper_bgx_fifo_size
 .text.__cvmx_helper_bgx_sgmii_hardware_init_link_speed
                0x00000000c0030628      0x5a8 arch/mips/cpu/octeon/cvmx/libcvmx.o
 .text.__cvmx_bgx_restart_training
                0x00000000c0030bd0      0x290 arch/mips/cpu/octeon/cvmx/libcvmx.o
 .text.__cvmx_helper_bgx_rgmii_speed
                0x00000000c0030e60      0x394 arch/mips/cpu/octeon/cvmx/libcvmx.o
 .text.__cvmx_helper_bgx_interface_enable_delay
                0x00000000c00311f4       0xb0 arch/mips/cpu/octeon/cvmx/libcvmx.o
 .text.__cvmx_helper_bgx_sgmii_hardware_init_link
                0x00000000c00312a4      0x43c arch/mips/cpu/octeon/cvmx/libcvmx.o
 .text.__cvmx_helper_bgx_sgmii_link_set
                0x00000000c00316e0      0x5b0 arch/mips/cpu/octeon/cvmx/libcvmx.o
                0x00000000c00316e0                __cvmx_helper_bgx_sgmii_link_set
 .text.__cvmx_helper_bgx_sgmii_link_get
                0x00000000c0031c90      0x294 arch/mips/cpu/octeon/cvmx/libcvmx.o
                0x00000000c0031c90                __cvmx_helper_bgx_sgmii_link_get
 .text.__cvmx_helper_bgx_sgmii_configure_loopback
                0x00000000c0031f24      0x2b8 arch/mips/cpu/octeon/cvmx/libcvmx.o
                0x00000000c0031f24                __cvmx_helper_bgx_sgmii_configure_loopback
 .text.cvmx_helper_bgx_get_mode
                0x00000000c00321dc      0x1d0 arch/mips/cpu/octeon/cvmx/libcvmx.o
                0x00000000c00321dc                cvmx_helper_bgx_get_mode
 .text.__cvmx_helper_bgx_xaui_link_init
                0x00000000c00323ac     0x106c arch/mips/cpu/octeon/cvmx/libcvmx.o
 .text.__cvmx_helper_bgx_xaui_configure_loopback
                0x00000000c0033418      0x238 arch/mips/cpu/octeon/cvmx/libcvmx.o
                0x00000000c0033418                __cvmx_helper_bgx_xaui_configure_loopback
 .text.__cvmx_helper_bgx_mixed_configure_loopback
                0x00000000c0033650       0xb8 arch/mips/cpu/octeon/cvmx/libcvmx.o
                0x00000000c0033650                __cvmx_helper_bgx_mixed_configure_loopback
 .text.__cvmx_helper_bgx_xaui_link_set
                0x00000000c0033708      0x1d0 arch/mips/cpu/octeon/cvmx/libcvmx.o
                0x00000000c0033708                __cvmx_helper_bgx_xaui_link_set
 .text.__cvmx_helper_bgx_mixed_link_set
                0x00000000c00338d8       0xa4 arch/mips/cpu/octeon/cvmx/libcvmx.o
                0x00000000c00338d8                __cvmx_helper_bgx_mixed_link_set
 .text.__cvmx_helper_bgx_xaui_link_get
                0x00000000c003397c      0x320 arch/mips/cpu/octeon/cvmx/libcvmx.o
                0x00000000c003397c                __cvmx_helper_bgx_xaui_link_get
 .text.__cvmx_helper_bgx_mixed_link_get
                0x00000000c0033c9c       0x90 arch/mips/cpu/octeon/cvmx/libcvmx.o
                0x00000000c0033c9c                __cvmx_helper_bgx_mixed_link_get
 .text.__cvmx_helper_bgx_port_init
                0x00000000c0033d2c     0x13f4 arch/mips/cpu/octeon/cvmx/libcvmx.o
                0x00000000c0033d2c                __cvmx_helper_bgx_port_init
 .text.__cvmx_helper_bgx_sgmii_enable
                0x00000000c0035120      0x140 arch/mips/cpu/octeon/cvmx/libcvmx.o
                0x00000000c0035120                __cvmx_helper_bgx_sgmii_enable
 .text.__cvmx_helper_bgx_xaui_enable
                0x00000000c0035260      0x198 arch/mips/cpu/octeon/cvmx/libcvmx.o
                0x00000000c0035260                __cvmx_helper_bgx_xaui_enable
 .text.__cvmx_helper_bgx_mixed_enable
                0x00000000c00353f8      0x200 arch/mips/cpu/octeon/cvmx/libcvmx.o
                0x00000000c00353f8                __cvmx_helper_bgx_mixed_enable
 .text.cvmx_helper_bgx_tx_options
                0x00000000c00355f8      0x284 arch/mips/cpu/octeon/cvmx/libcvmx.o
                0x00000000c00355f8                cvmx_helper_bgx_tx_options
 .text.cvmx_helper_bgx_set_mac
                0x00000000c003587c      0x34c arch/mips/cpu/octeon/cvmx/libcvmx.o
                0x00000000c003587c                cvmx_helper_bgx_set_mac
 .text.cvmx_bgx_set_backpressure_override
                0x00000000c0035bc8      0x150 arch/mips/cpu/octeon/cvmx/libcvmx.o
                0x00000000c0035bc8                cvmx_bgx_set_backpressure_override
 .text.__cvmx_helper_bgx_xaui_config_pfc
                0x00000000c0035d18       0x9c arch/mips/cpu/octeon/cvmx/libcvmx.o
                0x00000000c0035d18                __cvmx_helper_bgx_xaui_config_pfc
 .text.cvmx_helper_bgx_rx_adr_ctl
                0x00000000c0035db4       0x94 arch/mips/cpu/octeon/cvmx/libcvmx.o
                0x00000000c0035db4                cvmx_helper_bgx_rx_adr_ctl
 .text.cvmx_helper_bgx_shutdown_port
                0x00000000c0035e48      0x6bc arch/mips/cpu/octeon/cvmx/libcvmx.o
                0x00000000c0035e48                cvmx_helper_bgx_shutdown_port
 .text.__cvmx_bgx_reg_addr_to_xiface
                0x00000000c0036504       0xa4 arch/mips/cpu/octeon/cvmx/libcvmx.o
 .text.__get_broadcom_phy_link_state
                0x00000000c00365a8      0x8f0 arch/mips/cpu/octeon/cvmx/libcvmx.o
 .text.__get_marvell_phy_link_state
                0x00000000c0036e98     0x1a04 arch/mips/cpu/octeon/cvmx/libcvmx.o
 .text.__get_generic_8023_c45_phy_link_state
                0x00000000c003889c     0x2948 arch/mips/cpu/octeon/cvmx/libcvmx.o
 .text.__cvmx_get_cortina_phy_link_state
                0x00000000c003b1e4     0x88e4 arch/mips/cpu/octeon/cvmx/libcvmx.o
 .text.__get_inband_link_state
                0x00000000c0043ac8       0xec arch/mips/cpu/octeon/cvmx/libcvmx.o
 .text.cvmx_retry_i2c_write
                0x00000000c0043bb4       0xc8 arch/mips/cpu/octeon/cvmx/libcvmx.o
 .text.__set_twsi_mux
                0x00000000c0043c7c       0xe0 arch/mips/cpu/octeon/cvmx/libcvmx.o
 .text.__switch_mdio_mux
                0x00000000c0043d5c      0x8e4 arch/mips/cpu/octeon/cvmx/libcvmx.o
 .text.__cvmx_update_link_led
                0x00000000c0044640       0xd0 arch/mips/cpu/octeon/cvmx/libcvmx.o
                0x00000000c0044640                __cvmx_update_link_led
 .text.cvmx_cs4343_set_slice_mode
                0x00000000c0044710    0x17788 arch/mips/cpu/octeon/cvmx/libcvmx.o
 .text.__mix_eth_node
                0x00000000c005be98       0xc4 arch/mips/cpu/octeon/cvmx/libcvmx.o
                0x00000000c005be98                __mix_eth_node
 .text.__cvmx_helper_parse_bgx_rgmii_dt
                0x00000000c005bf5c      0x2c4 arch/mips/cpu/octeon/cvmx/libcvmx.o
                0x00000000c005bf5c                __cvmx_helper_parse_bgx_rgmii_dt
 .text.__alloc_leds
                0x00000000c005c220       0xac arch/mips/cpu/octeon/cvmx/libcvmx.o
 .text.__get_led_gpio
                0x00000000c005c2cc      0x1c0 arch/mips/cpu/octeon/cvmx/libcvmx.o
 .text.__cvmx_helper_parse_gpio_leds
                0x00000000c005c48c      0x558 arch/mips/cpu/octeon/cvmx/libcvmx.o
                0x00000000c005c48c                __cvmx_helper_parse_gpio_leds
 .text.cvmx_helper_phy_register_mod_abs_changed
                0x00000000c005c9e4      0x168 arch/mips/cpu/octeon/cvmx/libcvmx.o
                0x00000000c005c9e4                cvmx_helper_phy_register_mod_abs_changed
 .text.cvmx_sfp_cs4343_mod_abs_changed
                0x00000000c005cb4c      0x178 arch/mips/cpu/octeon/cvmx/libcvmx.o
                0x00000000c005cb4c                cvmx_sfp_cs4343_mod_abs_changed
 .text.cvmx_sfp_avsp5410_mod_abs_changed
                0x00000000c005ccc4       0x9c arch/mips/cpu/octeon/cvmx/libcvmx.o
                0x00000000c005ccc4                cvmx_sfp_avsp5410_mod_abs_changed
 .text.cvmx_read_vsc7224_reg
                0x00000000c005cd60       0x8c arch/mips/cpu/octeon/cvmx/libcvmx.o
 .text.cvmx_write_vsc7224_reg
                0x00000000c005cdec       0x8c arch/mips/cpu/octeon/cvmx/libcvmx.o
 .text.cvmx_sfp_vsc7224_mod_abs_changed
                0x00000000c005ce78      0x294 arch/mips/cpu/octeon/cvmx/libcvmx.o
                0x00000000c005ce78                cvmx_sfp_vsc7224_mod_abs_changed
 .text.__pip_eth_node
                0x00000000c005d10c      0x198 arch/mips/cpu/octeon/cvmx/libcvmx.o
                0x00000000c005d10c                __pip_eth_node
 .text.__get_phy_info_from_dt
                0x00000000c005d2a4      0xb40 arch/mips/cpu/octeon/cvmx/libcvmx.o
                0x00000000c005d2a4                __get_phy_info_from_dt
 .text.cvmx_helper_board_get_mii_address
                0x00000000c005dde4      0x514 arch/mips/cpu/octeon/cvmx/libcvmx.o
                0x00000000c005dde4                cvmx_helper_board_get_mii_address
 .text.cvmx_helper_board_get_phy_info
                0x00000000c005e2f8       0x40 arch/mips/cpu/octeon/cvmx/libcvmx.o
                0x00000000c005e2f8                cvmx_helper_board_get_phy_info
 .text.__cvmx_helper_parse_bgx_dt
                0x00000000c005e338      0x638 arch/mips/cpu/octeon/cvmx/libcvmx.o
                0x00000000c005e338                __cvmx_helper_parse_bgx_dt
 .text.__cvmx_helper_78xx_parse_phy
                0x00000000c005e970      0x6b0 arch/mips/cpu/octeon/cvmx/libcvmx.o
                0x00000000c005e970                __cvmx_helper_78xx_parse_phy
 .text.__cvmx_helper_board_link_get_from_dt
                0x00000000c005f020      0x420 arch/mips/cpu/octeon/cvmx/libcvmx.o
                0x00000000c005f020                __cvmx_helper_board_link_get_from_dt
 .text.__cvmx_helper_board_link_get
                0x00000000c005f440      0x3dc arch/mips/cpu/octeon/cvmx/libcvmx.o
                0x00000000c005f440                __cvmx_helper_board_link_get
 .text.__cvmx_helper_board_hardware_enable
                0x00000000c005f81c      0xc88 arch/mips/cpu/octeon/cvmx/libcvmx.o
                0x00000000c005f81c                __cvmx_helper_board_hardware_enable
 .text.cvmx_update_rx_activity_led
                0x00000000c00604a4      0xbd4 arch/mips/cpu/octeon/cvmx/libcvmx.o
                0x00000000c00604a4                cvmx_update_rx_activity_led
 .text.__get_vitesse_vsc8490_phy_link_state
                0x00000000c0061078      0xe88 arch/mips/cpu/octeon/cvmx/libcvmx.o
 .text.__get_aquantia_phy_link_state
                0x00000000c0061f00     0x29a8 arch/mips/cpu/octeon/cvmx/libcvmx.o
 .text.__cvmx_get_generic_8023_c22_phy_link_state
                0x00000000c00648a8     0x3080 arch/mips/cpu/octeon/cvmx/libcvmx.o
 .text.__cvmx_get_qualcomm_s17_phy_link_state
                0x00000000c0067928     0x10b0 arch/mips/cpu/octeon/cvmx/libcvmx.o
 .text.__cvmx_helper_board_get_port_from_dt
                0x00000000c00689d8      0x534 arch/mips/cpu/octeon/cvmx/libcvmx.o
                0x00000000c00689d8                __cvmx_helper_board_get_port_from_dt
 .text.__cvmx_helper_cfg_pko_queue_num
                0x00000000c0068f0c       0x20 arch/mips/cpu/octeon/cvmx/libcvmx.o
                0x00000000c0068f0c                __cvmx_helper_cfg_pko_queue_num
 .text.__cvmx_helper_cfg_pko_queue_base
                0x00000000c0068f2c       0x20 arch/mips/cpu/octeon/cvmx/libcvmx.o
                0x00000000c0068f2c                __cvmx_helper_cfg_pko_queue_base
 .text.__cvmx_helper_cfg_pko_max_queue
                0x00000000c0068f4c       0x18 arch/mips/cpu/octeon/cvmx/libcvmx.o
                0x00000000c0068f4c                __cvmx_helper_cfg_pko_max_queue
 .text.__cvmx_helper_cfg_pko_max_engine
                0x00000000c0068f64       0x18 arch/mips/cpu/octeon/cvmx/libcvmx.o
                0x00000000c0068f64                __cvmx_helper_cfg_pko_max_engine
 .text.cvmx_helper_cfg_opt_get
                0x00000000c0068f7c       0x24 arch/mips/cpu/octeon/cvmx/libcvmx.o
                0x00000000c0068f7c                cvmx_helper_cfg_opt_get
 .text.__cvmx_helper_cfg_pko_port_interface
                0x00000000c0068fa0       0x28 arch/mips/cpu/octeon/cvmx/libcvmx.o
                0x00000000c0068fa0                __cvmx_helper_cfg_pko_port_interface
 .text.__cvmx_helper_cfg_pko_port_index
                0x00000000c0068fc8       0x28 arch/mips/cpu/octeon/cvmx/libcvmx.o
                0x00000000c0068fc8                __cvmx_helper_cfg_pko_port_index
 .text.__cvmx_helper_cfg_pko_port_eid
                0x00000000c0068ff0       0x28 arch/mips/cpu/octeon/cvmx/libcvmx.o
                0x00000000c0068ff0                __cvmx_helper_cfg_pko_port_eid
 .text.cvmx_helper_cfg_get_xiface_index_by_fdt_node_offset
                0x00000000c0069018       0xc0 arch/mips/cpu/octeon/cvmx/libcvmx.o
                0x00000000c0069018                cvmx_helper_cfg_get_xiface_index_by_fdt_node_offset
 .text.cvmx_init_port_cfg
                0x00000000c00690d8      0x18c arch/mips/cpu/octeon/cvmx/libcvmx.o
 .text.cvmx_helper_cfg_set_sfp_info
                0x00000000c0069264       0xd8 arch/mips/cpu/octeon/cvmx/libcvmx.o
                0x00000000c0069264                cvmx_helper_cfg_set_sfp_info
 .text.cvmx_helper_get_port_fdt_node_offset
                0x00000000c006933c       0xd0 arch/mips/cpu/octeon/cvmx/libcvmx.o
                0x00000000c006933c                cvmx_helper_get_port_fdt_node_offset
 .text.cvmx_helper_set_port_valid
                0x00000000c006940c       0xf4 arch/mips/cpu/octeon/cvmx/libcvmx.o
                0x00000000c006940c                cvmx_helper_set_port_valid
 .text.__cvmx_helper_cfg_pko_port_num
                0x00000000c0069500       0xd0 arch/mips/cpu/octeon/cvmx/libcvmx.o
                0x00000000c0069500                __cvmx_helper_cfg_pko_port_num
 .text.__cvmx_helper_cfg_pko_port_base
                0x00000000c00695d0       0xd0 arch/mips/cpu/octeon/cvmx/libcvmx.o
                0x00000000c00695d0                __cvmx_helper_cfg_pko_port_base
 .text.__cvmx_helper_cfg_init_ipd2pko_cache
                0x00000000c00696a0      0x150 arch/mips/cpu/octeon/cvmx/libcvmx.o
                0x00000000c00696a0                __cvmx_helper_cfg_init_ipd2pko_cache
 .text.cvmx_helper_cfg_init_pko_port_map
                0x00000000c00697f0      0x2e8 arch/mips/cpu/octeon/cvmx/libcvmx.o
                0x00000000c00697f0                cvmx_helper_cfg_init_pko_port_map
 .text.__cvmx_helper_cfg_pknd
                0x00000000c0069ad8      0x134 arch/mips/cpu/octeon/cvmx/libcvmx.o
                0x00000000c0069ad8                __cvmx_helper_cfg_pknd
 .text.init_cvmx_pko_que_range
                0x00000000c0069c0c       0xb0 arch/mips/cpu/octeon/cvmx/libcvmx.o
                0x00000000c0069c0c                init_cvmx_pko_que_range
 .text.cvmx_pko_queue_free
                0x00000000c0069cbc       0xd8 arch/mips/cpu/octeon/cvmx/libcvmx.o
                0x00000000c0069cbc                cvmx_pko_queue_free
 .text.cvmx_pko_queue_free_all
                0x00000000c0069d94       0x7c arch/mips/cpu/octeon/cvmx/libcvmx.o
                0x00000000c0069d94                cvmx_pko_queue_free_all
 .text.cvmx_pko_queue_alloc
                0x00000000c0069e10      0x144 arch/mips/cpu/octeon/cvmx/libcvmx.o
 .text.cvmx_pko_alloc_iport_and_queues
                0x00000000c0069f54      0x1c0 arch/mips/cpu/octeon/cvmx/libcvmx.o
                0x00000000c0069f54                cvmx_pko_alloc_iport_and_queues
 .text.cvmx_pko_queue_grp_alloc
                0x00000000c006a114       0xc8 arch/mips/cpu/octeon/cvmx/libcvmx.o
                0x00000000c006a114                cvmx_pko_queue_grp_alloc
 .text.cvmx_pko_queue_init_from_cvmx_config_non_pknd
                0x00000000c006a1dc      0x128 arch/mips/cpu/octeon/cvmx/libcvmx.o
                0x00000000c006a1dc                cvmx_pko_queue_init_from_cvmx_config_non_pknd
 .text.__cvmx_helper_cfg_bpid
                0x00000000c006a304      0x134 arch/mips/cpu/octeon/cvmx/libcvmx.o
                0x00000000c006a304                __cvmx_helper_cfg_bpid
 .text.cvmx_helper_is_port_valid
                0x00000000c006a438       0xd0 arch/mips/cpu/octeon/cvmx/libcvmx.o
                0x00000000c006a438                cvmx_helper_is_port_valid
 .text.cvmx_helper_set_mac_phy_mode
                0x00000000c006a508       0xf0 arch/mips/cpu/octeon/cvmx/libcvmx.o
                0x00000000c006a508                cvmx_helper_set_mac_phy_mode
 .text.cvmx_helper_get_mac_phy_mode
                0x00000000c006a5f8       0xd0 arch/mips/cpu/octeon/cvmx/libcvmx.o
                0x00000000c006a5f8                cvmx_helper_get_mac_phy_mode
 .text.cvmx_helper_set_1000x_mode
                0x00000000c006a6c8       0xf0 arch/mips/cpu/octeon/cvmx/libcvmx.o
                0x00000000c006a6c8                cvmx_helper_set_1000x_mode
 .text.cvmx_helper_get_1000x_mode
                0x00000000c006a7b8       0xd0 arch/mips/cpu/octeon/cvmx/libcvmx.o
                0x00000000c006a7b8                cvmx_helper_get_1000x_mode
 .text.cvmx_helper_set_agl_rx_clock_delay_bypass
                0x00000000c006a888       0xf0 arch/mips/cpu/octeon/cvmx/libcvmx.o
                0x00000000c006a888                cvmx_helper_set_agl_rx_clock_delay_bypass
 .text.cvmx_helper_get_agl_rx_clock_delay_bypass
                0x00000000c006a978       0xd0 arch/mips/cpu/octeon/cvmx/libcvmx.o
                0x00000000c006a978                cvmx_helper_get_agl_rx_clock_delay_bypass
 .text.cvmx_helper_set_agl_rx_clock_skew
                0x00000000c006aa48       0xd8 arch/mips/cpu/octeon/cvmx/libcvmx.o
                0x00000000c006aa48                cvmx_helper_set_agl_rx_clock_skew
 .text.cvmx_helper_get_agl_rx_clock_skew
                0x00000000c006ab20       0xcc arch/mips/cpu/octeon/cvmx/libcvmx.o
                0x00000000c006ab20                cvmx_helper_get_agl_rx_clock_skew
 .text.cvmx_helper_set_agl_refclk_sel
                0x00000000c006abec       0xd8 arch/mips/cpu/octeon/cvmx/libcvmx.o
                0x00000000c006abec                cvmx_helper_set_agl_refclk_sel
 .text.cvmx_helper_get_agl_refclk_sel
                0x00000000c006acc4       0xcc arch/mips/cpu/octeon/cvmx/libcvmx.o
                0x00000000c006acc4                cvmx_helper_get_agl_refclk_sel
 .text.cvmx_helper_set_port_force_link_up
                0x00000000c006ad90       0xf0 arch/mips/cpu/octeon/cvmx/libcvmx.o
                0x00000000c006ad90                cvmx_helper_set_port_force_link_up
 .text.cvmx_helper_get_port_force_link_up
                0x00000000c006ae80       0xd0 arch/mips/cpu/octeon/cvmx/libcvmx.o
                0x00000000c006ae80                cvmx_helper_get_port_force_link_up
 .text.cvmx_helper_set_port_phy_present
                0x00000000c006af50       0xf0 arch/mips/cpu/octeon/cvmx/libcvmx.o
                0x00000000c006af50                cvmx_helper_set_port_phy_present
 .text.cvmx_helper_get_port_phy_present
                0x00000000c006b040       0xd0 arch/mips/cpu/octeon/cvmx/libcvmx.o
                0x00000000c006b040                cvmx_helper_get_port_phy_present
 .text.cvmx_helper_set_port_fdt_node_offset
                0x00000000c006b110       0xdc arch/mips/cpu/octeon/cvmx/libcvmx.o
                0x00000000c006b110                cvmx_helper_set_port_fdt_node_offset
 .text.cvmx_helper_set_phy_fdt_node_offset
                0x00000000c006b1ec       0xdc arch/mips/cpu/octeon/cvmx/libcvmx.o
                0x00000000c006b1ec                cvmx_helper_set_phy_fdt_node_offset
 .text.cvmx_helper_get_phy_fdt_node_offset
                0x00000000c006b2c8       0xd0 arch/mips/cpu/octeon/cvmx/libcvmx.o
                0x00000000c006b2c8                cvmx_helper_get_phy_fdt_node_offset
 .text.cvmx_helper_set_port_autonegotiation
                0x00000000c006b398       0xf4 arch/mips/cpu/octeon/cvmx/libcvmx.o
                0x00000000c006b398                cvmx_helper_set_port_autonegotiation
 .text.cvmx_helper_get_port_autonegotiation
                0x00000000c006b48c       0xd4 arch/mips/cpu/octeon/cvmx/libcvmx.o
                0x00000000c006b48c                cvmx_helper_get_port_autonegotiation
 .text.cvmx_helper_get_port_fec
                0x00000000c006b560       0xd0 arch/mips/cpu/octeon/cvmx/libcvmx.o
                0x00000000c006b560                cvmx_helper_get_port_fec
 .text.cvmx_helper_set_port_phy_info
                0x00000000c006b630       0xdc arch/mips/cpu/octeon/cvmx/libcvmx.o
                0x00000000c006b630                cvmx_helper_set_port_phy_info
 .text.cvmx_helper_get_port_phy_info
                0x00000000c006b70c       0xd0 arch/mips/cpu/octeon/cvmx/libcvmx.o
                0x00000000c006b70c                cvmx_helper_get_port_phy_info
 .text.cvmx_helper_get_port_phy_leds
                0x00000000c006b7dc       0xcc arch/mips/cpu/octeon/cvmx/libcvmx.o
                0x00000000c006b7dc                cvmx_helper_get_port_phy_leds
 .text.cvmx_helper_set_port_phy_leds
                0x00000000c006b8a8       0xd8 arch/mips/cpu/octeon/cvmx/libcvmx.o
                0x00000000c006b8a8                cvmx_helper_set_port_phy_leds
 .text.cvmx_helper_cfg_set_rgmii_tx_clk_delay
                0x00000000c006b980      0x100 arch/mips/cpu/octeon/cvmx/libcvmx.o
                0x00000000c006b980                cvmx_helper_cfg_set_rgmii_tx_clk_delay
 .text.cvmx_helper_cfg_get_rgmii_tx_clk_delay
                0x00000000c006ba80       0xf4 arch/mips/cpu/octeon/cvmx/libcvmx.o
                0x00000000c006ba80                cvmx_helper_cfg_get_rgmii_tx_clk_delay
 .text.cvmx_helper_cfg_get_vsc7224_chan_info
                0x00000000c006bb74       0xcc arch/mips/cpu/octeon/cvmx/libcvmx.o
                0x00000000c006bb74                cvmx_helper_cfg_get_vsc7224_chan_info
 .text.cvmx_helper_cfg_set_vsc7224_chan_info
                0x00000000c006bc40       0xd8 arch/mips/cpu/octeon/cvmx/libcvmx.o
                0x00000000c006bc40                cvmx_helper_cfg_set_vsc7224_chan_info
 .text.cvmx_helper_cfg_get_avsp5410_info
                0x00000000c006bd18       0xcc arch/mips/cpu/octeon/cvmx/libcvmx.o
                0x00000000c006bd18                cvmx_helper_cfg_get_avsp5410_info
 .text.cvmx_helper_cfg_set_avsp5410_info
                0x00000000c006bde4       0xd8 arch/mips/cpu/octeon/cvmx/libcvmx.o
                0x00000000c006bde4                cvmx_helper_cfg_set_avsp5410_info
 .text.cvmx_helper_cfg_get_sfp_info
                0x00000000c006bebc       0xcc arch/mips/cpu/octeon/cvmx/libcvmx.o
                0x00000000c006bebc                cvmx_helper_cfg_get_sfp_info
 .text.__cvmx_helper_init_port_valid
                0x00000000c006bf88      0x420 arch/mips/cpu/octeon/cvmx/libcvmx.o
                0x00000000c006bf88                __cvmx_helper_init_port_valid
 .text.cvmx_helper_cfg_ipd2pko_port_base
                0x00000000c006c3a8       0xc4 arch/mips/cpu/octeon/cvmx/libcvmx.o
                0x00000000c006c3a8                cvmx_helper_cfg_ipd2pko_port_base
 .text.__cvmx_helper_init_port_config_data
                0x00000000c006c46c      0x7c0 arch/mips/cpu/octeon/cvmx/libcvmx.o
                0x00000000c006c46c                __cvmx_helper_init_port_config_data
 .text.__cvmx_helper_errata_fix_ipd_ptr_alignment
                0x00000000c006cc2c      0x96c arch/mips/cpu/octeon/cvmx/libcvmx.o
                0x00000000c006cc2c                __cvmx_helper_errata_fix_ipd_ptr_alignment
 .text.__cvmx_helper_ilk_link_set
                0x00000000c006d598        0x8 arch/mips/cpu/octeon/cvmx/libcvmx.o
                0x00000000c006d598                __cvmx_helper_ilk_link_set
 .text.__cvmx_ilk_clear_cal
                0x00000000c006d5a0      0x250 arch/mips/cpu/octeon/cvmx/libcvmx.o
                0x00000000c006d5a0                __cvmx_ilk_clear_cal
 .text.__cvmx_helper_ilk_enumerate
                0x00000000c006d7f0       0xa8 arch/mips/cpu/octeon/cvmx/libcvmx.o
                0x00000000c006d7f0                __cvmx_helper_ilk_enumerate
 .text.__cvmx_helper_ilk_enable
                0x00000000c006d898       0x18 arch/mips/cpu/octeon/cvmx/libcvmx.o
                0x00000000c006d898                __cvmx_helper_ilk_enable
 .text.__cvmx_helper_ilk_link_get
                0x00000000c006d8b0      0x60c arch/mips/cpu/octeon/cvmx/libcvmx.o
                0x00000000c006d8b0                __cvmx_helper_ilk_link_get
 .text.__cvmx_helper_ilk_probe
                0x00000000c006debc      0x148 arch/mips/cpu/octeon/cvmx/libcvmx.o
                0x00000000c006debc                __cvmx_helper_ilk_probe
 .text.cvmx_helper_fcs_op
                0x00000000c006e004      0x238 arch/mips/cpu/octeon/cvmx/libcvmx.o
 .text.__cvmx_helper_ipd_setup_fpa_pools
                0x00000000c006e23c       0x90 arch/mips/cpu/octeon/cvmx/libcvmx.o
                0x00000000c006e23c                __cvmx_helper_ipd_setup_fpa_pools
 .text.__cvmx_helper_ipd_global_setup
                0x00000000c006e2cc       0x78 arch/mips/cpu/octeon/cvmx/libcvmx.o
                0x00000000c006e2cc                __cvmx_helper_ipd_global_setup
 .text.__cvmx_helper_ipd_setup_interface
                0x00000000c006e344     0x1dbc arch/mips/cpu/octeon/cvmx/libcvmx.o
                0x00000000c006e344                __cvmx_helper_ipd_setup_interface
 .text.__cvmx_helper_loop_enumerate
                0x00000000c0070100       0x64 arch/mips/cpu/octeon/cvmx/libcvmx.o
                0x00000000c0070100                __cvmx_helper_loop_enumerate
 .text.__cvmx_helper_loop_probe
                0x00000000c0070164       0x18 arch/mips/cpu/octeon/cvmx/libcvmx.o
                0x00000000c0070164                __cvmx_helper_loop_probe
 .text.__cvmx_helper_loop_enable
                0x00000000c007017c      0x4b4 arch/mips/cpu/octeon/cvmx/libcvmx.o
                0x00000000c007017c                __cvmx_helper_loop_enable
 .text.__cvmx_helper_npi_probe
                0x00000000c0070630       0xe8 arch/mips/cpu/octeon/cvmx/libcvmx.o
                0x00000000c0070630                __cvmx_helper_npi_probe
 .text.__cvmx_helper_npi_enable
                0x00000000c0070718      0x320 arch/mips/cpu/octeon/cvmx/libcvmx.o
                0x00000000c0070718                __cvmx_helper_npi_enable
 .text.cvmx_helper_pki_set_dflt_pool
                0x00000000c0070a38       0x38 arch/mips/cpu/octeon/cvmx/libcvmx.o
                0x00000000c0070a38                cvmx_helper_pki_set_dflt_pool
 .text.cvmx_helper_pki_set_dflt_aura
                0x00000000c0070a70       0x30 arch/mips/cpu/octeon/cvmx/libcvmx.o
                0x00000000c0070a70                cvmx_helper_pki_set_dflt_aura
 .text.__cvmx_helper_pki_set_dflt_ltype_map
                0x00000000c0070aa0      0x464 arch/mips/cpu/octeon/cvmx/libcvmx.o
                0x00000000c0070aa0                __cvmx_helper_pki_set_dflt_ltype_map
 .text.__cvmx_helper_pki_install_dflt_vlan
                0x00000000c0070f04      0x2c0 arch/mips/cpu/octeon/cvmx/libcvmx.o
                0x00000000c0070f04                __cvmx_helper_pki_install_dflt_vlan
 .text.__cvmx_helper_pki_port_setup
                0x00000000c00711c4      0x1b8 arch/mips/cpu/octeon/cvmx/libcvmx.o
                0x00000000c00711c4                __cvmx_helper_pki_port_setup
 .text.cvmx_pki_get_port_config
                0x00000000c007137c       0xc4 arch/mips/cpu/octeon/cvmx/libcvmx.o
                0x00000000c007137c                cvmx_pki_get_port_config
 .text.cvmx_helper_pki_set_qpg_entry
                0x00000000c0071440       0xe0 arch/mips/cpu/octeon/cvmx/libcvmx.o
                0x00000000c0071440                cvmx_helper_pki_set_qpg_entry
 .text.cvmx_helper_pki_enable
                0x00000000c0071520      0x184 arch/mips/cpu/octeon/cvmx/libcvmx.o
                0x00000000c0071520                cvmx_helper_pki_enable
 .text.__cvmx_helper_pki_global_setup
                0x00000000c00716a4      0x3f8 arch/mips/cpu/octeon/cvmx/libcvmx.o
                0x00000000c00716a4                __cvmx_helper_pki_global_setup
 .text.cvmx_pki_set_port_config
                0x00000000c0071a9c       0xe4 arch/mips/cpu/octeon/cvmx/libcvmx.o
                0x00000000c0071a9c                cvmx_pki_set_port_config
 .text.cvmx_helper_pki_set_fcs_op
                0x00000000c0071b80      0x1c8 arch/mips/cpu/octeon/cvmx/libcvmx.o
                0x00000000c0071b80                cvmx_helper_pki_set_fcs_op
 .text.cvmx_helper_pki_shutdown
                0x00000000c0071d48      0x4b8 arch/mips/cpu/octeon/cvmx/libcvmx.o
                0x00000000c0071d48                cvmx_helper_pki_shutdown
 .text.cvmx_pko_set_cmd_que_pool_config
                0x00000000c0072200       0x28 arch/mips/cpu/octeon/cvmx/libcvmx.o
                0x00000000c0072200                cvmx_pko_set_cmd_que_pool_config
 .text.cvmx_fpa_get_pko_pool
                0x00000000c0072228       0x18 arch/mips/cpu/octeon/cvmx/libcvmx.o
                0x00000000c0072228                cvmx_fpa_get_pko_pool
 .text.cvmx_fpa_get_pko_pool_block_size
                0x00000000c0072240       0x18 arch/mips/cpu/octeon/cvmx/libcvmx.o
                0x00000000c0072240                cvmx_fpa_get_pko_pool_block_size
 .text.cvmx_helper_wait_pko_queue_drain
                0x00000000c0072258       0xc4 arch/mips/cpu/octeon/cvmx/libcvmx.o
 .text.__cvmx_helper_pko_drain
                0x00000000c007231c      0x1f8 arch/mips/cpu/octeon/cvmx/libcvmx.o
                0x00000000c007231c                __cvmx_helper_pko_drain
 .text.__cvmx_helper_interface_setup_pko
                0x00000000c0072514      0x150 arch/mips/cpu/octeon/cvmx/libcvmx.o
                0x00000000c0072514                __cvmx_helper_interface_setup_pko
 .text.cvmx_helper_pko_init
                0x00000000c0072664      0x1bc arch/mips/cpu/octeon/cvmx/libcvmx.o
                0x00000000c0072664                cvmx_helper_pko_init
 .text.cvmx_helper_pko3_shut_interface
                0x00000000c0072820      0x484 arch/mips/cpu/octeon/cvmx/libcvmx.o
                0x00000000c0072820                cvmx_helper_pko3_shut_interface
 .text.cvmx_helper_pko3_shutdown
                0x00000000c0072ca4       0x80 arch/mips/cpu/octeon/cvmx/libcvmx.o
                0x00000000c0072ca4                cvmx_helper_pko3_shutdown
 .text.__cvmx_helper_pko3_init_global
                0x00000000c0072d24      0x798 arch/mips/cpu/octeon/cvmx/libcvmx.o
                0x00000000c0072d24                __cvmx_helper_pko3_init_global
 .text.cvmx_helper_pko3_init_global
                0x00000000c00734bc      0x338 arch/mips/cpu/octeon/cvmx/libcvmx.o
                0x00000000c00734bc                cvmx_helper_pko3_init_global
 .text.__cvmx_pko3_config_gen_interface
                0x00000000c00737f4      0x848 arch/mips/cpu/octeon/cvmx/libcvmx.o
                0x00000000c00737f4                __cvmx_pko3_config_gen_interface
 .text.__cvmx_pko3_config_chan_interface
                0x00000000c007403c      0x930 arch/mips/cpu/octeon/cvmx/libcvmx.o
 .text.__cvmx_pko3_helper_dqs_activate
                0x00000000c007496c      0x1f0 arch/mips/cpu/octeon/cvmx/libcvmx.o
                0x00000000c007496c                __cvmx_pko3_helper_dqs_activate
 .text.cvmx_helper_pko3_init_interface
                0x00000000c0074b5c      0xefc arch/mips/cpu/octeon/cvmx/libcvmx.o
                0x00000000c0074b5c                cvmx_helper_pko3_init_interface
 .text.__cvmx_helper_rgmii_link_get
                0x00000000c0075a58       0xbc arch/mips/cpu/octeon/cvmx/libcvmx.o
                0x00000000c0075a58                __cvmx_helper_rgmii_link_get
 .text.__cvmx_helper_gmii_link_get
                0x00000000c0075b14       0x6c arch/mips/cpu/octeon/cvmx/libcvmx.o
                0x00000000c0075b14                __cvmx_helper_gmii_link_get
 .text.cvmx_helper_rgmii_internal_loopback
                0x00000000c0075b80      0x57c arch/mips/cpu/octeon/cvmx/libcvmx.o
                0x00000000c0075b80                cvmx_helper_rgmii_internal_loopback
 .text.__cvmx_helper_rgmii_enable
                0x00000000c00760fc      0xd54 arch/mips/cpu/octeon/cvmx/libcvmx.o
                0x00000000c00760fc                __cvmx_helper_rgmii_enable
 .text.__cvmx_helper_rgmii_configure_loopback
                0x00000000c0076e50      0x6f8 arch/mips/cpu/octeon/cvmx/libcvmx.o
                0x00000000c0076e50                __cvmx_helper_rgmii_configure_loopback
 .text.__cvmx_helper_rgmii_probe
                0x00000000c0077548      0x210 arch/mips/cpu/octeon/cvmx/libcvmx.o
                0x00000000c0077548                __cvmx_helper_rgmii_probe
 .text.__cvmx_helper_rgmii_link_set
                0x00000000c0077758     0x1198 arch/mips/cpu/octeon/cvmx/libcvmx.o
                0x00000000c0077758                __cvmx_helper_rgmii_link_set
 .text.cvmx_sfp_register_check_mod_abs
                0x00000000c00788f0       0x1c arch/mips/cpu/octeon/cvmx/libcvmx.o
                0x00000000c00788f0                cvmx_sfp_register_check_mod_abs
 .text.cvmx_sfp_register_mod_abs_changed
                0x00000000c007890c       0x18 arch/mips/cpu/octeon/cvmx/libcvmx.o
                0x00000000c007890c                cvmx_sfp_register_mod_abs_changed
 .text.cvmx_sfp_check_mod_abs
                0x00000000c0078924       0xbc arch/mips/cpu/octeon/cvmx/libcvmx.o
                0x00000000c0078924                cvmx_sfp_check_mod_abs
 .text.cvmx_qsfp_select
                0x00000000c00789e0       0x38 arch/mips/cpu/octeon/cvmx/libcvmx.o
 .text.cvmx_sfp_read_i2c_eeprom
                0x00000000c0078a18      0xbc8 arch/mips/cpu/octeon/cvmx/libcvmx.o
                0x00000000c0078a18                cvmx_sfp_read_i2c_eeprom
 .text.__cvmx_helper_need_g15618
                0x00000000c00795e0       0x88 arch/mips/cpu/octeon/cvmx/libcvmx.o
 .text.__cvmx_helper_sgmii_hardware_init_link
                0x00000000c0079668      0x75c arch/mips/cpu/octeon/cvmx/libcvmx.o
 .text.__cvmx_helper_sgmii_link_set
                0x00000000c0079dc4      0xfa4 arch/mips/cpu/octeon/cvmx/libcvmx.o
                0x00000000c0079dc4                __cvmx_helper_sgmii_link_set
 .text.__cvmx_helper_sgmii_enumerate
                0x00000000c007ad68       0x98 arch/mips/cpu/octeon/cvmx/libcvmx.o
                0x00000000c007ad68                __cvmx_helper_sgmii_enumerate
 .text.__cvmx_helper_sgmii_link_get
                0x00000000c007ae00      0x424 arch/mips/cpu/octeon/cvmx/libcvmx.o
                0x00000000c007ae00                __cvmx_helper_sgmii_link_get
 .text.__cvmx_helper_sgmii_enable
                0x00000000c007b224     0x15cc arch/mips/cpu/octeon/cvmx/libcvmx.o
                0x00000000c007b224                __cvmx_helper_sgmii_enable
 .text.__cvmx_helper_sgmii_configure_loopback
                0x00000000c007c7f0      0x314 arch/mips/cpu/octeon/cvmx/libcvmx.o
                0x00000000c007c7f0                __cvmx_helper_sgmii_configure_loopback
 .text.__cvmx_helper_sgmii_probe
                0x00000000c007cb04      0x22c arch/mips/cpu/octeon/cvmx/libcvmx.o
                0x00000000c007cb04                __cvmx_helper_sgmii_probe
 .text.__cvmx_helper_spi_link_set
                0x00000000c007cd30        0x8 arch/mips/cpu/octeon/cvmx/libcvmx.o
                0x00000000c007cd30                __cvmx_helper_spi_link_set
 .text.__cvmx_helper_spi_enumerate
                0x00000000c007cd38       0x64 arch/mips/cpu/octeon/cvmx/libcvmx.o
                0x00000000c007cd38                __cvmx_helper_spi_enumerate
 .text.__cvmx_helper_spi_link_get
                0x00000000c007cd9c      0x130 arch/mips/cpu/octeon/cvmx/libcvmx.o
                0x00000000c007cd9c                __cvmx_helper_spi_link_get
 .text.__cvmx_helper_spi_enable
                0x00000000c007cecc      0x118 arch/mips/cpu/octeon/cvmx/libcvmx.o
                0x00000000c007cecc                __cvmx_helper_spi_enable
 .text.__cvmx_helper_spi_probe
                0x00000000c007cfe4       0xb4 arch/mips/cpu/octeon/cvmx/libcvmx.o
                0x00000000c007cfe4                __cvmx_helper_spi_probe
 .text.__cvmx_helper_srio_link_set
                0x00000000c007d098        0x8 arch/mips/cpu/octeon/cvmx/libcvmx.o
                0x00000000c007d098                __cvmx_helper_srio_link_set
 .text.__cvmx_helper_srio_port
                0x00000000c007d0a0       0xf4 arch/mips/cpu/octeon/cvmx/libcvmx.o
                0x00000000c007d0a0                __cvmx_helper_srio_port
 .text.__cvmx_helper_srio_link_get
                0x00000000c007d194      0x2e4 arch/mips/cpu/octeon/cvmx/libcvmx.o
                0x00000000c007d194                __cvmx_helper_srio_link_get
 .text.__cvmx_helper_srio_probe
                0x00000000c007d478      0x154 arch/mips/cpu/octeon/cvmx/libcvmx.o
                0x00000000c007d478                __cvmx_helper_srio_probe
 .text.__cvmx_helper_srio_enable
                0x00000000c007d5cc      0x7ac arch/mips/cpu/octeon/cvmx/libcvmx.o
                0x00000000c007d5cc                __cvmx_helper_srio_enable
 .text.cvmx_helper_interface_mode_to_string
                0x00000000c007dd78      0x130 arch/mips/cpu/octeon/cvmx/libcvmx.o
                0x00000000c007dd78                cvmx_helper_interface_mode_to_string
 .text.cvmx_helper_get_interface_num
                0x00000000c007dea8      0x25c arch/mips/cpu/octeon/cvmx/libcvmx.o
                0x00000000c007dea8                cvmx_helper_get_interface_num
 .text.cvmx_helper_get_interface_index_num
                0x00000000c007e104      0x218 arch/mips/cpu/octeon/cvmx/libcvmx.o
                0x00000000c007e104                cvmx_helper_get_interface_index_num
 .text.cvmx_helper_get_bpid
                0x00000000c007e31c       0xc4 arch/mips/cpu/octeon/cvmx/libcvmx.o
                0x00000000c007e31c                cvmx_helper_get_bpid
 .text.cvmx_helper_get_pknd
                0x00000000c007e3e0       0xc4 arch/mips/cpu/octeon/cvmx/libcvmx.o
                0x00000000c007e3e0                cvmx_helper_get_pknd
 .text.cvmx_helper_get_pko_port
                0x00000000c007e4a4       0x18 arch/mips/cpu/octeon/cvmx/libcvmx.o
                0x00000000c007e4a4                cvmx_helper_get_pko_port
 .text.cvmx_packet_short_ptr_calculate
                0x00000000c007e4bc      0x370 arch/mips/cpu/octeon/cvmx/libcvmx.o
 .text.cvmx_wqe_get_packet_ptr
                0x00000000c007e82c      0x3b0 arch/mips/cpu/octeon/cvmx/libcvmx.o
                0x00000000c007e82c                cvmx_wqe_get_packet_ptr
 .text.__cvmx_helper_setup_gmx
                0x00000000c007ebdc      0x9e8 arch/mips/cpu/octeon/cvmx/libcvmx.o
                0x00000000c007ebdc                __cvmx_helper_setup_gmx
 .text.cvmx_helper_get_ipd_port
                0x00000000c007f5c4      0x290 arch/mips/cpu/octeon/cvmx/libcvmx.o
                0x00000000c007f5c4                cvmx_helper_get_ipd_port
 .text.cvmx_helper_free_packet_data
                0x00000000c007f854      0x5fc arch/mips/cpu/octeon/cvmx/libcvmx.o
                0x00000000c007f854                cvmx_helper_free_packet_data
 .text.cvmx_wqe_free
                0x00000000c007fe50      0x278 arch/mips/cpu/octeon/cvmx/libcvmx.o
                0x00000000c007fe50                cvmx_wqe_free
 .text.__cvmx_helper_xaui_link_init
                0x00000000c00800c8     0x1688 arch/mips/cpu/octeon/cvmx/libcvmx.o
                0x00000000c00800c8                __cvmx_helper_xaui_link_init
 .text.__cvmx_helper_xaui_enumerate
                0x00000000c0081750       0xd4 arch/mips/cpu/octeon/cvmx/libcvmx.o
                0x00000000c0081750                __cvmx_helper_xaui_enumerate
 .text.__cvmx_helper_xaui_enable
                0x00000000c0081824      0x53c arch/mips/cpu/octeon/cvmx/libcvmx.o
                0x00000000c0081824                __cvmx_helper_xaui_enable
 .text.__cvmx_helper_xaui_link_get
                0x00000000c0081d60      0x574 arch/mips/cpu/octeon/cvmx/libcvmx.o
                0x00000000c0081d60                __cvmx_helper_xaui_link_get
 .text.__cvmx_helper_xaui_link_set
                0x00000000c00822d4      0x134 arch/mips/cpu/octeon/cvmx/libcvmx.o
                0x00000000c00822d4                __cvmx_helper_xaui_link_set
 .text.__cvmx_helper_xaui_configure_loopback
                0x00000000c0082408      0x240 arch/mips/cpu/octeon/cvmx/libcvmx.o
                0x00000000c0082408                __cvmx_helper_xaui_configure_loopback
 .text.__cvmx_helper_xaui_probe
                0x00000000c0082648      0x37c arch/mips/cpu/octeon/cvmx/libcvmx.o
                0x00000000c0082648                __cvmx_helper_xaui_probe
 .text.cvmx_ilk_use_la_mode
                0x00000000c00829c4       0x84 arch/mips/cpu/octeon/cvmx/libcvmx.o
                0x00000000c00829c4                cvmx_ilk_use_la_mode
 .text.cvmx_ilk_get_intf_ena
                0x00000000c0082a48       0xb0 arch/mips/cpu/octeon/cvmx/libcvmx.o
                0x00000000c0082a48                cvmx_ilk_get_intf_ena
 .text.cvmx_ilk_start_interface
                0x00000000c0082af8      0x8a0 arch/mips/cpu/octeon/cvmx/libcvmx.o
                0x00000000c0082af8                cvmx_ilk_start_interface
 .text.cvmx_ilk_enable
                0x00000000c0083398      0x298 arch/mips/cpu/octeon/cvmx/libcvmx.o
                0x00000000c0083398                cvmx_ilk_enable
 .text.cvmx_ipd_disable
                0x00000000c0083630       0xa8 arch/mips/cpu/octeon/cvmx/libcvmx.o
                0x00000000c0083630                cvmx_ipd_disable
 .text.cvmx_ipd_convert_to_newcfg
                0x00000000c00836d8      0x21c arch/mips/cpu/octeon/cvmx/libcvmx.o