
Discarded input sections

 .data          0x0000000000000000        0x0 /homes/markli/u-boot-siege-git/u-boot/obj/stage1/spi-boot-start.o
 .bss           0x0000000000000000        0x0 /homes/markli/u-boot-siege-git/u-boot/obj/stage1/spi-boot-start.o
 .MIPS.options  0x0000000000000000        0x0 /homes/markli/u-boot-siege-git/u-boot/obj/stage1/spi-boot-start.o
 .pdr           0x0000000000000000        0x0 /homes/markli/u-boot-siege-git/u-boot/obj/stage1/spi-boot-start.o
 .MIPS.options  0x0000000000000000        0x0 /homes/markli/u-boot-siege-git/u-boot/obj/stage1/spi-boot.o
 .pdr           0x0000000000000000        0x0 /homes/markli/u-boot-siege-git/u-boot/obj/stage1/spi-boot.o
 .debug_ranges  0x0000000000000000        0x0 /homes/markli/u-boot-siege-git/u-boot/obj/stage1/spi-boot.o
 .comment       0x0000000000000000        0x0 /homes/markli/u-boot-siege-git/u-boot/obj/stage1/spi-boot.o

Memory Configuration

Name             Origin             Length             Attributes
*default*        0x0000000000000000 0xffffffffffffffff

Linker script and memory map

                0xffffffff81000000                PROVIDE (__executable_start, 0xffffffff81000000)
                0xffffffff81000078                . = (0xffffffff81000000 + SIZEOF_HEADERS)
                0xffffffff81000000                . = 0xffffffff81000000

.text           0xffffffff81000000     0x1640
 *(.text.init)
 *(.text)
 .text          0xffffffff81000000      0x6f0 /homes/markli/u-boot-siege-git/u-boot/obj/stage1/spi-boot-start.o
                0xffffffff81000688                jump_to_bootloader
                0xffffffff810006dc                move_and_start_end
                0xffffffff81000000                __start
                0xffffffff81000698                move_and_start
 .text          0xffffffff810006f0      0xf50 /homes/markli/u-boot-siege-git/u-boot/obj/stage1/spi-boot.o
                0xffffffff81001088                main
 *(.text.*)
 *(.text.init)
 *(.text)
 *(.text.*)
                0xffffffff81001640                PROVIDE (__etext, .)

.rodata         0xffffffff81001640      0x270
 *(.rodata .rodata.* .gnu.linkonce.r.*)
 .rodata.str1.8
                0xffffffff81001640      0x160 /homes/markli/u-boot-siege-git/u-boot/obj/stage1/spi-boot.o
 .rodata        0xffffffff810017a0      0x110 /homes/markli/u-boot-siege-git/u-boot/obj/stage1/spi-boot.o
 *(.rodata .rodata.* .gnu.linkonce.r.*)

.rodata1
 *(.rodata1)
 *(.rodata1)

.data           0xffffffff810018b0       0x10
 *(.data)
 .data          0xffffffff810018b0       0x10 /homes/markli/u-boot-siege-git/u-boot/obj/stage1/spi-boot.o
 *(.data.*)
 *(.data)
 *(.data.*)
                0xffffffff810018c0                PROVIDE (_gp, ALIGN (0x10))
                0xffffffff810018c0                PROVIDE (__got_start, .)

.got
 *(.got)
 *(.got)
                0xffffffff810018c0                PROVIDE (__got_end, .)

.sdata
 *(.sdata .sdata.* .gnu.linkonce.s.*)
 *(.sdata .sdata.* .gnu.linkonce.s.*)
                0xffffffff810018c0                . = ALIGN (0x8)
                0xffffffff810018c0                PROVIDE (_edata, .)
                0xffffffff810018c0                . = ALIGN (0x10)
                0xffffffff810018c0                PROVIDE (__bss_start, .)
                0xffffffff810018c0                . = ALIGN (0x8)

.sbss           0xffffffff810018c0        0x8
 *(.dynsbss)
 *(.sbss .sbss.* .gnu.linkonce.sb.*)
 .sbss          0xffffffff810018c0        0x8 /homes/markli/u-boot-siege-git/u-boot/obj/stage1/spi-boot.o
 *(.dynsbss)
 *(.sbss .sbss.* .gnu.linkonce.sb.*)
                0xffffffff810018c8                . = ALIGN (0x8)

.bss            0xffffffff810018d0       0x30
 *(.bss .bss.* .gnu.linkonce.b.*)
 .bss           0xffffffff810018d0       0x30 /homes/markli/u-boot-siege-git/u-boot/obj/stage1/spi-boot.o
 *(COMMON)
 *(.bss .bss.* .gnu.linkonce.b.*)
 *(COMMON)

.rel.dyn        0xffffffff81001900        0x0
 .rel.dyn       0x0000000000000000        0x0 /homes/markli/u-boot-siege-git/u-boot/obj/stage1/spi-boot-start.o
                0x0000000000000000                . = ALIGN (0x8)

.scommon
 *(.scommon .scommon.*)
 *(.scommon .scommon.*)
                0x0000000000000000                . = ALIGN (0x8)

.cvmx_shared_bss
 *(.cvmx_shared_bss .cvmx_shared_bss.*)
 *(.cvmx_shared_bss .cvmx_shared_bss.*)
                0x0000000000000000                . = ALIGN (0x8)
                0x0000000000000000                PROVIDE (_ebss, .)
                0x0000000000000000                . = ALIGN (0x80)
                0x0000000000000000                PROVIDE (__end, .)

.debug
 *(.debug)
 *(.debug)

.line
 *(.line)
 *(.line)

.debug_srcinfo
 *(.debug_srcinfo)
 *(.debug_srcinfo)

.debug_sfnames
 *(.debug_sfnames)
 *(.debug_sfnames)

.debug_aranges  0x0000000000000000       0x60
 *(.debug_aranges)
 .debug_aranges
                0x0000000000000000       0x30 /homes/markli/u-boot-siege-git/u-boot/obj/stage1/spi-boot-start.o
 .debug_aranges
                0x0000000000000030       0x30 /homes/markli/u-boot-siege-git/u-boot/obj/stage1/spi-boot.o
 *(.debug_aranges)

.debug_pubnames
                0x0000000000000000       0x1b
 *(.debug_pubnames)
 .debug_pubnames
                0x0000000000000000       0x1b /homes/markli/u-boot-siege-git/u-boot/obj/stage1/spi-boot.o
 *(.debug_pubnames)

.debug_info     0x0000000000000000     0x3413
 *(.debug_info .gnu.linkonce.wi.*)
 .debug_info    0x0000000000000000       0x93 /homes/markli/u-boot-siege-git/u-boot/obj/stage1/spi-boot-start.o
 .debug_info    0x0000000000000093     0x3380 /homes/markli/u-boot-siege-git/u-boot/obj/stage1/spi-boot.o
 *(.debug_info .gnu.linkonce.wi.*)

.debug_abbrev   0x0000000000000000      0x513
 *(.debug_abbrev)
 .debug_abbrev  0x0000000000000000       0x14 /homes/markli/u-boot-siege-git/u-boot/obj/stage1/spi-boot-start.o
 .debug_abbrev  0x0000000000000014      0x4ff /homes/markli/u-boot-siege-git/u-boot/obj/stage1/spi-boot.o
 *(.debug_abbrev)

.debug_line     0x0000000000000000      0x551
 *(.debug_line)
 .debug_line    0x0000000000000000       0x89 /homes/markli/u-boot-siege-git/u-boot/obj/stage1/spi-boot-start.o
 .debug_line    0x0000000000000089      0x4c8 /homes/markli/u-boot-siege-git/u-boot/obj/stage1/spi-boot.o
 *(.debug_line)

.debug_frame    0x0000000000000000      0x218
 *(.debug_frame)
 .debug_frame   0x0000000000000000      0x218 /homes/markli/u-boot-siege-git/u-boot/obj/stage1/spi-boot.o
 *(.debug_frame)

.debug_str      0x0000000000000000      0xe1b
 *(.debug_str)
 .debug_str     0x0000000000000000      0xe1b /homes/markli/u-boot-siege-git/u-boot/obj/stage1/spi-boot.o
                                        0xf00 (size before relaxing)
 *(.debug_str)

.debug_loc      0x0000000000000000      0xf83
 *(.debug_loc)
 .debug_loc     0x0000000000000000      0xf83 /homes/markli/u-boot-siege-git/u-boot/obj/stage1/spi-boot.o
 *(.debug_loc)

.debug_macinfo
 *(.debug_macinfo)
 *(.debug_macinfo)

.debug_weaknames
 *(.debug_weaknames)
 *(.debug_weaknames)

.debug_funcnames
 *(.debug_funcnames)
 *(.debug_funcnames)

.debug_typenames
 *(.debug_typenames)
 *(.debug_typenames)

.debug_varnames
 *(.debug_varnames)
 *(.debug_varnames)

.gptab.sdata
 *(.gptab.data)
 *(.gptab.sdata)
 *(.gptab.data)
 *(.gptab.sdata)

.gptab.sbss
 *(.gptab.bss)
 *(.gptab.sbss)
 *(.gptab.bss)
 *(.gptab.sbss)

/DISCARD/
 *(.note.GNU-stack)
 *(.comment)
 *(.debug)
 *(.line)
 *(.gnu.attributes)
 *(.debug_aranges)
 *(.debug_info)
 *(.debug_abbrev)
 *(.debug_line)
 *(.debug_str)
 *(.debug_loc)
 *(.debug_ranges)
 *(.gnu_debuglink)
 *(.gnu.lto_*)
 *(.note.GNU-stack)
 *(.comment)
 *(.debug)
 *(.line)
 *(.gnu.attributes)
 *(.debug_aranges)
 *(.debug_info)
 *(.debug_abbrev)
 *(.debug_line)
 *(.debug_str)
 *(.debug_loc)
 *(.debug_ranges)
 *(.gnu_debuglink)
 *(.gnu.lto_*)
LOAD /homes/markli/u-boot-siege-git/u-boot/obj/stage1/spi-boot-start.o
LOAD /homes/markli/u-boot-siege-git/u-boot/obj/stage1/spi-boot.o
LOAD spi-boot.lds
                0xffffffff81000000                PROVIDE (__executable_start, 0xffffffff81000000)
                0xffffffff81000078                . = (0xffffffff81000000 + SIZEOF_HEADERS)
                0xffffffff81000000                . = 0xffffffff81000000
Address of section .text set to 0xffffffff81000000
OUTPUT(/homes/markli/u-boot-siege-git/u-boot/obj/stage1/spi-boot.elf elf64-tradbigmips)
                0xffffffff81000000                PROVIDE (__etext, .)
                0xffffffff81000000                PROVIDE (_gp, ALIGN (0x10))
                0xffffffff81000000                PROVIDE (__got_start, .)
                0xffffffff81000000                PROVIDE (__got_end, .)
                0xffffffff81000000                . = ALIGN (0x8)
                0xffffffff81000000                PROVIDE (_edata, .)
                0xffffffff81000000                . = ALIGN (0x10)
                0xffffffff81000000                PROVIDE (__bss_start, .)
                0xffffffff81000000                . = ALIGN (0x8)
                0xffffffff81000000                . = ALIGN (0x8)
                0xffffffff81000000                . = ALIGN (0x8)
                0xffffffff81000000                . = ALIGN (0x8)
                0xffffffff81000000                . = ALIGN (0x8)
                0xffffffff81000000                PROVIDE (_ebss, .)
                0xffffffff81000000                . = ALIGN (0x80)
                0xffffffff81000000                PROVIDE (__end, .)

.mdebug.abi64   0x0000000000000000        0x0
 .mdebug.abi64  0x0000000000000000        0x0 /homes/markli/u-boot-siege-git/u-boot/obj/stage1/spi-boot.o
