Archive member included because of file (symbol)

/homes/markli/u-boot-siege-git/u-boot/gcc_depends/n32/libgcc.a(_ffssi2.o)
                              arch/mips/cpu/octeon/libocteon.o (__ffsdi2)
/homes/markli/u-boot-siege-git/u-boot/gcc_depends/n32/libgcc.a(_clz.o)
                              /homes/markli/u-boot-siege-git/u-boot/gcc_depends/n32/libgcc.a(_ffssi2.o) (__clz_tab)
/homes/markli/u-boot-siege-git/u-boot/gcc_depends/n32/libgcc.a(_ctzsi2.o)
                              arch/mips/cpu/octeon/cvmx/libcvmx.o (__ctzdi2)
/homes/markli/u-boot-siege-git/u-boot/gcc_depends/n32/libgcc.a(_sf_to_df.o)
                              arch/mips/cpu/octeon/cvmx/libcvmx.o (__extendsfdf2)
/homes/markli/u-boot-siege-git/u-boot/gcc_depends/n32/libgcc.a(_make_df.o)
                              /homes/markli/u-boot-siege-git/u-boot/gcc_depends/n32/libgcc.a(_sf_to_df.o) (__make_dp)
/homes/markli/u-boot-siege-git/u-boot/gcc_depends/n32/libgcc.a(_unpack_sf.o)
                              /homes/markli/u-boot-siege-git/u-boot/gcc_depends/n32/libgcc.a(_sf_to_df.o) (__unpack_f)
/homes/markli/u-boot-siege-git/u-boot/gcc_depends/n32/libgcc.a(_pack_df.o)
                              /homes/markli/u-boot-siege-git/u-boot/gcc_depends/n32/libgcc.a(_make_df.o) (__pack_d)

Allocating common symbols
Common symbol       size              file

console_buffer      0x101             common/libcommon.o
cvmx_bootinfo_array
                    0x48000           arch/mips/cpu/octeon/libocteon.o
cvmx_l2c_vrt_spinlock
                    0x4               arch/mips/cpu/octeon/cvmx/libcvmx.o
lock                0x4               arch/mips/cpu/octeon/cvmx/libcvmx.o
monitor_flash_len   0x4               arch/mips/lib/libmips.o
save_addr           0x4               common/libcommon.o
cvmx_l2c_spinlock   0x4               arch/mips/cpu/octeon/cvmx/libcvmx.o
iface_node_ops      0xb0              arch/mips/cpu/octeon/cvmx/libcvmx.o
___strtok           0x4               lib/libgeneric.o
boot_desc           0x64000           arch/mips/cpu/octeon/libocteon.o
cvmx_app_id         0x8               arch/mips/cpu/octeon/cvmx/libcvmx.o
boot_cycle_adjustment
                    0x8               arch/mips/cpu/octeon/libocteon.o
cvmx_export_app_config
                    0x4               arch/mips/cpu/octeon/cvmx/libcvmx.o
env_ptr             0x4               common/libcommon.o
octeon_feature_map  0x80              arch/mips/cpu/octeon/cvmx/libcvmx.o
boot_info_block_array
                    0xe000            arch/mips/cpu/octeon/libocteon.o
pcpu_cfg_blk        0x4               arch/mips/cpu/octeon/cvmx/libcvmx.o
uboot_prompt        0x40              common/libcommon.o
working_fdt         0x4               common/libcommon.o
cvmx_enable_helper_flag
                    0x4               arch/mips/cpu/octeon/cvmx/libcvmx.o
octeon_attr_map     0x8               arch/mips/cpu/octeon/cvmx/libcvmx.o
save_size           0x4               common/libcommon.o
cvmx_override_iface_phy_mode
                    0x4               arch/mips/cpu/octeon/cvmx/libcvmx.o
__cvmx_cmd_queue_state_ptrs
                    0x10              arch/mips/cpu/octeon/cvmx/libcvmx.o
coremask_to_run     0x80              arch/mips/cpu/octeon/libocteon.o
pcie_link_initialized
                    0x10              arch/mips/cpu/octeon/cvmx/libcvmx.o
octeon_boot_descriptor_flag
                    0x4               arch/mips/cpu/octeon/cvmx/libcvmx.o

Discarded input sections

 .data          0x0000000000000000        0x0 arch/mips/cpu/octeon/start.o
 .bss           0x0000000000000000        0x0 arch/mips/cpu/octeon/start.o
 .reginfo       0x0000000000000000        0x0 arch/mips/cpu/octeon/start.o
 .pdr           0x0000000000000000        0x0 arch/mips/cpu/octeon/start.o
 .reginfo       0x0000000000000000        0x0 arch/mips/cpu/octeon/cvmx/libcvmx.o
 .text          0x0000000000000000        0x0 arch/mips/cpu/octeon/cvmx/libcvmx.o
 .text.generic_ffs
                0x0000000000000000        0x0 arch/mips/cpu/octeon/cvmx/libcvmx.o
 .text.cvmx_bootmem_init
                0x0000000000000000        0x0 arch/mips/cpu/octeon/cvmx/libcvmx.o
 .text.cvmx_bootmem_phy_available_mem
                0x0000000000000000        0x0 arch/mips/cpu/octeon/cvmx/libcvmx.o
 .text.cvmx_bootmem_available_mem
                0x0000000000000000        0x0 arch/mips/cpu/octeon/cvmx/libcvmx.o
 .text.cvmx_bootmem_lock
                0x0000000000000000        0x0 arch/mips/cpu/octeon/cvmx/libcvmx.o
 .text.cvmx_bootmem_unlock
                0x0000000000000000        0x0 arch/mips/cpu/octeon/cvmx/libcvmx.o
 .text.__cvmx_phys_addr_to_ptr
                0x0000000000000000        0x0 arch/mips/cpu/octeon/cvmx/libcvmx.o
 .text.cvmx_bootmem_alloc_range
                0x0000000000000000        0x0 arch/mips/cpu/octeon/cvmx/libcvmx.o
 .text.cvmx_bootmem_alloc
                0x0000000000000000        0x0 arch/mips/cpu/octeon/cvmx/libcvmx.o
 .text.cvmx_bootmem_alloc_node
[...]
Memory Configuration

Name             Origin             Length             Attributes
*default*        0x0000000000000000 0xffffffffffffffff

Linker script and memory map

                0x00000000c0000000                PROVIDE (__executable_start, 0xc0000000)
                0x00000000c0000074                . = (0xc0000000 + SIZEOF_HEADERS)
                0x00000000c0000074                . = ALIGN (0x4)

.text           0x00000000c0000000    0x44894
 *(.text)
 .text          0x00000000c0000000     0x1f40 arch/mips/cpu/octeon/start.o
                0x00000000c0001dd0                nmi_exception_handler
                0x00000000c00013bc                asm_launch_linux_entry_point
                0x00000000c0000938                InitTLBStart
                0x00000000c0000f34                relocate_code_octeon
                0x00000000c00011d8                debugHandler_entrypoint
                0x00000000c0000ee0                relocate_code
                0x00000000c00013a8                tlbwi_and_eret
                0x00000000c00013fc                octeon_uart_write_char
                0x00000000c0000ef0                relocate_code_octeon_o32
                0x00000000c0001420                octeon_uart_write_lf
                0x00000000c0001564                exception_handler_stage2
                0x00000000c0001ee0                bist_read_memctl_cacheerr
                0x00000000c0001f38                bist_read_memctl_cacheerr_end
                0x00000000c00012b0                simple_tlb_setup
                0x00000000c0001318                single_tlb_setup
                0x00000000c0000000                _start
                0x00000000c0000505                bootver_env_string
                0x00000000c0001224                OcteonBreak
                0x00000000c0000500                uboot_api_ver_string
                0x00000000c0001e70                revid_check_patch
                0x00000000c00015f0                exception_handler_stage3
                0x00000000c0000600                asm_reset
                0x00000000c0001e68                juniper_dmult
                0x00000000c0001230                SecondaryCoreInit
                0x00000000c0001464                uart_write_string
                0x00000000c0001e60                exception_handler_stage1
                0x00000000c00010b8                romExcHandle
 .text          0x00000000c0001f40       0x80 /homes/markli/u-boot-siege-git/u-boot/gcc_depends/n32/libgcc.a(_ctzsi2.o)
                0x00000000c0001f40                __ctzdi2
 *(.text.*)
 .text.CVMX_BOOTMEM_NAMED_GET_NAME
                0x00000000c0001fc0       0x5c arch/mips/cpu/octeon/cvmx/libcvmx.o
 .text.CVMX_BOOTMEM_NAMED_SET_NAME
                0x00000000c000201c       0x64 arch/mips/cpu/octeon/cvmx/libcvmx.o
                0x00000000c000201c                CVMX_BOOTMEM_NAMED_SET_NAME
 .text.__cvmx_validate_mem_range
                0x00000000c0002080       0x44 arch/mips/cpu/octeon/cvmx/libcvmx.o
 .text.__cvmx_bootmem_internal_get_desc_ptr
                0x00000000c00020c4       0x1c arch/mips/cpu/octeon/cvmx/libcvmx.o
                0x00000000c00020c4                __cvmx_bootmem_internal_get_desc_ptr
 .text.__cvmx_bootmem_check_version
                0x00000000c00020e0       0x94 arch/mips/cpu/octeon/cvmx/libcvmx.o
 .text.__cvmx_bootmem_phy_free
                0x00000000c0002174      0x2ec arch/mips/cpu/octeon/cvmx/libcvmx.o
                0x00000000c0002174                __cvmx_bootmem_phy_free
 .text.cvmx_bootmem_phy_alloc
                0x00000000c0002460      0x3b8 arch/mips/cpu/octeon/cvmx/libcvmx.o
                0x00000000c0002460                cvmx_bootmem_phy_alloc
 .text.cvmx_bootmem_phy_named_block_find
                0x00000000c0002818      0x1fc arch/mips/cpu/octeon/cvmx/libcvmx.o
                0x00000000c0002818                cvmx_bootmem_phy_named_block_find
 .text.cvmx_bootmem_phy_named_block_alloc
                0x00000000c0002a14      0x1f0 arch/mips/cpu/octeon/cvmx/libcvmx.o
                0x00000000c0002a14                cvmx_bootmem_phy_named_block_alloc
 .text.cvmx_bootmem_alloc_named_range_once
                0x00000000c0002c04      0x194 arch/mips/cpu/octeon/cvmx/libcvmx.o
                0x00000000c0002c04                cvmx_bootmem_alloc_named_range_once
 .text.cvmx_bootmem_reserve_memory
                0x00000000c0002d98      0x1e0 arch/mips/cpu/octeon/cvmx/libcvmx.o
                0x00000000c0002d98                cvmx_bootmem_reserve_memory
 .text.cvmx_bootmem_phy_mem_list_init
                0x00000000c0002f78      0x480 arch/mips/cpu/octeon/cvmx/libcvmx.o
                0x00000000c0002f78                cvmx_bootmem_phy_mem_list_init
 .text.cvmx_boot_vector_get
                0x00000000c00033f8      0x1c8 arch/mips/cpu/octeon/cvmx/libcvmx.o
                0x00000000c00033f8                cvmx_boot_vector_get
 .text.cvmx_clock_get_rate_node
                0x00000000c00035c0       0xb8 arch/mips/cpu/octeon/cvmx/libcvmx.o
                0x00000000c00035c0                cvmx_clock_get_rate_node
 .text.cvmx_clock_get_rate
                0x00000000c0003678       0x20 arch/mips/cpu/octeon/cvmx/libcvmx.o
                0x00000000c0003678                cvmx_clock_get_rate
 .text.cvmx_coremask_str2bmp
                0x00000000c0003698      0x2a4 arch/mips/cpu/octeon/cvmx/libcvmx.o
                0x00000000c0003698                cvmx_coremask_str2bmp
 .text.__read_l2_tag
                0x00000000c000393c       0x90 arch/mips/cpu/octeon/cvmx/libcvmx.o
 .text.cvmx_l2c_address_to_tad
                0x00000000c00039cc      0x11c arch/mips/cpu/octeon/cvmx/libcvmx.o
                0x00000000c00039cc                cvmx_l2c_address_to_tad
 .text.cvmx_l2c_set_big_size_node
                0x00000000c0003ae8      0x3b4 arch/mips/cpu/octeon/cvmx/libcvmx.o
                0x00000000c0003ae8                cvmx_l2c_set_big_size_node
 .text.cvmx_l2c_set_big_size
                0x00000000c0003e9c       0x20 arch/mips/cpu/octeon/cvmx/libcvmx.o
                0x00000000c0003e9c                cvmx_l2c_set_big_size
 .text.cvmx_l2c_get_num_assoc
                0x00000000c0003ebc      0x29c arch/mips/cpu/octeon/cvmx/libcvmx.o
                0x00000000c0003ebc                cvmx_l2c_get_num_assoc
 .text.cvmx_l2c_get_set_bits
                0x00000000c0004158      0x198 arch/mips/cpu/octeon/cvmx/libcvmx.o
                0x00000000c0004158                cvmx_l2c_get_set_bits
 .text.cvmx_l2c_get_num_sets
                0x00000000c00042f0       0x3c arch/mips/cpu/octeon/cvmx/libcvmx.o
                0x00000000c00042f0                cvmx_l2c_get_num_sets
 .text.cvmx_l2c_flush_line
                0x00000000c000432c      0x228 arch/mips/cpu/octeon/cvmx/libcvmx.o
                0x00000000c000432c                cvmx_l2c_flush_line
 .text.cvmx_l2c_address_to_index
                0x00000000c0004554      0x274 arch/mips/cpu/octeon/cvmx/libcvmx.o
                0x00000000c0004554                cvmx_l2c_address_to_index
 .text.cvmx_l2c_v2_address_to_tag
                0x00000000c00047c8      0x170 arch/mips/cpu/octeon/cvmx/libcvmx.o
                0x00000000c00047c8                cvmx_l2c_v2_address_to_tag
 .text.cvmx_l2c_flush
                0x00000000c0004938      0x13c arch/mips/cpu/octeon/cvmx/libcvmx.o
                0x00000000c0004938                cvmx_l2c_flush
 .text.cvmx_l2c_get_tag_v2
                0x00000000c0004a74      0x460 arch/mips/cpu/octeon/cvmx/libcvmx.o
                0x00000000c0004a74                cvmx_l2c_get_tag_v2
 .text.cvmx_l2c_unlock_line
                0x00000000c0004ed4      0x254 arch/mips/cpu/octeon/cvmx/libcvmx.o
                0x00000000c0004ed4                cvmx_l2c_unlock_line
 .text.cvmx_l2c_unlock_mem_region
                0x00000000c0005128       0x90 arch/mips/cpu/octeon/cvmx/libcvmx.o
                0x00000000c0005128                cvmx_l2c_unlock_mem_region
 .text.cvmx_l2c_lock_line
                0x00000000c00051b8      0x4fc arch/mips/cpu/octeon/cvmx/libcvmx.o
                0x00000000c00051b8                cvmx_l2c_lock_line
 .text.cvmx_l2c_lock_mem_region
                0x00000000c00056b4       0x94 arch/mips/cpu/octeon/cvmx/libcvmx.o
                0x00000000c00056b4                cvmx_l2c_lock_mem_region
 .text.cvmx_l2c_set_hw_way_partition
                0x00000000c0005748      0x168 arch/mips/cpu/octeon/cvmx/libcvmx.o
                0x00000000c0005748                cvmx_l2c_set_hw_way_partition
 .text.cvmx_l2c_get_core_way_partition
                0x00000000c00058b0      0x2bc arch/mips/cpu/octeon/cvmx/libcvmx.o
                0x00000000c00058b0                cvmx_l2c_get_core_way_partition
 .text.cvmx_l2c_set_core_way_partition
                0x00000000c0005b6c      0x36c arch/mips/cpu/octeon/cvmx/libcvmx.o
                0x00000000c0005b6c                cvmx_l2c_set_core_way_partition
 .text.cvmx_sysinfo_get
                0x00000000c0005ed8       0x18 arch/mips/cpu/octeon/cvmx/libcvmx.o
                0x00000000c0005ed8                cvmx_sysinfo_get
 .text.cvmx_sysinfo_minimal_initialize
                0x00000000c0005ef0       0xa0 arch/mips/cpu/octeon/cvmx/libcvmx.o
                0x00000000c0005ef0                cvmx_sysinfo_minimal_initialize
 .text.__octeon_is_model_runtime__
                0x00000000c0005f90      0x214 arch/mips/cpu/octeon/cvmx/libcvmx.o
                0x00000000c0005f90                __octeon_is_model_runtime__
 .text.cvmx_phys_to_ptr
                0x00000000c00061a4       0x80 arch/mips/cpu/octeon/cvmx/libcvmx.o
                0x00000000c00061a4                cvmx_phys_to_ptr
 .text.cvmx_ptr_to_phys2
                0x00000000c0006224       0xcc arch/mips/cpu/octeon/cvmx/libcvmx.o
                0x00000000c0006224                cvmx_ptr_to_phys2
 .text.cvmx_ptr_to_phys
                0x00000000c00062f0       0x54 arch/mips/cpu/octeon/cvmx/libcvmx.o
                0x00000000c00062f0                cvmx_ptr_to_phys
 .text.cvmx_wait_usec
                0x00000000c0006344       0x88 arch/mips/cpu/octeon/cvmx/libcvmx.o
                0x00000000c0006344                cvmx_wait_usec
 .text.octeon_model_get_string_buffer
                0x00000000c00063cc     0x15a0 arch/mips/cpu/octeon/cvmx/libcvmx.o
                0x00000000c00063cc                octeon_model_get_string_buffer
 .text.flush_cache
                0x00000000c000796c       0x18 arch/mips/cpu/octeon/libocteon.o
                0x00000000c000796c                flush_cache
 .text.get_num_tlb_entries
                0x00000000c0007984       0x2c arch/mips/cpu/octeon/libocteon.o
                0x00000000c0007984                get_num_tlb_entries
 .text.do_reset
                0x00000000c00079b0      0x164 arch/mips/cpu/octeon/libocteon.o
                0x00000000c00079b0                do_reset
 .text.octeon_get_cpu_multiplier
                0x00000000c0007b14      0x104 arch/mips/cpu/octeon/libocteon.o
                0x00000000c0007b14                octeon_get_cpu_multiplier
 .text.octeon_get_ioclk_hz
                0x00000000c0007c18       0xdc arch/mips/cpu/octeon/libocteon.o
                0x00000000c0007c18                octeon_get_ioclk_hz
 .text.calculate_image_crc
                0x00000000c0007cf4       0x38 arch/mips/cpu/octeon/libocteon.o
                0x00000000c0007cf4                calculate_image_crc
 .text.calculate_header_crc
                0x00000000c0007d2c       0x6c arch/mips/cpu/octeon/libocteon.o
                0x00000000c0007d2c                calculate_header_crc
 .text.validate_bootloader_header
                0x00000000c0007d98       0x6c arch/mips/cpu/octeon/libocteon.o
                0x00000000c0007d98                validate_bootloader_header
 .text.validate_ddr3_rlevel_bitmask
                0x00000000c0007e04      0x21c arch/mips/cpu/octeon/libocteon.o
 .text.compute_ddr3_rlevel_delay
                0x00000000c0008020       0x4c arch/mips/cpu/octeon/libocteon.o
 .text.update_wlevel_rank_struct
                0x00000000c000806c       0x40 arch/mips/cpu/octeon/libocteon.o
 .text.get_wlevel_rank_struct
                0x00000000c00080ac       0x2c arch/mips/cpu/octeon/libocteon.o
 .text.update_rlevel_rank_struct
                0x00000000c00080d8       0x44 arch/mips/cpu/octeon/libocteon.o
 .text.rlevel_to_wlevel
                0x00000000c000811c       0x58 arch/mips/cpu/octeon/libocteon.o
 .text.nonsequential_delays
                0x00000000c0008174       0xc4 arch/mips/cpu/octeon/libocteon.o
 .text.roundup_ddr3_wlevel_bitmask
                0x00000000c0008238       0xa4 arch/mips/cpu/octeon/libocteon.o
 .text.set_ddr_clock_initialized
                0x00000000c00082dc       0x50 arch/mips/cpu/octeon/libocteon.o
 .text.ddr_clock_initialized
                0x00000000c000832c       0x14 arch/mips/cpu/octeon/libocteon.o
 .text.octeon_ipd_delay_cycles
                0x00000000c0008340       0x34 arch/mips/cpu/octeon/libocteon.o
 .text.ddr_print
                0x00000000c0008374       0x60 arch/mips/cpu/octeon/libocteon.o
 .text.lookup_ddr_config_structure
                0x00000000c00083d4     0x10c8 arch/mips/cpu/octeon/libocteon.o
                0x00000000c00083d4                lookup_ddr_config_structure
 .text.ddr_config_write_csr_node
                0x00000000c000949c       0xc0 arch/mips/cpu/octeon/libocteon.o
 .text.load_dll_offset
                0x00000000c000955c      0x508 arch/mips/cpu/octeon/libocteon.o
                0x00000000c000955c                load_dll_offset
 .text.change_dll_offset_enable
                0x00000000c0009a64      0x138 arch/mips/cpu/octeon/libocteon.o
                0x00000000c0009a64                change_dll_offset_enable
 .text.octeon_read_lmcx_ddr3_wlevel_dbg
                0x00000000c0009b9c       0x9c arch/mips/cpu/octeon/libocteon.o
 .text.octeon_read_lmcx_ddr3_rlevel_dbg
                0x00000000c0009c38       0xc4 arch/mips/cpu/octeon/libocteon.o
 .text.ddr_config_write_csr
                0x00000000c0009cfc       0x9c arch/mips/cpu/octeon/libocteon.o
 .text.encode_pbank_lsb_ddr3
                0x00000000c0009d98       0x70 arch/mips/cpu/octeon/libocteon.o
 .text.encode_row_lsb_ddr3
                0x00000000c0009e08       0x68 arch/mips/cpu/octeon/libocteon.o
 .text.test_dram_byte
                0x00000000c0009e70      0x27c arch/mips/cpu/octeon/libocteon.o
 .text.cn78xx_lmc_dreset_init
                0x00000000c000a0ec      0x118 arch/mips/cpu/octeon/libocteon.o
 .text.octeon_tlv_eeprom_get_next_tuple
                0x00000000c000a204      0x158 arch/mips/cpu/octeon/libocteon.o
                0x00000000c000a204                octeon_tlv_eeprom_get_next_tuple
 .text.octeon_tlv_get_tuple_addr
                0x00000000c000a35c       0xd4 arch/mips/cpu/octeon/libocteon.o
                0x00000000c000a35c                octeon_tlv_get_tuple_addr
 .text.printable_rank_spec
                0x00000000c000a430       0xc0 arch/mips/cpu/octeon/libocteon.o
                0x00000000c000a430                printable_rank_spec
 .text.lookup_env_parameter_ull
                0x00000000c000a4f0       0xe4 arch/mips/cpu/octeon/libocteon.o
 .text.pulse_gpio_pin
                0x00000000c000a5d4       0x90 arch/mips/cpu/octeon/libocteon.o
 .text.limit_l2_ways
                0x00000000c000a664      0x2b4 arch/mips/cpu/octeon/libocteon.o
                0x00000000c000a664                limit_l2_ways
 .text.validate_spd_checksum_ddr3
                0x00000000c000a918      0x158 arch/mips/cpu/octeon/libocteon.o
 .text.validate_spd_checksum
                0x00000000c000aa70      0x120 arch/mips/cpu/octeon/libocteon.o
                0x00000000c000aa70                validate_spd_checksum
 .text.read_spd
                0x00000000c000ab90      0x158 arch/mips/cpu/octeon/libocteon.o
                0x00000000c000ab90                read_spd
 .text.get_dimm_serial_number
                0x00000000c000ace8       0xb4 arch/mips/cpu/octeon/libocteon.o
                0x00000000c000ace8                get_dimm_serial_number
 .text.get_dimm_part_number
                0x00000000c000ad9c      0x15c arch/mips/cpu/octeon/libocteon.o
                0x00000000c000ad9c                get_dimm_part_number
 .text.get_dimm_module_type
                0x00000000c000aef8       0x38 arch/mips/cpu/octeon/libocteon.o
                0x00000000c000aef8                get_dimm_module_type
 .text.get_dimm_ecc
                0x00000000c000af30       0x44 arch/mips/cpu/octeon/libocteon.o
                0x00000000c000af30                get_dimm_ecc
 .text.report_common_dimm
                0x00000000c000af74      0x1b0 arch/mips/cpu/octeon/libocteon.o
 .text.report_ddr3_dimm
                0x00000000c000b124       0xf8 arch/mips/cpu/octeon/libocteon.o
 .text.get_ddr_type
                0x00000000c000b21c       0x44 arch/mips/cpu/octeon/libocteon.o
                0x00000000c000b21c                get_ddr_type
 .text.validate_dimm
                0x00000000c000b260      0x1ac arch/mips/cpu/octeon/libocteon.o
                0x00000000c000b260                validate_dimm
 .text.lookup_env_parameter
                0x00000000c000b40c       0xec arch/mips/cpu/octeon/libocteon.o
 .text.initialize_ddr_clock
                0x00000000c000b4f8     0x35c8 arch/mips/cpu/octeon/libocteon.o
                0x00000000c000b4f8                initialize_ddr_clock
 .text.measure_octeon_ddr_clock
                0x00000000c000eac0      0x378 arch/mips/cpu/octeon/libocteon.o
                0x00000000c000eac0                measure_octeon_ddr_clock
 .text._70xx_perform_octeon3_ddr3_sequence
                0x00000000c000ee38      0x180 arch/mips/cpu/octeon/libocteon.o
                0x00000000c000ee38                _70xx_perform_octeon3_ddr3_sequence
 .text.perform_octeon3_ddr3_sequence
                0x00000000c000efb8       0x48 arch/mips/cpu/octeon/libocteon.o
 .text._70xx_set_vref
                0x00000000c000f000      0x174 arch/mips/cpu/octeon/libocteon.o
                0x00000000c000f000                _70xx_set_vref
 .text.process_custom_dll_offsets
                0x00000000c000f174      0x258 arch/mips/cpu/octeon/libocteon.o
 .text.perform_ddr3_sequence
                0x00000000c000f3cc      0x1fc arch/mips/cpu/octeon/libocteon.o
                0x00000000c000f3cc                perform_ddr3_sequence
 .text.perform_ddr_init_sequence
                0x00000000c000f5c8      0x280 arch/mips/cpu/octeon/libocteon.o
 .text.init_octeon_ddr3_interface
                0x00000000c000f848     0x78f8 arch/mips/cpu/octeon/libocteon.o
                0x00000000c000f848                init_octeon_ddr3_interface
 .text._70xx_init_octeon3_ddr3_interface
                0x00000000c0017140     0x9704 arch/mips/cpu/octeon/libocteon.o
                0x00000000c0017140                _70xx_init_octeon3_ddr3_interface
 .text.init_octeon3_ddr3_interface
                0x00000000c0020844       0x88 arch/mips/cpu/octeon/libocteon.o
                0x00000000c0020844                init_octeon3_ddr3_interface
 .text.octeon_ddr_initialize
                0x00000000c00208cc      0xd50 arch/mips/cpu/octeon/libocteon.o
                0x00000000c00208cc                octeon_ddr_initialize
 .text.generic_ffs
                0x00000000c002161c      0x144 arch/mips/cpu/octeon/libocteon.o
 .text.displayErrorRegC0_Icache
                0x00000000c0021760       0x54 arch/mips/cpu/octeon/libocteon.o
 .text.displayErrorRegC0_cvmmem
                0x00000000c00217b4       0x54 arch/mips/cpu/octeon/libocteon.o
 .text.displayErrorReg_1
                0x00000000c0021808       0x54 arch/mips/cpu/octeon/libocteon.o
 .text.octeon_bist_check_iob
                0x00000000c002185c      0xe80 arch/mips/cpu/octeon/libocteon.o
 .text.octeon_bist_70XX
                0x00000000c00226dc      0x858 arch/mips/cpu/octeon/libocteon.o
                0x00000000c00226dc                octeon_bist_70XX
 .text.octeon_bist
                0x00000000c0022f34       0x18 arch/mips/cpu/octeon/libocteon.o
                0x00000000c0022f34                octeon_bist
 .text.octeon_bist_start
                0x00000000c0022f4c       0x70 arch/mips/cpu/octeon/libocteon.o
                0x00000000c0022f4c                octeon_bist_start
 .text.octeon_get_cycles
                0x00000000c0022fbc        0xc arch/mips/cpu/octeon/libocteon.o
                0x00000000c0022fbc                octeon_get_cycles
 .text.memcpy64
                0x00000000c0022fc8      0x178 arch/mips/cpu/octeon/libocteon.o
                0x00000000c0022fc8                memcpy64
 .text.memset64
                0x00000000c0023140      0x110 arch/mips/cpu/octeon/libocteon.o
                0x00000000c0023140                memset64
 .text.uboot_tlb_ptr_to_phys
                0x00000000c0023250       0x9c arch/mips/cpu/octeon/libocteon.o
                0x00000000c0023250                uboot_tlb_ptr_to_phys
 .text.get_core_pattern
                0x00000000c00232ec       0x30 arch/mips/cpu/octeon/libocteon.o
                0x00000000c00232ec                get_core_pattern
 .text.octeon_setup_cvmx_sysinfo
                0x00000000c002331c       0x80 arch/mips/cpu/octeon/libocteon.o
                0x00000000c002331c                octeon_setup_cvmx_sysinfo
 .text.octeon_set_moveable_region
                0x00000000c002339c      0x1e8 arch/mips/cpu/octeon/libocteon.o
                0x00000000c002339c                octeon_set_moveable_region
 .text.octeon_setup_ram_env
                0x00000000c0023584       0x84 arch/mips/cpu/octeon/libocteon.o
                0x00000000c0023584                octeon_setup_ram_env
 .text.fill_tad_corecount
                0x00000000c0023608      0x148 arch/mips/cpu/octeon/libocteon.o
                0x00000000c0023608                fill_tad_corecount
 .text.get_logical_coremask
                0x00000000c0023750      0x130 arch/mips/cpu/octeon/libocteon.o
                0x00000000c0023750                get_logical_coremask
 .text.octeon_bzero64_pfs
                0x00000000c0023880      0x1b8 arch/mips/cpu/octeon/libocteon.o
                0x00000000c0023880                octeon_bzero64_pfs
 .text.get_coremask_override
                0x00000000c0023a38      0x154 arch/mips/cpu/octeon/libocteon.o
                0x00000000c0023a38                get_coremask_override
 .text.octeon_get_available_coremask
                0x00000000c0023b8c      0x5e4 arch/mips/cpu/octeon/libocteon.o
                0x00000000c0023b8c                octeon_get_available_coremask
 .text.octeon_get_boot_vector
                0x00000000c0024170       0x5c arch/mips/cpu/octeon/libocteon.o
                0x00000000c0024170                octeon_get_boot_vector
 .text.octeon_boot_bus_moveable_init
                0x00000000c00241cc       0x68 arch/mips/cpu/octeon/libocteon.o
                0x00000000c00241cc                octeon_boot_bus_moveable_init
 .text.octeon_get_available_core_count
                0x00000000c0024234       0x58 arch/mips/cpu/octeon/libocteon.o
                0x00000000c0024234                octeon_get_available_core_count
 .text.octeon_build_exception_table
                0x00000000c002428c       0xd8 arch/mips/cpu/octeon/libocteon.o
                0x00000000c002428c                octeon_build_exception_table
 .text.octeon_restore_std_mips_config
                0x00000000c0024364       0x28 arch/mips/cpu/octeon/libocteon.o
                0x00000000c0024364                octeon_restore_std_mips_config
 .text.overwrite_console
                0x00000000c002438c        0x8 arch/mips/cpu/octeon/libocteon.o
                0x00000000c002438c                overwrite_console
 .text.crc32_no_comp
                0x00000000c0024394       0xa0 arch/mips/cpu/octeon/libocteon.o
                0x00000000c0024394                crc32_no_comp
 .text.crc32    0x00000000c0024434       0x38 arch/mips/cpu/octeon/libocteon.o
                0x00000000c0024434                crc32
 .text.crc32_wd
                0x00000000c002446c       0x18 arch/mips/cpu/octeon/libocteon.o
                0x00000000c002446c                crc32_wd
 .text.crc32_wd_buf
                0x00000000c0024484       0x64 arch/mips/cpu/octeon/libocteon.o
                0x00000000c0024484                crc32_wd_buf
 .text.octeon_dram_clear_ecc_errors
                0x00000000c00244e8       0x6c arch/mips/cpu/octeon/libocteon.o
                0x00000000c00244e8                octeon_dram_clear_ecc_errors
 .text.octeon_import_ram_env
                0x00000000c0024554      0x1bc arch/mips/cpu/octeon/libocteon.o
                0x00000000c0024554                octeon_import_ram_env
 .text.octeon_clear_mem_pfs
                0x00000000c0024710       0xc8 arch/mips/cpu/octeon/libocteon.o
                0x00000000c0024710                octeon_clear_mem_pfs
 .text.octeon_init_dram
                0x00000000c00247d8     0x144c arch/mips/cpu/octeon/libocteon.o
                0x00000000c00247d8                octeon_init_dram
 .text.on_pci_console_active
                0x00000000c0025c24      0x3b8 arch/mips/cpu/octeon/libocteon.o
 .text.on_console_uart
                0x00000000c0025fdc       0x78 arch/mips/cpu/octeon/libocteon.o
 .text.octeon_env_init
                0x00000000c0026054       0x18 arch/mips/cpu/octeon/libocteon.o
                0x00000000c0026054                octeon_env_init
 .text.octeon_check_env
                0x00000000c002606c       0x5c arch/mips/cpu/octeon/libocteon.o
                0x00000000c002606c                octeon_check_env
 .text.octeon3_reset_wait_pend
                0x00000000c00260c8      0x42c arch/mips/cpu/octeon/libocteon.o
 .text.__octeon_early_errata_workaround_f
                0x00000000c00264f4       0x6c arch/mips/cpu/octeon/libocteon.o
                0x00000000c00264f4                octeon_early_errata_workaround_f
                0x00000000c00264f4                __octeon_early_errata_workaround_f
 .text.__octeon_enable_all_cores_cn78xx
                0x00000000c0026560      0x6fc arch/mips/cpu/octeon/libocteon.o
                0x00000000c0026560                __octeon_enable_all_cores_cn78xx
                0x00000000c0026560                octeon_enable_all_cores_cn78xx
 .text.__octeon_late_errata_workaround_f
                0x00000000c0026c5c      0x160 arch/mips/cpu/octeon/libocteon.o
                0x00000000c0026c5c                octeon_late_errata_workaround_f
                0x00000000c0026c5c                __octeon_late_errata_workaround_f
 .text.do_go_exec
                0x00000000c0026dbc      0x104 arch/mips/cpu/octeon/libocteon.o
                0x00000000c0026dbc                do_go_exec
 .text.timer_init
                0x00000000c0026ec0       0x50 arch/mips/cpu/octeon/libocteon.o
                0x00000000c0026ec0                timer_init
 .text.get_timer
                0x00000000c0026f10       0x94 arch/mips/cpu/octeon/libocteon.o
                0x00000000c0026f10                get_timer
 .text.__udelay
                0x00000000c0026fa4       0x48 arch/mips/cpu/octeon/libocteon.o
                0x00000000c0026fa4                __udelay
 .text.get_ticks
                0x00000000c0026fec       0x3c arch/mips/cpu/octeon/libocteon.o
                0x00000000c0026fec                get_ticks
 .text.get_tbclk
                0x00000000c0027028        0x8 arch/mips/cpu/octeon/libocteon.o
                0x00000000c0027028                get_tbclk
 .text.__octeon_fixup_fdt
                0x00000000c0027030       0x54 arch/mips/cpu/octeon/libocteon.o
                0x00000000c0027030                octeon_fixup_fdt
                0x00000000c0027030                __octeon_fixup_fdt
 .text.__board_fixup_fdt
                0x00000000c0027084        0x8 arch/mips/cpu/octeon/libocteon.o
                0x00000000c0027084                __board_fixup_fdt
                0x00000000c0027084                board_fixup_fdt
 .text.__octeon_fixup_fdt_memory
                0x00000000c002708c      0x1b0 arch/mips/cpu/octeon/libocteon.o
                0x00000000c002708c                __octeon_fixup_fdt_memory
                0x00000000c002708c                octeon_fixup_fdt_memory
 .text.__octeon_fixup_fdt_uart
                0x00000000c002723c       0xe8 arch/mips/cpu/octeon/libocteon.o
                0x00000000c002723c                __octeon_fixup_fdt_uart
                0x00000000c002723c                octeon_fixup_fdt_uart
 .text.md5      0x00000000c0027324      0x214 arch/mips/cpu/octeon/libocteon.o
                0x00000000c0027324                md5
 .text.md5_wd   0x00000000c0027538       0x18 arch/mips/cpu/octeon/libocteon.o
                0x00000000c0027538                md5_wd
 .text.sha1_starts
                0x00000000c0027550       0x48 arch/mips/cpu/octeon/libocteon.o
                0x00000000c0027550                sha1_starts
 .text.sha1_update
                0x00000000c0027598      0x218 arch/mips/cpu/octeon/libocteon.o
                0x00000000c0027598                sha1_update
 .text.sha1_finish
                0x00000000c00277b0      0x184 arch/mips/cpu/octeon/libocteon.o
                0x00000000c00277b0                sha1_finish
 .text.sha1_csum_wd
                0x00000000c0027934       0x90 arch/mips/cpu/octeon/libocteon.o
                0x00000000c0027934                sha1_csum_wd
 .text.do_octbootstage3
                0x00000000c00279c4      0x378 arch/mips/cpu/octeon/libocteon.o
                0x00000000c00279c4                do_octbootstage3
 .text.do_octboot_juniper_stage3
                0x00000000c0027d3c      0x2d4 arch/mips/cpu/octeon/libocteon.o
                0x00000000c0027d3c                do_octboot_juniper_stage3
 .text.generic_ffs
                0x00000000c0028010       0x6c arch/mips/lib/libmips.o
 .text.__board_early_init_f
                0x00000000c002807c        0x8 arch/mips/lib/libmips.o
                0x00000000c002807c                __board_early_init_f
                0x00000000c002807c                board_early_init_f
 .text.early_board_init_r
                0x00000000c0028084        0x8 arch/mips/lib/libmips.o
                0x00000000c0028084                early_board_init_r
 .text.board_configure_qlms
                0x00000000c002808c        0x8 arch/mips/lib/libmips.o
                0x00000000c002808c                board_configure_qlms
 .text.__board_fdt_get_limits
                0x00000000c0028094       0x20 arch/mips/lib/libmips.o
                0x00000000c0028094                __board_fdt_get_limits
                0x00000000c0028094                board_fdt_get_limits
 .text.misc_init_r
                0x00000000c00280b4        0x8 arch/mips/lib/libmips.o
                0x00000000c00280b4                misc_init_r
 .text.octeon_dram_test
                0x00000000c00280bc        0x8 arch/mips/lib/libmips.o
                0x00000000c00280bc                octeon_dram_test
 .text.octeon_early_console_init_f
                0x00000000c00280c4       0x10 arch/mips/lib/libmips.o
 .text.display_banner
                0x00000000c00280d4      0x1f8 arch/mips/lib/libmips.o
 .text.init_baudrate
                0x00000000c00282cc       0x74 arch/mips/lib/libmips.o
 .text.__octeon_clear_dram
                0x00000000c0028340      0x2a0 arch/mips/lib/libmips.o
                0x00000000c0028340                octeon_clear_dram
                0x00000000c0028340                __octeon_clear_dram
 .text.__octeon_configure_prompt
                0x00000000c00285e0       0xe4 arch/mips/lib/libmips.o
                0x00000000c00285e0                __octeon_configure_prompt
                0x00000000c00285e0                octeon_configure_prompt
 .text.__octeon_set_boardname
                0x00000000c00286c4      0xc78 arch/mips/lib/libmips.o
                0x00000000c00286c4                __octeon_set_boardname
                0x00000000c00286c4                octeon_set_boardname
 .text.__octeon_configure_linux_reserved_memory
                0x00000000c002933c      0x1e0 arch/mips/lib/libmips.o
                0x00000000c002933c                __octeon_configure_linux_reserved_memory
                0x00000000c002933c                octeon_configure_linux_reserved_memory
 .text.__octeon_configure_load_memory
                0x00000000c002951c      0x44c arch/mips/lib/libmips.o
                0x00000000c002951c                octeon_configure_load_memory
                0x00000000c002951c                __octeon_configure_load_memory
 .text.__octeon_mac_info_init
                0x00000000c0029968       0xdc arch/mips/lib/libmips.o
                0x00000000c0029968                __octeon_mac_info_init
                0x00000000c0029968                octeon_mac_info_init
 .text.__board_fdt_init_f
                0x00000000c0029a44       0x2c arch/mips/lib/libmips.o
                0x00000000c0029a44                __board_fdt_init_f
                0x00000000c0029a44                board_fdt_init_f
 .text.__early_uart_init_f
                0x00000000c0029a70       0x48 arch/mips/lib/libmips.o
                0x00000000c0029a70                early_uart_init_f
                0x00000000c0029a70                __early_uart_init_f
 .text.__octeon_setup_clocks
                0x00000000c0029ab8      0x1ac arch/mips/lib/libmips.o
                0x00000000c0029ab8                __octeon_setup_clocks
                0x00000000c0029ab8                octeon_setup_clocks
 .text.board_init_f
                0x00000000c0029c64      0x584 arch/mips/lib/libmips.o
                0x00000000c0029c64                board_init_f
 .text.board_init_r
                0x00000000c002a1e8     0x14a4 arch/mips/lib/libmips.o
                0x00000000c002a1e8                board_init_r
 .text.board_read_id_eeprom
                0x00000000c002b68c       0x58 board/juniper/common/libjuniper.o
                0x00000000c002b68c                board_read_id_eeprom
 .text.octeon_board_get_descriptor
                0x00000000c002b6e4      0x1cc board/juniper/common/libjuniper.o
                0x00000000c002b6e4                octeon_board_get_descriptor
 .text.checkboard
                0x00000000c002b8b0        0x8 board/octeon/common/libocteon.o
                0x00000000c002b8b0                checkboard
 .text.octeon_get_fuse_addr
                0x00000000c002b8b8       0x70 board/octeon/common/libocteon.o
 .text.octeon_get_fuse
                0x00000000c002b928      0x1dc board/octeon/common/libocteon.o
                0x00000000c002b928                octeon_get_fuse
 .text.__octeon_led_str_write
                0x00000000c002bb04        0x8 board/octeon/common/libocteon.o
                0x00000000c002bb04                octeon_led_str_write
                0x00000000c002bb04                __octeon_led_str_write
 .text.__octeon_board_get_clock_info
                0x00000000c002bb0c      0x144 board/octeon/common/libocteon.o
                0x00000000c002bb0c                octeon_board_get_clock_info
                0x00000000c002bb0c                __octeon_board_get_clock_info
 .text.octeon_get_unique_id
                0x00000000c002bc50      0x260 board/octeon/common/libocteon.o
                0x00000000c002bc50                octeon_get_unique_id
 .text.__display_board_info
                0x00000000c002beb0      0xe3c board/octeon/common/libocteon.o
                0x00000000c002beb0                __display_board_info
                0x00000000c002beb0                display_board_info
 .text.do_go    0x00000000c002ccec       0xac common/libcommon.o
 .text.do_echo  0x00000000c002cd98      0x154 common/libcommon.o
 .text.eeprom_write
                0x00000000c002ceec       0xf0 common/libcommon.o
                0x00000000c002ceec                eeprom_write
 .text.eeprom_read
                0x00000000c002cfdc       0xe0 common/libcommon.o
                0x00000000c002cfdc                eeprom_read
 .text.do_eeprom
                0x00000000c002d0bc      0x184 common/libcommon.o
                0x00000000c002d0bc                do_eeprom
 .text.is_printable_string
                0x00000000c002d240       0xa0 common/libcommon.o
 .text.fdt_valid
                0x00000000c002d2e0      0x10c common/libcommon.o
 .text.print_data
                0x00000000c002d3ec      0x2bc common/libcommon.o
 .text.set_working_fdt_addr
                0x00000000c002d6a8       0x2c common/libcommon.o
                0x00000000c002d6a8                set_working_fdt_addr
 .text.do_fdt   0x00000000c002d6d4     0x1244 common/libcommon.o
 .text.do_help  0x00000000c002e918       0x4c common/libcommon.o
 .text.ktrans   0x00000000c002e964       0x3c common/libcommon.o
 .text.chk1     0x00000000c002e9a0       0x28 common/libcommon.o
 .text.bin_data_init
                0x00000000c002e9c8       0x28 common/libcommon.o
 .text.bin_data_char
                0x00000000c002e9f0       0x38 common/libcommon.o
 .text.load_serial_ymodem
                0x00000000c002ea28      0x158 common/libcommon.o
 .text.getcxmodem
                0x00000000c002eb80       0x4c common/libcommon.o
 .text.s1_sendpacket
                0x00000000c002ebcc       0xa8 common/libcommon.o
 .text.do_load_serial_bin
                0x00000000c002ec74      0xab4 common/libcommon.o
 .text.write_record
                0x00000000c002f728       0x7c common/libcommon.o
 .text.do_load_serial
                0x00000000c002f7a4      0x3d0 common/libcommon.o
 .text.do_save_serial
                0x00000000c002fb74      0x25c common/libcommon.o
                0x00000000c002fb74                do_save_serial
 .text.do_md5sum
                0x00000000c002fdd0      0x1d4 common/libcommon.o
 .text.do_sleep
                0x00000000c002ffa4      0x108 common/libcommon.o
 .text.do_env_delete
                0x00000000c00300ac       0xec common/libcommon.o
 .text._do_env_set
                0x00000000c0030198      0x238 common/libcommon.o
 .text.do_env_set
                0x00000000c00303d0       0x34 common/libcommon.o
 .text.setenv_force
                0x00000000c0030404       0x8c common/libcommon.o
                0x00000000c0030404                setenv_force
 .text.setenv   0x00000000c0030490       0x80 common/libcommon.o
                0x00000000c0030490                setenv
 .text.env_print
                0x00000000c0030510       0xf0 common/libcommon.o
 .text.do_env_print
                0x00000000c0030600      0x150 common/libcommon.o
 .text.do_env   0x00000000c0030750       0xb4 common/libcommon.o
 .text.do_env_import
                0x00000000c0030804      0x2c8 common/libcommon.o
 .text.setenv_hex
                0x00000000c0030acc       0x5c common/libcommon.o
                0x00000000c0030acc                setenv_hex
 .text.do_env_export
                0x00000000c0030b28      0x304 common/libcommon.o
 .text.do_env_default
                0x00000000c0030e2c       0xe4 common/libcommon.o
 .text.envmatch
                0x00000000c0030f10       0xc4 common/libcommon.o
                0x00000000c0030f10                envmatch
 .text.getenv_f
                0x00000000c0030fd4      0x138 common/libcommon.o
                0x00000000c0030fd4                getenv_f
 .text.getenv   0x00000000c003110c       0x98 common/libcommon.o
                0x00000000c003110c                getenv
 .text.getenv_ulong
                0x00000000c00311a4       0x78 common/libcommon.o
                0x00000000c00311a4                getenv_ulong
 .text.getenv_hex
                0x00000000c003121c       0x70 common/libcommon.o
                0x00000000c003121c                getenv_hex
 .text.setenv_ulong
                0x00000000c003128c       0x4c common/libcommon.o
                0x00000000c003128c                setenv_ulong
 .text.bytes_per_second
                0x00000000c00312d8       0x84 common/libcommon.o
 .text.spi_flash_update
                0x00000000c003135c      0x34c common/libcommon.o
                0x00000000c003135c                spi_flash_update
 .text.do_spi_flash
                0x00000000c00316a8      0x5dc common/libcommon.o
 .text.do_sha1sum
                0x00000000c0031c84       0x48 common/libcommon.o
                0x00000000c0031c84                do_sha1sum
 .text.do_spi   0x00000000c0031ccc      0x32c common/libcommon.o
                0x00000000c0031ccc                do_spi
 .text.print_cavium_licence
                0x00000000c0031ff8      0x290 common/libcommon.o
                0x00000000c0031ff8                print_cavium_licence
 .text.do_version
                0x00000000c0032288       0x6c common/libcommon.o
 .text.cmd_usage
                0x00000000c00322f4       0x94 common/libcommon.o
                0x00000000c00322f4                cmd_usage
 .text.var_complete
                0x00000000c0032388       0x6c common/libcommon.o
                0x00000000c0032388                var_complete
 .text.find_cmd_tbl
                0x00000000c00323f4      0x114 common/libcommon.o
                0x00000000c00323f4                find_cmd_tbl
 .text.find_cmd
                0x00000000c0032508       0x34 common/libcommon.o
                0x00000000c0032508                find_cmd
 .text.cmd_process
                0x00000000c003253c      0x140 common/libcommon.o
                0x00000000c003253c                cmd_process
 .text.cmd_auto_complete
                0x00000000c003267c      0x55c common/libcommon.o
                0x00000000c003267c                cmd_auto_complete
 .text._do_help
                0x00000000c0032bd8      0x234 common/libcommon.o
                0x00000000c0032bd8                _do_help
 .text.console_setfile
                0x00000000c0032e0c       0xdc common/libcommon.o
 .text.fgetc    0x00000000c0032ee8       0x38 common/libcommon.o
                0x00000000c0032ee8                fgetc
 .text.ftstc    0x00000000c0032f20       0x38 common/libcommon.o
                0x00000000c0032f20                ftstc
 .text.fputc    0x00000000c0032f58       0x3c common/libcommon.o
                0x00000000c0032f58                fputc
 .text.fputs    0x00000000c0032f94       0x38 common/libcommon.o
                0x00000000c0032f94                fputs
 .text.disable_ctrlc
                0x00000000c0032fcc       0x1c common/libcommon.o
                0x00000000c0032fcc                disable_ctrlc
 .text.had_ctrlc
                0x00000000c0032fe8       0x18 common/libcommon.o
                0x00000000c0032fe8                had_ctrlc
 .text.clear_ctrlc
                0x00000000c0033000       0x18 common/libcommon.o
                0x00000000c0033000                clear_ctrlc
 .text.console_init_f
                0x00000000c0033018       0x10 common/libcommon.o
                0x00000000c0033018                console_init_f
 .text.getc     0x00000000c0033028       0x40 common/libcommon.o
                0x00000000c0033028                getc
 .text.tstc     0x00000000c0033068       0x40 common/libcommon.o
                0x00000000c0033068                tstc
 .text.ctrlc    0x00000000c00330a8       0x88 common/libcommon.o
                0x00000000c00330a8                ctrlc
 .text.putc     0x00000000c0033130       0x48 common/libcommon.o
                0x00000000c0033130                putc
 .text.puts     0x00000000c0033178       0x44 common/libcommon.o
                0x00000000c0033178                puts
 .text.search_device
                0x00000000c00331bc       0x58 common/libcommon.o
                0x00000000c00331bc                search_device
 .text.console_assign
                0x00000000c0033214       0x88 common/libcommon.o
                0x00000000c0033214                console_assign
 .text.vprintf  0x00000000c003329c       0x64 common/libcommon.o
                0x00000000c003329c                vprintf
 .text.printf   0x00000000c0033300       0x90 common/libcommon.o
                0x00000000c0033300                printf
 .text.on_console
                0x00000000c0033390      0x110 common/libcommon.o
 .text.fprintf  0x00000000c00334a0       0x90 common/libcommon.o
                0x00000000c00334a0                fprintf
 .text.serial_printf
                0x00000000c0033530       0x88 common/libcommon.o
                0x00000000c0033530                serial_printf
 .text.console_init_r
                0x00000000c00335b8      0x204 common/libcommon.o
                0x00000000c00335b8                console_init_r
 .text.mem_malloc_init
                0x00000000c00337bc       0x38 common/libcommon.o
                0x00000000c00337bc                mem_malloc_init
 .text.sbrk     0x00000000c00337f4       0x94 common/libcommon.o
                0x00000000c00337f4                sbrk
 .text.malloc_trim
                0x00000000c0033888      0x11c common/libcommon.o
                0x00000000c0033888                malloc_trim
 .text.free     0x00000000c00339a4      0x2bc common/libcommon.o
                0x00000000c00339a4                free
 .text.malloc   0x00000000c0033c60      0x7bc common/libcommon.o
                0x00000000c0033c60                malloc
 .text.calloc   0x00000000c003441c      0x108 common/libcommon.o
                0x00000000c003441c                calloc
 .text.reverse_strstr
                0x00000000c0034524       0xc8 common/libcommon.o
 .text.env_attr_lookup
                0x00000000c00345ec      0x1bc common/libcommon.o
                0x00000000c00345ec                env_attr_lookup
 .text.env_attr_walk
                0x00000000c00347a8      0x1ec common/libcommon.o
                0x00000000c00347a8                env_attr_walk
 .text.clear_callback
                0x00000000c0034994        0xc common/libcommon.o
 .text.on_callbacks
                0x00000000c00349a0       0x7c common/libcommon.o
 .text.find_env_callback
                0x00000000c0034a1c       0xb8 common/libcommon.o
 .text.set_callback
                0x00000000c0034ad4       0xbc common/libcommon.o
 .text.env_callback_init
                0x00000000c0034b90       0xec common/libcommon.o
                0x00000000c0034b90                env_callback_init
 .text.__env_get_char_spec
                0x00000000c0034c7c       0x10 common/libcommon.o
                0x00000000c0034c7c                env_get_char_spec
 .text.env_get_addr
                0x00000000c0034c8c       0x2c common/libcommon.o
                0x00000000c0034c8c                env_get_addr
 .text.env_get_char_memory
                0x00000000c0034cb8       0x38 common/libcommon.o
                0x00000000c0034cb8                env_get_char_memory
 .text.env_get_char
                0x00000000c0034cf0       0x74 common/libcommon.o
                0x00000000c0034cf0                env_get_char
 .text.env_complete
                0x00000000c0034d64      0x164 common/libcommon.o
                0x00000000c0034d64                env_complete
 .text.set_default_vars
                0x00000000c0034ec8       0x30 common/libcommon.o
                0x00000000c0034ec8                set_default_vars
 .text.set_default_env
                0x00000000c0034ef8       0xdc common/libcommon.o
                0x00000000c0034ef8                set_default_env
 .text.getenv_default
                0x00000000c0034fd4       0x68 common/libcommon.o
                0x00000000c0034fd4                getenv_default
 .text.skip_num
                0x00000000c003503c       0x94 common/libcommon.o
 .text.clear_flags
                0x00000000c00350d0        0xc common/libcommon.o
 .text.on_flags
                0x00000000c00350dc       0x7c common/libcommon.o
 .text.env_flags_validate
                0x00000000c0035158      0x2f0 common/libcommon.o
                0x00000000c0035158                env_flags_validate
 .text.env_flags_parse_varaccess
                0x00000000c0035448       0x94 common/libcommon.o
                0x00000000c0035448                env_flags_parse_varaccess
 .text.env_flags_parse_vartype
                0x00000000c00354dc       0x90 common/libcommon.o
                0x00000000c00354dc                env_flags_parse_vartype
 .text.env_parse_flags_to_bin
                0x00000000c003556c       0x64 common/libcommon.o
 .text.set_flags
                0x00000000c00355d0       0xb8 common/libcommon.o
 .text.env_flags_init
                0x00000000c0035688       0xc8 common/libcommon.o
                0x00000000c0035688                env_flags_init
 .text.env_init
                0x00000000c0035750       0x24 common/libcommon.o
                0x00000000c0035750                env_init
 .text.dummy    0x00000000c0035774        0x8 common/libcommon.o
 .text.__get_uboot_version
                0x00000000c003577c        0x8 common/libcommon.o
                0x00000000c003577c                get_uboot_version
                0x00000000c003577c                __get_uboot_version
 .text.get_version
                0x00000000c0035784       0x18 common/libcommon.o
                0x00000000c0035784                get_version
 .text.jumptable_init
                0x00000000c003579c      0x1b4 common/libcommon.o
                0x00000000c003579c                jumptable_init
 .text.write_cell
                0x00000000c0035950       0x2c common/libcommon.o
 .text.get_cells_len
                0x00000000c003597c       0x5c common/libcommon.o
 .text.fdt_resize
                0x00000000c00359d8      0x128 common/libcommon.o
                0x00000000c00359d8                fdt_resize
 .text.fdt_initrd
                0x00000000c0035b00      0x250 common/libcommon.o
                0x00000000c0035b00                fdt_initrd
 .text.fdt_fixup_memory_banks
                0x00000000c0035d50      0x2ac common/libcommon.o
                0x00000000c0035d50                fdt_fixup_memory_banks
 .text.fdt_fixup_memory
                0x00000000c0035ffc       0x44 common/libcommon.o
                0x00000000c0035ffc                fdt_fixup_memory
 .text.fdt_chosen
                0x00000000c0036040      0x188 common/libcommon.o
                0x00000000c0036040                fdt_chosen
 .text.show_hash
                0x00000000c00361c8       0xb8 common/libcommon.o
 .text.find_hash_algo
                0x00000000c0036280       0xa4 common/libcommon.o
 .text.hash_command
                0x00000000c0036324      0x3c8 common/libcommon.o
                0x00000000c0036324                hash_command
 .text.on_loadaddr
                0x00000000c00366ec       0x58 common/libcommon.o
 .text.__show_boot_progress
                0x00000000c0036744        0x8 common/libcommon.o
                0x00000000c0036744                __show_boot_progress
                0x00000000c0036744                show_boot_progress
 .text.parse_line
                0x00000000c003674c       0xc4 common/libcommon.o
                0x00000000c003674c                parse_line
 .text.builtin_run_command
                0x00000000c0036810      0x41c common/libcommon.o
 .text.run_command_list
                0x00000000c0036c2c      0x168 common/libcommon.o
                0x00000000c0036c2c                run_command_list
 .text.run_command
                0x00000000c0036d94       0x40 common/libcommon.o
                0x00000000c0036d94                run_command
 .text.do_run   0x00000000c0036dd4       0xdc common/libcommon.o
                0x00000000c0036dd4                do_run
 .text.delete_char
                0x00000000c0036eb0      0x170 common/libcommon.o
 .text.cread_add_char
                0x00000000c0037020      0x168 common/libcommon.o
 .text.cread_add_str
                0x00000000c0037188       0xc0 common/libcommon.o
 .text.readline_into_buffer
                0x00000000c0037248      0xb7c common/libcommon.o
                0x00000000c0037248                readline_into_buffer
 .text.readline
                0x00000000c0037dc4       0x24 common/libcommon.o
                0x00000000c0037dc4                readline
 .text.main_loop
                0x00000000c0037de8      0x47c common/libcommon.o
                0x00000000c0037de8                main_loop
 .text.hex1_bin
                0x00000000c0038264       0x50 common/libcommon.o
 .text.hex2_bin
                0x00000000c00382b4       0x84 common/libcommon.o
 .text.srec_decode
                0x00000000c0038338      0x2f8 common/libcommon.o
                0x00000000c0038338                srec_decode
 .text.stdio_clone
                0x00000000c0038630       0x7c common/libcommon.o
                0x00000000c0038630                stdio_clone
 .text.stdio_register
                0x00000000c00386ac       0x6c common/libcommon.o
                0x00000000c00386ac                stdio_register
 .text.stdio_init
                0x00000000c0038718       0xb8 common/libcommon.o
                0x00000000c0038718                stdio_init
 .text.stdio_get_by_name
                0x00000000c00387d0       0xa0 common/libcommon.o
                0x00000000c00387d0                stdio_get_by_name
 .text.xyzModem_error
                0x00000000c0038870       0xa4 common/libcommon.o
                0x00000000c0038870                xyzModem_error
 .text.CYGACC_COMM_IF_PUTC
                0x00000000c0038914       0x18 common/libcommon.o
 .text.CYGACC_COMM_IF_GETC_TIMEOUT
                0x00000000c003892c       0xc4 common/libcommon.o
 .text.xyzModem_flush
                0x00000000c00389f0       0x5c common/libcommon.o
 .text.xyzModem_stream_terminate
                0x00000000c0038a4c      0x168 common/libcommon.o
                0x00000000c0038a4c                xyzModem_stream_terminate
 .text.xyzModem_stream_close
                0x00000000c0038bb4       0x54 common/libcommon.o
                0x00000000c0038bb4                xyzModem_stream_close
 .text.xyzModem_get_hdr
                0x00000000c0038c08      0x364 common/libcommon.o
 .text.xyzModem_stream_read
                0x00000000c0038f6c      0x324 common/libcommon.o
                0x00000000c0038f6c                xyzModem_stream_read
 .text.xyzModem_stream_open
                0x00000000c0039290      0x344 common/libcommon.o
                0x00000000c0039290                xyzModem_stream_open
 .text.gpio_in_range
                0x00000000c00395d4       0xf0 drivers/gpio/libgpio.o
 .text.gpio_set_value
                0x00000000c00396c4       0xcc drivers/gpio/libgpio.o
                0x00000000c00396c4                gpio_set_value
 .text.gpio_get_value
                0x00000000c0039790       0x80 drivers/gpio/libgpio.o
                0x00000000c0039790                gpio_get_value
 .text.gpio_direction_output
                0x00000000c0039810      0xab8 drivers/gpio/libgpio.o
                0x00000000c0039810                gpio_direction_output
 .text.gpio_direction_input
                0x00000000c003a2c8      0x510 drivers/gpio/libgpio.o
                0x00000000c003a2c8                gpio_direction_input
 .text.is_i2c_bus_valid
                0x00000000c003a7d8       0x78 drivers/i2c/libi2c.o
                0x00000000c003a7d8                is_i2c_bus_valid
 .text.octeon_i2c_write_int
                0x00000000c003a850      0x2d0 drivers/i2c/libi2c.o
 .text.octeon_i2c_unblock
                0x00000000c003ab20      0x154 drivers/i2c/libi2c.o
 .text.octeon_i2c_read_sw
                0x00000000c003ac74      0x3ac drivers/i2c/libi2c.o
 .text.octeon_i2c_read_status
                0x00000000c003b020       0x7c drivers/i2c/libi2c.o
 .text.octeon_i2c_wait
                0x00000000c003b09c      0x120 drivers/i2c/libi2c.o
 .text.octeon_i2c_write_sw
                0x00000000c003b1bc      0x800 drivers/i2c/libi2c.o
 .text.octeon_i2c_set_bus_speed
                0x00000000c003b9bc      0x120 drivers/i2c/libi2c.o
 .text.octeon_i2c_set_slave_address
                0x00000000c003badc       0x88 drivers/i2c/libi2c.o
                0x00000000c003badc                octeon_i2c_set_slave_address
 .text.octeon_i2c_reset
                0x00000000c003bb64      0x1f4 drivers/i2c/libi2c.o
 .text.octeon_i2c_write_ctl
                0x00000000c003bd58       0x88 drivers/i2c/libi2c.o
 .text.octeon_i2c_bus_stop
                0x00000000c003bde0       0xb8 drivers/i2c/libi2c.o
 .text.octeon_i2c_start
                0x00000000c003be98      0x204 drivers/i2c/libi2c.o
 .text.octeon_i2c_hlc_enable
                0x00000000c003c09c       0x88 drivers/i2c/libi2c.o
                0x00000000c003c09c                octeon_i2c_hlc_enable
 .text.octeon_init_i2c_bus
                0x00000000c003c124       0xf8 drivers/i2c/libi2c.o
                0x00000000c003c124                octeon_init_i2c_bus
 .text.octeon_i2c_write_data
                0x00000000c003c21c       0x88 drivers/i2c/libi2c.o
 .text.octeon_i2c_bus_read
                0x00000000c003c2a4      0x2ac drivers/i2c/libi2c.o
 .text.octeon_i2c_probe
                0x00000000c003c550       0x78 drivers/i2c/libi2c.o
                0x00000000c003c550                octeon_i2c_probe
 .text.octeon_i2c_bus_write
                0x00000000c003c5c8      0x220 drivers/i2c/libi2c.o
                0x00000000c003c5c8                octeon_i2c_bus_write
 .text.octeon_i2c_write
                0x00000000c003c7e8      0x128 drivers/i2c/libi2c.o
 .text.octeon_i2c_read
                0x00000000c003c910      0x154 drivers/i2c/libi2c.o
 .text.init_twsi_bus
                0x00000000c003ca64       0x38 drivers/i2c/libi2c.o
                0x00000000c003ca64                init_twsi_bus
 .text.__def_i2c_init_board
                0x00000000c003ca9c        0x8 drivers/i2c/libi2c.o
                0x00000000c003ca9c                i2c_init_board
 .text.i2c_get_adapter
                0x00000000c003caa4       0xc0 drivers/i2c/libi2c.o
                0x00000000c003caa4                i2c_get_adapter
 .text.i2c_write
                0x00000000c003cb64       0xa8 drivers/i2c/libi2c.o
                0x00000000c003cb64                i2c_write
 .text.i2c_read
                0x00000000c003cc0c       0xa8 drivers/i2c/libi2c.o
                0x00000000c003cc0c                i2c_read
 .text.i2c_init_bus
                0x00000000c003ccb4      0x110 drivers/i2c/libi2c.o
 .text.i2c_set_bus_num
                0x00000000c003cdc4      0x11c drivers/i2c/libi2c.o
                0x00000000c003cdc4                i2c_set_bus_num
 .text.i2c_init_all
                0x00000000c003cee0       0x3c drivers/i2c/libi2c.o
                0x00000000c003cee0                i2c_init_all
 .text.spi_flash_read_write
                0x00000000c003cf1c       0xbc drivers/mtd/spi/libspi_flash.o
 .text.spi_flash_cmd_write
                0x00000000c003cfd8       0x20 drivers/mtd/spi/libspi_flash.o
                0x00000000c003cfd8                spi_flash_cmd_write
 .text.spi_flash_cmd_read
                0x00000000c003cff8       0x24 drivers/mtd/spi/libspi_flash.o
                0x00000000c003cff8                spi_flash_cmd_read
 .text.spi_flash_cmd
                0x00000000c003d01c       0x44 drivers/mtd/spi/libspi_flash.o
                0x00000000c003d01c                spi_flash_cmd
 .text.spi_flash_free
                0x00000000c003d060       0x4c drivers/mtd/spi/libspi_flash.o
                0x00000000c003d060                spi_flash_free
 .text.spi_flash_decode_fdt
                0x00000000c003d0ac       0xa4 drivers/mtd/spi/libspi_flash.o
                0x00000000c003d0ac                spi_flash_decode_fdt
 .text.spi_flash_probe
                0x00000000c003d150      0x384 drivers/mtd/spi/libspi_flash.o
                0x00000000c003d150                spi_flash_probe
 .text.spi_flash_addr
                0x00000000c003d4d4       0x5c drivers/mtd/spi/libspi_flash.o
 .text.spi_flash_set_4byte
                0x00000000c003d530      0x184 drivers/mtd/spi/libspi_flash.o
                0x00000000c003d530                spi_flash_set_4byte
 .text.spi_flash_read_common
                0x00000000c003d6b4       0xb4 drivers/mtd/spi/libspi_flash.o
                0x00000000c003d6b4                spi_flash_read_common
 .text.spi_flash_cmd_wait_ready
                0x00000000c003d768      0x154 drivers/mtd/spi/libspi_flash.o
                0x00000000c003d768                spi_flash_cmd_wait_ready
 .text.spi_flash_write_common
                0x00000000c003d8bc      0x10c drivers/mtd/spi/libspi_flash.o
                0x00000000c003d8bc                spi_flash_write_common
 .text.spi_flash_cmd_write_ops
                0x00000000c003d9c8      0x130 drivers/mtd/spi/libspi_flash.o
                0x00000000c003d9c8                spi_flash_cmd_write_ops
 .text.spi_flash_cmd_write_status
                0x00000000c003daf8       0x54 drivers/mtd/spi/libspi_flash.o
                0x00000000c003daf8                spi_flash_cmd_write_status
 .text.spi_flash_cmd_erase_ops
                0x00000000c003db4c      0x100 drivers/mtd/spi/libspi_flash.o
                0x00000000c003db4c                spi_flash_cmd_erase_ops
 .text.spi_flash_cmd_read_ops
                0x00000000c003dc4c      0x188 drivers/mtd/spi/libspi_flash.o
                0x00000000c003dc4c                spi_flash_cmd_read_ops
 .text.get_current
                0x00000000c003ddd4       0x64 drivers/serial/libserial.o
 .text.serial_puts
                0x00000000c003de38       0x48 drivers/serial/libserial.o
                0x00000000c003de38                serial_puts
 .text.serial_putc
                0x00000000c003de80       0x48 drivers/serial/libserial.o
                0x00000000c003de80                serial_putc
 .text.serial_tstc
                0x00000000c003dec8       0x3c drivers/serial/libserial.o
                0x00000000c003dec8                serial_tstc
 .text.serial_getc
                0x00000000c003df04       0x3c drivers/serial/libserial.o
                0x00000000c003df04                serial_getc
 .text.serial_setbrg
                0x00000000c003df40       0x3c drivers/serial/libserial.o
                0x00000000c003df40                serial_setbrg
 .text.on_baudrate
                0x00000000c003df7c      0x168 drivers/serial/libserial.o
 .text.serial_init
                0x00000000c003e0e4       0x3c drivers/serial/libserial.o
                0x00000000c003e0e4                serial_init
 .text.serial_stdio_init
                0x00000000c003e120       0xec drivers/serial/libserial.o
                0x00000000c003e120                serial_stdio_init
 .text.default_serial_console
                0x00000000c003e20c       0x14 drivers/serial/libserial.o
                0x00000000c003e20c                default_serial_console
 .text.octeon_board_poll
                0x00000000c003e220        0x8 drivers/serial/libserial.o
                0x00000000c003e220                octeon_board_poll
 .text.compute_divisor
                0x00000000c003e228       0x1c drivers/serial/libserial.o
 .text.octeon_serial_putc
                0x00000000c003e244      0x170 drivers/serial/libserial.o
 .text.octeon_serial_puts
                0x00000000c003e3b4       0x64 drivers/serial/libserial.o
 .text.octeon_serial_getc
                0x00000000c003e418       0xdc drivers/serial/libserial.o
 .text.octeon_serial_tstc
                0x00000000c003e4f4       0x8c drivers/serial/libserial.o
 .text.octeon_set_baud
                0x00000000c003e580      0x204 drivers/serial/libserial.o
                0x00000000c003e580                octeon_set_baud
 .text.octeon_serial_setbrg
                0x00000000c003e784       0x20 drivers/serial/libserial.o
 .text.octeon_uart_setup2
                0x00000000c003e7a4      0x32c drivers/serial/libserial.o
                0x00000000c003e7a4                octeon_uart_setup2
 .text.octeon_uart_setup
                0x00000000c003ead0       0x4c drivers/serial/libserial.o
                0x00000000c003ead0                octeon_uart_setup
 .text.octeon_serial_init
                0x00000000c003eb1c       0x84 drivers/serial/libserial.o
 .text.spi_init
                0x00000000c003eba0        0x8 drivers/spi/libspi.o
                0x00000000c003eba0                spi_init
 .text.octeon_spi_set_mpicfg
                0x00000000c003eba8       0xa4 drivers/spi/libspi.o
 .text.octeon_spi_wait_ready
                0x00000000c003ec4c       0x90 drivers/spi/libspi.o
 .text.spi_free_slave
                0x00000000c003ecdc       0x40 drivers/spi/libspi.o
                0x00000000c003ecdc                spi_free_slave
 .text.spi_claim_bus
                0x00000000c003ed1c       0x3c drivers/spi/libspi.o
                0x00000000c003ed1c                spi_claim_bus
 .text.spi_release_bus
                0x00000000c003ed58       0x3c drivers/spi/libspi.o
                0x00000000c003ed58                spi_release_bus
 .text.spi_xfer
                0x00000000c003ed94      0x388 drivers/spi/libspi.o
                0x00000000c003ed94                spi_xfer
 .text.spi_setup_slave
                0x00000000c003f11c      0x15c drivers/spi/libspi.o
                0x00000000c003f11c                spi_setup_slave
 .text.fdt_check_header
                0x00000000c003f278       0x68 lib/libfdt/libfdt.o
                0x00000000c003f278                fdt_check_header
 .text.fdt_offset_ptr
                0x00000000c003f2e0       0x38 lib/libfdt/libfdt.o
                0x00000000c003f2e0                fdt_offset_ptr
 .text.fdt_move
                0x00000000c003f318       0x8c lib/libfdt/libfdt.o
                0x00000000c003f318                fdt_move
 .text._fdt_find_string
                0x00000000c003f3a4       0xb4 lib/libfdt/libfdt.o
                0x00000000c003f3a4                _fdt_find_string
 .text.fdt_next_tag
                0x00000000c003f458      0x194 lib/libfdt/libfdt.o
                0x00000000c003f458                fdt_next_tag
 .text._fdt_check_prop_offset
                0x00000000c003f5ec       0x58 lib/libfdt/libfdt.o
                0x00000000c003f5ec                _fdt_check_prop_offset
 .text._fdt_check_node_offset
                0x00000000c003f644       0x58 lib/libfdt/libfdt.o
                0x00000000c003f644                _fdt_check_node_offset
 .text.fdt_next_node
                0x00000000c003f69c      0x10c lib/libfdt/libfdt.o
                0x00000000c003f69c                fdt_next_node
 .text.fdt_string
                0x00000000c003f7a8       0x10 lib/libfdt/libfdt.o
                0x00000000c003f7a8                fdt_string
 .text.fdt_num_mem_rsv
                0x00000000c003f7b8       0x2c lib/libfdt/libfdt.o
                0x00000000c003f7b8                fdt_num_mem_rsv
 .text.fdt_supernode_atdepth_offset
                0x00000000c003f7e4      0x120 lib/libfdt/libfdt.o
                0x00000000c003f7e4                fdt_supernode_atdepth_offset
 .text.fdt_node_depth
                0x00000000c003f904       0x50 lib/libfdt/libfdt.o
                0x00000000c003f904                fdt_node_depth
 .text.fdt_stringlist_contains
                0x00000000c003f954       0xf4 lib/libfdt/libfdt.o
                0x00000000c003f954                fdt_stringlist_contains
 .text.fdt_get_property_by_offset
                0x00000000c003fa48       0x88 lib/libfdt/libfdt.o
                0x00000000c003fa48                fdt_get_property_by_offset
 .text._nextprop
                0x00000000c003fad0       0xa0 lib/libfdt/libfdt.o
 .text.fdt_next_property_offset
                0x00000000c003fb70       0x64 lib/libfdt/libfdt.o
                0x00000000c003fb70                fdt_next_property_offset
 .text.fdt_first_property_offset
                0x00000000c003fbd4       0x64 lib/libfdt/libfdt.o
                0x00000000c003fbd4                fdt_first_property_offset
 .text.fdt_get_property_namelen
                0x00000000c003fc38      0x150 lib/libfdt/libfdt.o
                0x00000000c003fc38                fdt_get_property_namelen
 .text.fdt_getprop_namelen
                0x00000000c003fd88       0x40 lib/libfdt/libfdt.o
                0x00000000c003fd88                fdt_getprop_namelen
 .text.fdt_getprop
                0x00000000c003fdc8       0x7c lib/libfdt/libfdt.o
                0x00000000c003fdc8                fdt_getprop
 .text.fdt_node_check_compatible
                0x00000000c003fe44       0x68 lib/libfdt/libfdt.o
                0x00000000c003fe44                fdt_node_check_compatible
 .text.fdt_node_offset_by_compatible
                0x00000000c003feac       0xec lib/libfdt/libfdt.o
                0x00000000c003feac                fdt_node_offset_by_compatible
 .text.fdt_get_property
                0x00000000c003ff98       0x7c lib/libfdt/libfdt.o
                0x00000000c003ff98                fdt_get_property
 .text.fdt_get_name
                0x00000000c0040014       0xb0 lib/libfdt/libfdt.o
                0x00000000c0040014                fdt_get_name
 .text.fdt_subnode_offset_namelen
                0x00000000c00400c4      0x16c lib/libfdt/libfdt.o
                0x00000000c00400c4                fdt_subnode_offset_namelen
 .text.fdt_path_offset
                0x00000000c0040230      0x174 lib/libfdt/libfdt.o
                0x00000000c0040230                fdt_path_offset
 .text.fdt_get_alias_namelen
                0x00000000c00403a4       0x98 lib/libfdt/libfdt.o
                0x00000000c00403a4                fdt_get_alias_namelen
 .text.fdt_get_mem_rsv
                0x00000000c004043c       0x84 lib/libfdt/libfdt.o
                0x00000000c004043c                fdt_get_mem_rsv
 .text._fdt_blocks_misordered
                0x00000000c00404c0       0x54 lib/libfdt/libfdt.o
 .text._fdt_rw_check_header
                0x00000000c0040514       0xa0 lib/libfdt/libfdt.o
 .text._fdt_packblocks
                0x00000000c00405b4       0xc4 lib/libfdt/libfdt.o
 .text.fdt_pack
                0x00000000c0040678       0x90 lib/libfdt/libfdt.o
                0x00000000c0040678                fdt_pack
 .text._fdt_splice
                0x00000000c0040708       0x94 lib/libfdt/libfdt.o
 .text._fdt_splice_struct
                0x00000000c004079c       0x78 lib/libfdt/libfdt.o
 .text._fdt_splice_mem_rsv
                0x00000000c0040814       0x84 lib/libfdt/libfdt.o
 .text.fdt_del_mem_rsv
                0x00000000c0040898       0xb8 lib/libfdt/libfdt.o
                0x00000000c0040898                fdt_del_mem_rsv
 .text.fdt_del_node
                0x00000000c0040950       0xa4 lib/libfdt/libfdt.o
                0x00000000c0040950                fdt_del_node
 .text.fdt_add_subnode_namelen
                0x00000000c00409f4      0x180 lib/libfdt/libfdt.o
                0x00000000c00409f4                fdt_add_subnode_namelen
 .text.fdt_add_subnode
                0x00000000c0040b74       0x6c lib/libfdt/libfdt.o
                0x00000000c0040b74                fdt_add_subnode
 .text.fdt_delprop
                0x00000000c0040be0       0xac lib/libfdt/libfdt.o
                0x00000000c0040be0                fdt_delprop
 .text._fdt_add_property
                0x00000000c0040c8c      0x184 lib/libfdt/libfdt.o
 .text.fdt_setprop
                0x00000000c0040e10      0x140 lib/libfdt/libfdt.o
                0x00000000c0040e10                fdt_setprop
 .text.fdt_open_into
                0x00000000c0040f50      0x204 lib/libfdt/libfdt.o
                0x00000000c0040f50                fdt_open_into
 .text.fdt_add_mem_rsv
                0x00000000c0041154       0xc4 lib/libfdt/libfdt.o
                0x00000000c0041154                fdt_add_mem_rsv
 .text.fdt_strerror
                0x00000000c0041218       0x60 lib/libfdt/libfdt.o
                0x00000000c0041218                fdt_strerror
 .text._fdt_node_end_offset
                0x00000000c0041278       0x7c lib/libfdt/libfdt.o
                0x00000000c0041278                _fdt_node_end_offset
 .text.fdt_setprop_inplace
                0x00000000c00412f4       0x74 lib/libfdt/libfdt.o
                0x00000000c00412f4                fdt_setprop_inplace
 .text.addrmap_set_entry
                0x00000000c0041368       0x40 lib/libgeneric.o
                0x00000000c0041368                addrmap_set_entry
 .text.cyg_crc16
                0x00000000c00413a8       0x5c lib/libgeneric.o
                0x00000000c00413a8                cyg_crc16
 .text.print_size
                0x00000000c0041404      0x13c lib/libgeneric.o
                0x00000000c0041404                print_size
 .text.__div64_32
                0x00000000c0041540       0x80 lib/libgeneric.o
                0x00000000c0041540                __div64_32
 .text.fdtdec_get_int
                0x00000000c00415c0       0x64 lib/libgeneric.o
                0x00000000c00415c0                fdtdec_get_int
 .text.fdtdec_get_addr_size
                0x00000000c0041624       0x84 lib/libgeneric.o
                0x00000000c0041624                fdtdec_get_addr_size
 .text.fdtdec_get_config_string
                0x00000000c00416a8       0x80 lib/libgeneric.o
                0x00000000c00416a8                fdtdec_get_config_string
 .text.fdtdec_get_config_int
                0x00000000c0041728       0x94 lib/libgeneric.o
                0x00000000c0041728                fdtdec_get_config_int
 .text.fdtdec_next_compatible
                0x00000000c00417bc       0x28 lib/libgeneric.o
                0x00000000c00417bc                fdtdec_next_compatible
 .text.__hang   0x00000000c00417e4       0x3c lib/libgeneric.o
                0x00000000c00417e4                hang
                0x00000000c00417e4                __hang
 .text.hwalk_r  0x00000000c0041820       0x8c lib/libgeneric.o
                0x00000000c0041820                hwalk_r
 .text._hdelete
                0x00000000c00418ac       0x94 lib/libgeneric.o
 .text.hdestroy_r
                0x00000000c0041940       0xcc lib/libgeneric.o
                0x00000000c0041940                hdestroy_r
 .text.drop_var_from_set
                0x00000000c0041a0c       0xc0 lib/libgeneric.o
 .text.cmpkey   0x00000000c0041acc       0x24 lib/libgeneric.o
 .text.hcreate_r
                0x00000000c0041af0       0xc8 lib/libgeneric.o
                0x00000000c0041af0                hcreate_r
 .text.match_string
                0x00000000c0041bb8       0x88 lib/libgeneric.o
 .text.hexport_r
                0x00000000c0041c40      0x3d4 lib/libgeneric.o
                0x00000000c0041c40                hexport_r
 .text.hsearch_r
                0x00000000c0042014      0x54c lib/libgeneric.o
                0x00000000c0042014                hsearch_r
 .text.hdelete_r
                0x00000000c0042560      0x134 lib/libgeneric.o
                0x00000000c0042560                hdelete_r
 .text.himport_r
                0x00000000c0042694      0x3f8 lib/libgeneric.o
                0x00000000c0042694                himport_r
 .text.hmatch_r
                0x00000000c0042a8c      0x10c lib/libgeneric.o
                0x00000000c0042a8c                hmatch_r
 .text.strim    0x00000000c0042b98       0xa0 lib/libgeneric.o
                0x00000000c0042b98                strim
 .text.string_to_ip
                0x00000000c0042c38       0xb4 lib/libgeneric.o
                0x00000000c0042c38                string_to_ip
 .text.qsort    0x00000000c0042cec      0x1a8 lib/libgeneric.o
                0x00000000c0042cec                qsort
 .text.strcmp_compar
                0x00000000c0042e94       0x1c lib/libgeneric.o
                0x00000000c0042e94                strcmp_compar
 .text.strcpy   0x00000000c0042eb0       0x20 lib/libgeneric.o
                0x00000000c0042eb0                strcpy
 .text.strncpy  0x00000000c0042ed0       0x30 lib/libgeneric.o
                0x00000000c0042ed0                strncpy
 .text.strcmp   0x00000000c0042f00       0x30 lib/libgeneric.o
                0x00000000c0042f00                strcmp
 .text.strncmp  0x00000000c0042f30       0x40 lib/libgeneric.o
                0x00000000c0042f30                strncmp
 .text.strchr   0x00000000c0042f70       0x34 lib/libgeneric.o
                0x00000000c0042f70                strchr
 .text.strlen   0x00000000c0042fa4       0x1c lib/libgeneric.o
                0x00000000c0042fa4                strlen
 .text.strnlen  0x00000000c0042fc0       0x2c lib/libgeneric.o
                0x00000000c0042fc0                strnlen
 .text.strpbrk  0x00000000c0042fec       0x38 lib/libgeneric.o
                0x00000000c0042fec                strpbrk
 .text.memset   0x00000000c0043024       0x78 lib/libgeneric.o
                0x00000000c0043024                memset
 .text.memcpy   0x00000000c004309c       0x6c lib/libgeneric.o
                0x00000000c004309c                memcpy
 .text.memmove  0x00000000c0043108       0x74 lib/libgeneric.o
                0x00000000c0043108                memmove
 .text.memcmp   0x00000000c004317c       0x34 lib/libgeneric.o
                0x00000000c004317c                memcmp
 .text.strstr   0x00000000c00431b0       0xc8 lib/libgeneric.o
                0x00000000c00431b0                strstr
 .text.memchr   0x00000000c0043278       0x34 lib/libgeneric.o
                0x00000000c0043278                memchr
 .text.strdup   0x00000000c00432ac       0x80 lib/libgeneric.o
                0x00000000c00432ac                strdup
 .text.udelay   0x00000000c004332c       0x80 lib/libgeneric.o
                0x00000000c004332c                udelay
 .text.mdelay   0x00000000c00433ac       0x64 lib/libgeneric.o
                0x00000000c00433ac                mdelay
 .text.simple_strtoul
                0x00000000c0043410      0x120 lib/libgeneric.o
                0x00000000c0043410                simple_strtoul
 .text.simple_strtol
                0x00000000c0043530       0x58 lib/libgeneric.o
                0x00000000c0043530                simple_strtol
 .text.skip_atoi
                0x00000000c0043588       0x44 lib/libgeneric.o
 .text.simple_itoa
                0x00000000c00435cc       0x74 lib/libgeneric.o
                0x00000000c00435cc                simple_itoa
 .text.panic    0x00000000c0043640       0x84 lib/libgeneric.o
                0x00000000c0043640                panic
 .text.put_dec  0x00000000c00436c4      0x368 lib/libgeneric.o
 .text.number   0x00000000c0043a2c      0x288 lib/libgeneric.o
 .text.vsprintf
                0x00000000c0043cb4      0x594 lib/libgeneric.o
                0x00000000c0043cb4                vsprintf
 .text.sprintf  0x00000000c0044248       0x54 lib/libgeneric.o
                0x00000000c0044248                sprintf
 .text.simple_strtoull
                0x00000000c004429c      0x198 lib/libgeneric.o
                0x00000000c004429c                simple_strtoull
 .text.strict_strtoul
                0x00000000c0044434       0xc4 lib/libgeneric.o
                0x00000000c0044434                strict_strtoul
 .text.board_type_2_memory_type
                0x00000000c00444f8       0x18 board/juniper/srx_siege_stage2/libsrx_siege_stage2.o
                0x00000000c00444f8                board_type_2_memory_type
 .text.is_valid_board_type
                0x00000000c0044510       0xc4 board/juniper/srx_siege_stage2/libsrx_siege_stage2.o
                0x00000000c0044510                is_valid_board_type
 .text.late_board_init
                0x00000000c00445d4       0xa0 board/juniper/srx_siege_stage2/libsrx_siege_stage2.o
                0x00000000c00445d4                late_board_init
 .text.early_board_init
                0x00000000c0044674      0x220 board/juniper/srx_siege_stage2/libsrx_siege_stage2.o
                0x00000000c0044674                early_board_init
 *(.data_in_text.*)
                0x00000000c0000000                uboot_start = _start
                0x00000000c00448a0                _gp = ALIGN (0x10)
                0x00000000c00448a0                . = ALIGN (0x10)
                0x00000000c00448a0                __got_start = .

.got            0x00000000c00448a0     0x1308
 *(.got)
 .got           0x00000000c00448a0     0x1308 arch/mips/cpu/octeon/start.o
                0x00000000c00448a0                _GLOBAL_OFFSET_TABLE_
                0x00000000c0045ba8                __got_end = .
                0x00000000c0045ba8                . = ALIGN (0x8)

.rodata         0x00000000c0045bb0    0x11bc0
 *(.rodata)
 .rodata        0x00000000c0045bb0      0x110 common/libcommon.o
 .rodata        0x00000000c0045cc0      0xf38 board/juniper/srx_siege_stage2/libsrx_siege_stage2.o
                0x00000000c0046bf4                __dtb_end
                0x00000000c0045cc0                __dtb_begin
 *fill*         0x00000000c0046bf8        0x8 00
 .rodata        0x00000000c0046c00      0x100 /homes/markli/u-boot-siege-git/u-boot/gcc_depends/n32/libgcc.a(_clz.o)
                0x00000000c0046c00                __clz_tab
 *(.rodata.str*)
 .rodata.str1.8
                0x00000000c0046d00     0x3b4a arch/mips/cpu/octeon/cvmx/libcvmx.o
                                       0x3c20 (size before relaxing)
 *fill*         0x00000000c004a84a        0x6 00
 .rodata.str1.8
                0x00000000c004a850     0x712a arch/mips/cpu/octeon/libocteon.o
                                       0x81b0 (size before relaxing)
 *fill*         0x00000000c005197a        0x6 00
 .rodata.str1.8
                0x00000000c0051980      0x793 arch/mips/lib/libmips.o
                                       0x17d0 (size before relaxing)
 *fill*         0x00000000c0052113        0x5 00
 .rodata.str1.8
                0x00000000c0052118      0x11e board/octeon/common/libocteon.o
                                       0x10a8 (size before relaxing)
 *fill*         0x00000000c0052236        0x2 00
 .rodata.str1.8
                0x00000000c0052238     0x3999 common/libcommon.o
                                       0x3c48 (size before relaxing)
 *fill*         0x00000000c0055bd1        0x7 00
 .rodata.str1.8
                0x00000000c0055bd8       0x1b drivers/gpio/libgpio.o
                                         0x40 (size before relaxing)
 *fill*         0x00000000c0055bf3        0x5 00
 .rodata.str1.8
                0x00000000c0055bf8      0x165 drivers/i2c/libi2c.o
                                        0x168 (size before relaxing)
 *fill*         0x00000000c0055d5d        0x3 00
 .rodata.str1.8
                0x00000000c0055d60      0x330 drivers/mtd/spi/libspi_flash.o
                                        0x350 (size before relaxing)
 .rodata.str1.8
                0x00000000c0056090       0x60 drivers/serial/libserial.o
                                         0xb8 (size before relaxing)
 .rodata.str1.8
                0x00000000c00560f0       0x5c drivers/spi/libspi.o
                                         0x60 (size before relaxing)
 *fill*         0x00000000c005614c        0x4 00
 .rodata.str1.8
                0x00000000c0056150      0x122 lib/libfdt/libfdt.o
                                        0x168 (size before relaxing)
 *fill*         0x00000000c0056272        0x6 00
 .rodata.str1.8
                0x00000000c0056278      0x69e lib/libgeneric.o
                                        0x720 (size before relaxing)
 *fill*         0x00000000c0056916        0x2 00
 .rodata.str1.8
                0x00000000c0056918      0x140 board/juniper/srx_siege_stage2/libsrx_siege_stage2.o
                                        0x158 (size before relaxing)
 *(.rodata.*)
 .rodata.__func__.137772
                0x00000000c0056a58       0x20 arch/mips/cpu/octeon/cvmx/libcvmx.o
 .rodata.__func__.137396
                0x00000000c0056a78       0x18 arch/mips/cpu/octeon/cvmx/libcvmx.o
 .rodata._cvmx_bootvector_data
                0x00000000c0056a90       0x80 arch/mips/cpu/octeon/cvmx/libcvmx.o
 .rodata.__func__.137224
                0x00000000c0056b10       0x18 arch/mips/cpu/octeon/cvmx/libcvmx.o
 .rodata.__func__.138625
                0x00000000c0056b28       0x18 arch/mips/cpu/octeon/cvmx/libcvmx.o
 .rodata.__func__.138583
                0x00000000c0056b40       0x18 arch/mips/cpu/octeon/cvmx/libcvmx.o
 .rodata.__func__.138134
                0x00000000c0056b58       0x18 arch/mips/cpu/octeon/cvmx/libcvmx.o
 .rodata.octeon_model_get_string_buffer
                0x00000000c0056b70       0xc0 arch/mips/cpu/octeon/cvmx/libcvmx.o
 .rodata.disable_odt_config
                0x00000000c0056c30       0xe0 arch/mips/cpu/octeon/libocteon.o
                0x00000000c0056c30                disable_odt_config
 .rodata.__func__.139264
                0x00000000c0056d10       0x20 arch/mips/cpu/octeon/libocteon.o
 .rodata._en.144202
                0x00000000c0056d30       0x28 arch/mips/cpu/octeon/libocteon.o
 .rodata._en.144152
                0x00000000c0056d58       0x28 arch/mips/cpu/octeon/libocteon.o
 .rodata._en.144113
                0x00000000c0056d80       0x20 arch/mips/cpu/octeon/libocteon.o
 .rodata._en.144078
                0x00000000c0056da0       0x20 arch/mips/cpu/octeon/libocteon.o
 .rodata.dic_ohms.142533
                0x00000000c0056dc0        0x8 arch/mips/cpu/octeon/libocteon.o
 .rodata.rtt_wr_ohms.142532
                0x00000000c0056dc8        0x8 arch/mips/cpu/octeon/libocteon.o
 .rodata.rtt_nom_table.142531
                0x00000000c0056dd0        0x8 arch/mips/cpu/octeon/libocteon.o
 .rodata.rtt_nom_ohms.142530
                0x00000000c0056dd8        0x8 arch/mips/cpu/octeon/libocteon.o
 .rodata.rodt_ohms.142529
                0x00000000c0056de0        0x8 arch/mips/cpu/octeon/libocteon.o
 .rodata.dic_ohms.142444
                0x00000000c0056de8        0x8 arch/mips/cpu/octeon/libocteon.o
 .rodata.rtt_wr_ohms.142443
                0x00000000c0056df0        0x8 arch/mips/cpu/octeon/libocteon.o
 .rodata.rtt_nom_ohms.142442
                0x00000000c0056df8        0x8 arch/mips/cpu/octeon/libocteon.o
 .rodata.__func__.142251
                0x00000000c0056e00       0x20 arch/mips/cpu/octeon/libocteon.o
 .rodata.test_pattern
                0x00000000c0056e20      0x100 arch/mips/cpu/octeon/libocteon.o
 .rodata.__func__.142227
                0x00000000c0056f20       0x20 arch/mips/cpu/octeon/libocteon.o
 .rodata.__func__.139604
                0x00000000c0056f40       0x10 arch/mips/cpu/octeon/libocteon.o
 .rodata.__func__.139570
                0x00000000c0056f50       0x20 arch/mips/cpu/octeon/libocteon.o
 .rodata.__func__.138833
                0x00000000c0056f70       0x18 arch/mips/cpu/octeon/libocteon.o
 .rodata.__func__.137963
                0x00000000c0056f88       0x18 arch/mips/cpu/octeon/libocteon.o
 .rodata.C.206.140686
                0x00000000c0056fa0       0x80 arch/mips/cpu/octeon/libocteon.o
 .rodata.__func__.140608
                0x00000000c0057020       0x20 arch/mips/cpu/octeon/libocteon.o
 .rodata.__func__.140592
                0x00000000c0057040       0x18 arch/mips/cpu/octeon/libocteon.o
 .rodata.C.125.139839
                0x00000000c0057058       0x10 arch/mips/cpu/octeon/libocteon.o
 .rodata.__func__.138741
                0x00000000c0057068       0x28 arch/mips/cpu/octeon/libocteon.o
 .rodata.__func__.137810
                0x00000000c0057090       0x28 arch/mips/cpu/octeon/libocteon.o
 .rodata.C.125.137828
                0x00000000c00570b8       0x10 arch/mips/cpu/octeon/libocteon.o
 .rodata.__func__.140825
                0x00000000c00570c8       0x20 arch/mips/cpu/octeon/libocteon.o
 .rodata.sha1_padding
                0x00000000c00570e8       0x40 arch/mips/cpu/octeon/libocteon.o
 .rodata.version_string
                0x00000000c0057128       0x40 arch/mips/lib/libmips.o
                0x00000000c0057128                version_string
 .rodata.__func__.141505
                0x00000000c0057168       0x18 arch/mips/lib/libmips.o
 .rodata._en.137293
                0x00000000c0057180       0x20 board/octeon/common/libocteon.o
 .rodata.do_fdt
                0x00000000c00571a0       0x24 common/libcommon.o
 *fill*         0x00000000c00571c4        0x4 00
 .rodata.__func__.4605
                0x00000000c00571c8       0x10 common/libcommon.o
 .rodata.__func__.4551
                0x00000000c00571d8       0x10 common/libcommon.o
 .rodata.delims.4159
                0x00000000c00571e8        0x8 common/libcommon.o
 .rodata.default_environment
                0x00000000c00571f0       0x88 common/libcommon.o
                0x00000000c00571f0                default_environment
 .rodata.__func__.4294
                0x00000000c0057278       0x10 common/libcommon.o
 .rodata.env_flags_varaccess_mask
                0x00000000c0057288       0x10 common/libcommon.o
 .rodata.env_flags_vartype_rep
                0x00000000c0057298        0x8 common/libcommon.o
 .rodata.env_flags_varaccess_rep
                0x00000000c00572a0        0x8 common/libcommon.o
 .rodata.__FUNCTION__.5181
                0x00000000c00572a8       0x18 common/libcommon.o
 .rodata.readline_into_buffer
                0x00000000c00572c0       0x20 common/libcommon.o
 .rodata.erase_seq
                0x00000000c00572e0        0x8 common/libcommon.o
 .rodata.tab_seq
                0x00000000c00572e8       0x10 common/libcommon.o
 .rodata.srec_decode
                0x00000000c00572f8       0x28 common/libcommon.o
 .rodata.xyzModem_error
                0x00000000c0057320       0x20 common/libcommon.o
 .rodata.__func__.137023
                0x00000000c0057340       0x10 drivers/gpio/libgpio.o
 .rodata.__func__.137060
                0x00000000c0057350       0x18 drivers/gpio/libgpio.o
 .rodata.__func__.137552
                0x00000000c0057368       0x18 drivers/i2c/libi2c.o
 .rodata.__func__.137937
                0x00000000c0057380       0x18 drivers/i2c/libi2c.o
 .rodata.__func__.137907
                0x00000000c0057398       0x10 drivers/i2c/libi2c.o
 .rodata.__func__.137860
                0x00000000c00573a8       0x18 drivers/i2c/libi2c.o
 .rodata.__func__.137750
                0x00000000c00573c0       0x18 drivers/i2c/libi2c.o
 .rodata.__func__.137676
                0x00000000c00573d8       0x18 drivers/i2c/libi2c.o
 .rodata.__func__.137704
                0x00000000c00573f0       0x10 drivers/i2c/libi2c.o
 .rodata.baudrate_table
                0x00000000c0057400       0x20 drivers/serial/libserial.o
 .rodata.__func__.137608
                0x00000000c0057420       0x10 drivers/spi/libspi.o
 .rodata.fdt_next_tag
                0x00000000c0057430       0x24 lib/libfdt/libfdt.o
 *fill*         0x00000000c0057454        0x4 00
 .rodata.crc16_tab
                0x00000000c0057458      0x200 lib/libgeneric.o
 .rodata._ctype
                0x00000000c0057658      0x100 lib/libgeneric.o
                0x00000000c0057658                _ctype
 .rodata.names.137386
                0x00000000c0057758        0x8 lib/libgeneric.o
 .rodata.digits.4336
                0x00000000c0057760       0x10 lib/libgeneric.o
                0x00000000c0057770                . = ALIGN (0x8)

.data           0x00000000c0057780     0x60b8
 *(.data)
 *(.data.*)
 .data.rel.ro.local.octeon_board_ddr_config_table
                0x00000000c0057780     0x4cb0 arch/mips/cpu/octeon/libocteon.o
                0x00000000c0057780                octeon_board_ddr_config_table
 .data.rel.ro.local.wl_status_strings.142652
                0x00000000c005c430       0x10 arch/mips/cpu/octeon/libocteon.o
 .data.rel.ro.local.strength_str.142468
                0x00000000c005c440       0x20 arch/mips/cpu/octeon/libocteon.o
 .data.rel.local.ddr3_dimm_types
                0x00000000c005c460       0x40 arch/mips/cpu/octeon/libocteon.o
 .data.rel.local._70xx_ddr4_impedence_values
                0x00000000c005c4a0       0x18 arch/mips/cpu/octeon/libocteon.o
 .data.rel.local._70xx_ddr3_impedence_values
                0x00000000c005c4b8       0x18 arch/mips/cpu/octeon/libocteon.o
 .data.rel.ro.local.wl_status_strings.140294
                0x00000000c005c4d0       0x10 arch/mips/cpu/octeon/libocteon.o
 .data.rel.local.ddr4_dimm_types
                0x00000000c005c4e0       0x40 arch/mips/cpu/octeon/libocteon.o
 .data.juniper_srx_siege_4gb_spd_values
                0x00000000c005c520      0x100 arch/mips/cpu/octeon/libocteon.o
 .data._70xx_ddr4_rodt_ohms
                0x00000000c005c620        0x8 arch/mips/cpu/octeon/libocteon.o
 .data._70xx_ddr4_rtt_nom_ohms
                0x00000000c005c628        0x8 arch/mips/cpu/octeon/libocteon.o
 .data._70xx_ddr4_rtt_nom_table
                0x00000000c005c630        0x8 arch/mips/cpu/octeon/libocteon.o
 .data._70xx_ddr4_rtt_wr_ohms
                0x00000000c005c638        0x8 arch/mips/cpu/octeon/libocteon.o
 .data._70xx_ddr4_dic_ohms
                0x00000000c005c640        0x8 arch/mips/cpu/octeon/libocteon.o
 .data._70xx_ddr4_drive_strength
                0x00000000c005c648       0x20 arch/mips/cpu/octeon/libocteon.o
 .data._70xx_ddr3_rodt_ohms
                0x00000000c005c668        0x8 arch/mips/cpu/octeon/libocteon.o
 .data._70xx_ddr3_rtt_nom_ohms
                0x00000000c005c670        0x8 arch/mips/cpu/octeon/libocteon.o
 .data._70xx_ddr3_rtt_nom_table
                0x00000000c005c678        0x8 arch/mips/cpu/octeon/libocteon.o
 .data._70xx_ddr3_rtt_wr_ohms
                0x00000000c005c680        0x8 arch/mips/cpu/octeon/libocteon.o
 .data._70xx_ddr3_dic_ohms
                0x00000000c005c688        0x8 arch/mips/cpu/octeon/libocteon.o
 .data._70xx_ddr3_drive_strength
                0x00000000c005c690       0x20 arch/mips/cpu/octeon/libocteon.o
 .data.rel.init_sequence
                0x00000000c005c6b0       0x60 arch/mips/lib/libmips.o
                0x00000000c005c6b0                init_sequence
 .data.root.138101
                0x00000000c005c710        0x8 common/libcommon.o
 .data.tabs.138389
                0x00000000c005c718       0x28 common/libcommon.o
 .data.fdt_help_text
                0x00000000c005c740      0x5e8 common/libcommon.o
 .data.do_echo  0x00000000c005cd28        0x4 common/libcommon.o
 .data.env_id   0x00000000c005cd2c        0x4 common/libcommon.o
 *fill*         0x00000000c005cd30       0x10 00
 .data.rel.cmd_env_sub
                0x00000000c005cd40       0xe0 common/libcommon.o
 .data.env_help_text
                0x00000000c005ce20      0x1d8 common/libcommon.o
 .data.trim_threshold
                0x00000000c005cff8        0x4 common/libcommon.o
 *fill*         0x00000000c005cffc        0x4 00
 .data.rel.local.av_
                0x00000000c005d000      0x408 common/libcommon.o
 .data.sbrk_base
                0x00000000c005d408        0x4 common/libcommon.o
 *fill*         0x00000000c005d40c        0x4 00
 .data.rel.env_htab
                0x00000000c005d410       0x10 common/libcommon.o
                0x00000000c005d410                env_htab
 .data.rel.hash_algo
                0x00000000c005d420       0x20 common/libcommon.o
 .data.load_addr